START_HEAD=0c877c7495dfe5db8b83f033442013c6d6fd8552
START_UTC=2026-09-21T03:29:35Z
warning: The `tool.uv.dev-dependencies` field (used in `packages/openpi-client/pyproject.toml`) is deprecated and will be removed in a future release; use `dependency-groups.dev` instead
max_token_len: 64
[samples] 100 个已 dump，用时 5.3s
[samples] 200 个已 dump，用时 10.5s
[samples] 300 个已 dump，用时 15.8s
[samples] 400 个已 dump，用时 21.0s
[samples] 500 个已 dump，用时 26.2s
[samples] 600 个已 dump，用时 31.4s
[samples] 700 个已 dump，用时 36.7s
[samples] 800 个已 dump，用时 41.9s
[samples] 900 个已 dump，用时 47.1s
[samples] 1000 个已 dump，用时 52.3s
[samples] 1100 个已 dump，用时 57.6s
[samples] 1200 个已 dump，用时 62.8s
[samples] 1300 个已 dump，用时 68.0s
[samples] 1400 个已 dump，用时 73.2s
[samples] 1500 个已 dump，用时 78.5s
[samples] 1600 个已 dump，用时 83.7s
[samples] 1700 个已 dump，用时 88.9s
[samples] 1800 个已 dump，用时 94.2s
[samples] 1900 个已 dump，用时 99.4s
[samples] 2000 个已 dump，用时 104.6s
[samples] 2100 个已 dump，用时 109.9s
[samples] 2200 个已 dump，用时 115.1s
[samples] 2300 个已 dump，用时 120.3s
[samples] 2400 个已 dump，用时 125.6s
[samples] 2500 个已 dump，用时 130.8s
[samples] 2600 个已 dump，用时 136.1s
[samples] 2700 个已 dump，用时 141.3s
[samples] 2800 个已 dump，用时 146.6s
[samples] 2900 个已 dump，用时 151.9s
[samples] 3000 个已 dump，用时 157.1s
[samples] 完成 3000 个，用时 157.1s
[batches] 20 个已 dump，用时 5.3s
[batches] 40 个已 dump，用时 10.4s
[batches] 60 个已 dump，用时 15.6s
[batches] 80 个已 dump，用时 20.8s
[batches] 100 个已 dump，用时 26.0s
[batches] 120 个已 dump，用时 31.1s
[batches] 140 个已 dump，用时 36.2s
[batches] 160 个已 dump，用时 41.4s
[batches] 180 个已 dump，用时 46.6s
[batches] 200 个已 dump，用时 51.7s
[batches] 完成 200 个，用时 51.7s
DUMP_DONE samples=3000 batches=200 out=/scratch/hongze/robomme_policy_learning_MotionJEPA/v1-store/bench/m2048/m2048-dump-cand-32x16

EXIT_CODE=0
