warning: The `tool.uv.dev-dependencies` field (used in `packages/openpi-client/pyproject.toml`) is deprecated and will be removed in a future release; use `dependency-groups.dev` instead
CAND_SOURCE=PASS stage=v1 head=c0be292c40c4a971161e7233540f4dc5c0c1c7cc clean=1 pid=4179674
warning: The `tool.uv.dev-dependencies` field (used in `packages/openpi-client/pyproject.toml`) is deprecated and will be removed in a future release; use `dependency-groups.dev` instead
max_token_len: 64
[samples] 100 个已 dump，用时 8.5s
[samples] 200 个已 dump，用时 16.9s
[samples] 300 个已 dump，用时 25.1s
[samples] 400 个已 dump，用时 33.2s
[samples] 500 个已 dump，用时 41.9s
[samples] 600 个已 dump，用时 50.6s
[samples] 700 个已 dump，用时 58.7s
[samples] 800 个已 dump，用时 67.1s
[samples] 900 个已 dump，用时 75.4s
[samples] 1000 个已 dump，用时 83.6s
[samples] 1100 个已 dump，用时 92.0s
[samples] 1200 个已 dump，用时 100.3s
[samples] 1300 个已 dump，用时 108.5s
[samples] 1400 个已 dump，用时 116.8s
[samples] 1500 个已 dump，用时 125.1s
[samples] 1600 个已 dump，用时 133.4s
[samples] 1700 个已 dump，用时 141.7s
[samples] 1800 个已 dump，用时 150.0s
[samples] 1900 个已 dump，用时 158.4s
[samples] 2000 个已 dump，用时 166.7s
[samples] 2100 个已 dump，用时 175.2s
[samples] 2200 个已 dump，用时 183.6s
[samples] 2300 个已 dump，用时 192.1s
[samples] 2400 个已 dump，用时 200.5s
[samples] 2500 个已 dump，用时 208.9s
[samples] 2600 个已 dump，用时 217.3s
[samples] 2700 个已 dump，用时 225.6s
[samples] 2800 个已 dump，用时 233.8s
[samples] 2900 个已 dump，用时 242.1s
[samples] 3000 个已 dump，用时 250.4s
[samples] 3100 个已 dump，用时 258.8s
[samples] 3200 个已 dump，用时 267.1s
[samples] 完成 3200 个，用时 267.1s
[batches] 20 个已 dump，用时 6.1s
[batches] 40 个已 dump，用时 12.3s
[batches] 60 个已 dump，用时 18.3s
[batches] 80 个已 dump，用时 24.3s
[batches] 100 个已 dump，用时 29.9s
[batches] 120 个已 dump，用时 35.1s
[batches] 140 个已 dump，用时 40.2s
[batches] 160 个已 dump，用时 45.4s
[batches] 180 个已 dump，用时 50.6s
[batches] 200 个已 dump，用时 55.7s
[batches] 完成 200 个，用时 55.7s
DUMP_DONE samples=3200 batches=200 out=/scratch/hongze/robomme_policy_learning_MotionJEPA/v1-store/bench/mv2/v1-cand
warning: The `tool.uv.dev-dependencies` field (used in `packages/openpi-client/pyproject.toml`) is deprecated and will be removed in a future release; use `dependency-groups.dev` instead
SOURCE_PAIR=PASS stage=v1 base=2126b1b1c436166662ff89a629985ecd4524fc42 candidate=c0be292c40c4a971161e7233540f4dc5c0c1c7cc
warning: The `tool.uv.dev-dependencies` field (used in `packages/openpi-client/pyproject.toml`) is deprecated and will be removed in a future release; use `dependency-groups.dev` instead
SOURCE_IDENTITY=PASS episodes=400 samples=101066
FRAME_INDEX_EXACT=PASS steps=123044 max_frames=8
SAMPLE_RAW_EXACT=PASS samples=3200 per_step=200 mismatches=0
BATCH_RAW_EXACT=PASS batches=200 mismatches=0
CAND_STAGE_DONE=v1 head=c0be292c40c4a971161e7233540f4dc5c0c1c7cc
END_UTC=2026-09-17T21:02:39Z
EXIT_CODE=0
