warning: The `tool.uv.dev-dependencies` field (used in `packages/openpi-client/pyproject.toml`) is deprecated and will be removed in a future release; use `dependency-groups.dev` instead
max_token_len:  64
====== Using History, Representation Type: perceptual , Integration Type: modulation ======
Perceptual Memory using frame_sampling type

max_token_len:  64
====== Using History, Representation Type: perceptual , Integration Type: modulation ======
Perceptual Memory using frame_sampling type

/scratch/hongze/robomme_policy_learning_MotionJEPA/.venv/lib/python3.11/site-packages/jax/_src/interpreters/mlir.py:1178: UserWarning: Some donated buffers were not usable: ShapedArray(bfloat16[27,1152,4304]), ShapedArray(bfloat16[27,4304,1152]), ShapedArray(bfloat16[27,1152,16,72]), ShapedArray(bfloat16[27,16,72,1152]), ShapedArray(bfloat16[27,1152,16,72]), ShapedArray(bfloat16[27,1152,16,72]), ShapedArray(bfloat16[1152,2048]), ShapedArray(float32[257152,2048]), ShapedArray(float32[1024,3072]), ShapedArray(float32[18,8,256,2048]), ShapedArray(float32[18,8,256,1024]), ShapedArray(float32[18,2,1,2048,256]), ShapedArray(float32[18,2,1,1024,256]), ShapedArray(float32[18,8,2048,256]), ShapedArray(float32[18,8,1024,256]), ShapedArray(float32[18,2,2048,16384]), ShapedArray(float32[18,16384,2048]), ShapedArray(float32[18,2,1024,4096]), ShapedArray(float32[18,4096,1024]), ShapedArray(float32[18,1024,3072]), ShapedArray(float32[18,1024,3072]), ShapedArray(float32[1024,1024]), ShapedArray(float32[1024,1024]).
See an explanation at https://jax.readthedocs.io/en/latest/faq.html#buffer-donation.
  warnings.warn("Some donated buffers were not usable:"
max_token_len:  64
====== Using History, Representation Type: perceptual , Integration Type: modulation ======
Perceptual Memory using frame_sampling type

max_token_len:  64
====== Using History, Representation Type: perceptual , Integration Type: modulation ======
Perceptual Memory using frame_sampling type

/scratch/hongze/robomme_policy_learning_MotionJEPA/.venv/lib/python3.11/site-packages/jax/_src/interpreters/mlir.py:1178: UserWarning: Some donated buffers were not usable: ShapedArray(bfloat16[27,1152,4304]), ShapedArray(bfloat16[27,4304,1152]), ShapedArray(bfloat16[27,1152,16,72]), ShapedArray(bfloat16[27,16,72,1152]), ShapedArray(bfloat16[27,1152,16,72]), ShapedArray(bfloat16[27,1152,16,72]), ShapedArray(bfloat16[1152,2048]), ShapedArray(float32[257152,2048]), ShapedArray(float32[1024,3072]), ShapedArray(float32[18,8,256,2048]), ShapedArray(float32[18,8,256,1024]), ShapedArray(float32[18,2,1,2048,256]), ShapedArray(float32[18,2,1,1024,256]), ShapedArray(float32[18,8,2048,256]), ShapedArray(float32[18,8,1024,256]), ShapedArray(float32[18,2,2048,16384]), ShapedArray(float32[18,16384,2048]), ShapedArray(float32[18,2,1024,4096]), ShapedArray(float32[18,4096,1024]), ShapedArray(float32[18,1024,3072]), ShapedArray(float32[18,1024,3072]), ShapedArray(float32[1024,1024]), ShapedArray(float32[1024,1024]).
See an explanation at https://jax.readthedocs.io/en/latest/faq.html#buffer-donation.
  warnings.warn("Some donated buffers were not usable:"
INIT_SAME=PASS baseline=2048 budget=4096 leaves=61 mismatches=0 shape_mismatch=0
EXIT_CODE=0
