START_HEAD=0c877c7495dfe5db8b83f033442013c6d6fd8552
START_UTC=2026-09-21T04:09:20Z
warning: The `tool.uv.dev-dependencies` field (used in `packages/openpi-client/pyproject.toml`) is deprecated and will be removed in a future release; use `dependency-groups.dev` instead
max_token_len: 64
[samples] 100 个已 dump，用时 24.0s
[samples] 200 个已 dump，用时 48.7s
[samples] 300 个已 dump，用时 72.6s
[samples] 400 个已 dump，用时 96.6s
[samples] 500 个已 dump，用时 120.5s
[samples] 600 个已 dump，用时 144.3s
[samples] 700 个已 dump，用时 168.8s
[samples] 800 个已 dump，用时 193.2s
[samples] 900 个已 dump，用时 216.9s
[samples] 1000 个已 dump，用时 241.0s
[samples] 1100 个已 dump，用时 265.3s
[samples] 1200 个已 dump，用时 289.6s
[samples] 1300 个已 dump，用时 314.0s
[samples] 1400 个已 dump，用时 338.3s
[samples] 1500 个已 dump，用时 362.8s
[samples] 1600 个已 dump，用时 387.1s
[samples] 1700 个已 dump，用时 411.6s
[samples] 1800 个已 dump，用时 436.0s
[samples] 1900 个已 dump，用时 460.4s
[samples] 2000 个已 dump，用时 484.7s
[samples] 2100 个已 dump，用时 510.0s
[samples] 2200 个已 dump，用时 535.2s
[samples] 2300 个已 dump，用时 560.5s
[samples] 2400 个已 dump，用时 585.6s
[samples] 2500 个已 dump，用时 610.5s
[samples] 2600 个已 dump，用时 635.5s
[samples] 2700 个已 dump，用时 660.4s
[samples] 2800 个已 dump，用时 685.3s
[samples] 2900 个已 dump，用时 710.3s
[samples] 3000 个已 dump，用时 735.3s
[samples] 完成 3000 个，用时 735.3s
[batches] 20 个已 dump，用时 21.6s
[batches] 40 个已 dump，用时 43.2s
[batches] 60 个已 dump，用时 64.9s
[batches] 80 个已 dump，用时 86.5s
[batches] 100 个已 dump，用时 108.0s
[batches] 120 个已 dump，用时 129.6s
[batches] 140 个已 dump，用时 151.2s
[batches] 160 个已 dump，用时 172.8s
[batches] 180 个已 dump，用时 194.4s
[batches] 200 个已 dump，用时 215.9s
[batches] 完成 200 个，用时 215.9s
DUMP_DONE samples=3000 batches=200 out=/scratch/hongze/robomme_policy_learning_MotionJEPA/v1-store/bench/m2048/m2048-dump-refnpy

EXIT_CODE=0
