warning: The `tool.uv.dev-dependencies` field (used in `packages/openpi-client/pyproject.toml`) is deprecated and will be removed in a future release; use `dependency-groups.dev` instead
BASE_SOURCE=PASS stage=v1 head=2126b1b1c436166662ff89a629985ecd4524fc42 clean=1 pid=4109959
warning: The `tool.uv.dev-dependencies` field (used in `packages/openpi-client/pyproject.toml`) is deprecated and will be removed in a future release; use `dependency-groups.dev` instead
max_token_len: 64
[samples] 100 个已 dump，用时 8.5s
[samples] 200 个已 dump，用时 17.0s
[samples] 300 个已 dump，用时 25.4s
[samples] 400 个已 dump，用时 33.8s
[samples] 500 个已 dump，用时 42.5s
[samples] 600 个已 dump，用时 50.9s
[samples] 700 个已 dump，用时 59.1s
[samples] 800 个已 dump，用时 67.4s
[samples] 900 个已 dump，用时 75.6s
[samples] 1000 个已 dump，用时 83.9s
[samples] 1100 个已 dump，用时 92.3s
[samples] 1200 个已 dump，用时 100.7s
[samples] 1300 个已 dump，用时 109.1s
[samples] 1400 个已 dump，用时 117.6s
[samples] 1500 个已 dump，用时 126.1s
[samples] 1600 个已 dump，用时 134.5s
[samples] 1700 个已 dump，用时 143.0s
[samples] 1800 个已 dump，用时 151.5s
[samples] 1900 个已 dump，用时 159.9s
[samples] 2000 个已 dump，用时 168.4s
[samples] 2100 个已 dump，用时 177.0s
[samples] 2200 个已 dump，用时 185.3s
[samples] 2300 个已 dump，用时 193.7s
[samples] 2400 个已 dump，用时 202.1s
[samples] 2500 个已 dump，用时 210.6s
[samples] 2600 个已 dump，用时 219.0s
[samples] 2700 个已 dump，用时 227.5s
[samples] 2800 个已 dump，用时 235.9s
[samples] 2900 个已 dump，用时 244.1s
[samples] 3000 个已 dump，用时 252.5s
[samples] 3100 个已 dump，用时 260.8s
[samples] 3200 个已 dump，用时 269.2s
[samples] 完成 3200 个，用时 269.2s
[batches] 20 个已 dump，用时 6.0s
[batches] 40 个已 dump，用时 12.0s
[batches] 60 个已 dump，用时 17.9s
[batches] 80 个已 dump，用时 23.9s
[batches] 100 个已 dump，用时 29.9s
[batches] 120 个已 dump，用时 35.9s
[batches] 140 个已 dump，用时 41.8s
[batches] 160 个已 dump，用时 47.6s
[batches] 180 个已 dump，用时 52.8s
[batches] 200 个已 dump，用时 58.0s
[batches] 完成 200 个，用时 58.0s
DUMP_DONE samples=3200 batches=200 out=/scratch/hongze/robomme_policy_learning_MotionJEPA/v1-store/bench/mv2/v1-base
BASE_STAGE_DONE=v1 head=2126b1b1c436166662ff89a629985ecd4524fc42
END_UTC=2026-09-17T19:33:38Z
EXIT_CODE=0
