START_HEAD=099578174e698f5b437d2a26612ba16006f47112
START_UTC=2026-09-14T03:52:26Z
FIXTURE_START profile=c32 side=ref impl=packed head=99faacb1319adfc63c0cf9a15187e24c34e38fd1
warning: The `tool.uv.dev-dependencies` field (used in `packages/openpi-client/pyproject.toml`) is deprecated and will be removed in a future release; use `dependency-groups.dev` instead
max_token_len: 64
[samples] 100 个已 dump，用时 8.0s
[samples] 200 个已 dump，用时 16.2s
[samples] 300 个已 dump，用时 24.8s
[samples] 400 个已 dump，用时 33.4s
[samples] 500 个已 dump，用时 42.0s
[samples] 600 个已 dump，用时 50.9s
[samples] 700 个已 dump，用时 59.5s
[samples] 800 个已 dump，用时 68.2s
[samples] 900 个已 dump，用时 77.0s
[samples] 1000 个已 dump，用时 85.6s
[samples] 1100 个已 dump，用时 94.2s
[samples] 1200 个已 dump，用时 102.7s
[samples] 1300 个已 dump，用时 111.4s
[samples] 1400 个已 dump，用时 119.9s
[samples] 1500 个已 dump，用时 128.5s
[samples] 1600 个已 dump，用时 137.1s
[samples] 1700 个已 dump，用时 145.6s
[samples] 1800 个已 dump，用时 153.9s
[samples] 1900 个已 dump，用时 162.3s
[samples] 2000 个已 dump，用时 170.6s
[samples] 2100 个已 dump，用时 179.0s
[samples] 2200 个已 dump，用时 187.3s
[samples] 2300 个已 dump，用时 195.7s
[samples] 2400 个已 dump，用时 204.1s
[samples] 2500 个已 dump，用时 212.4s
[samples] 2600 个已 dump，用时 220.8s
[samples] 2700 个已 dump，用时 229.3s
[samples] 2800 个已 dump，用时 237.7s
[samples] 2900 个已 dump，用时 246.1s
[samples] 3000 个已 dump，用时 254.6s
[samples] 完成 3000 个，用时 254.6s
[batches] 20 个已 dump，用时 5.2s
[batches] 40 个已 dump，用时 10.3s
[batches] 60 个已 dump，用时 15.4s
[batches] 80 个已 dump，用时 20.6s
[batches] 100 个已 dump，用时 25.7s
[batches] 120 个已 dump，用时 30.8s
[batches] 140 个已 dump，用时 36.0s
[batches] 160 个已 dump，用时 41.1s
[batches] 180 个已 dump，用时 46.3s
[batches] 200 个已 dump，用时 51.5s
[batches] 完成 200 个，用时 51.5s
DUMP_DONE samples=3000 batches=200 out=/scratch/hongze/robomme_policy_learning_MotionJEPA/v1-store/fixtures/8x8/400ep/ref-c32
FIXTURE_START profile=c32 side=cand impl=packed head=df7e5307c0fef8266b5a1d35f3ce636d68778d18
warning: The `tool.uv.dev-dependencies` field (used in `packages/openpi-client/pyproject.toml`) is deprecated and will be removed in a future release; use `dependency-groups.dev` instead
max_token_len: 64
[samples] 100 个已 dump，用时 8.9s
[samples] 200 个已 dump，用时 17.6s
[samples] 300 个已 dump，用时 26.2s
[samples] 400 个已 dump，用时 34.8s
[samples] 500 个已 dump，用时 43.2s
[samples] 600 个已 dump，用时 51.7s
[samples] 700 个已 dump，用时 60.0s
[samples] 800 个已 dump，用时 68.3s
[samples] 900 个已 dump，用时 76.6s
[samples] 1000 个已 dump，用时 85.0s
[samples] 1100 个已 dump，用时 93.4s
[samples] 1200 个已 dump，用时 101.9s
[samples] 1300 个已 dump，用时 110.4s
[samples] 1400 个已 dump，用时 119.0s
[samples] 1500 个已 dump，用时 127.5s
[samples] 1600 个已 dump，用时 136.0s
[samples] 1700 个已 dump，用时 144.5s
[samples] 1800 个已 dump，用时 153.0s
[samples] 1900 个已 dump，用时 161.5s
[samples] 2000 个已 dump，用时 170.0s
[samples] 2100 个已 dump，用时 178.6s
[samples] 2200 个已 dump，用时 187.4s
[samples] 2300 个已 dump，用时 196.0s
[samples] 2400 个已 dump，用时 204.4s
[samples] 2500 个已 dump，用时 213.0s
[samples] 2600 个已 dump，用时 221.5s
[samples] 2700 个已 dump，用时 230.0s
[samples] 2800 个已 dump，用时 238.2s
[samples] 2900 个已 dump，用时 246.7s
[samples] 3000 个已 dump，用时 255.2s
[samples] 完成 3000 个，用时 255.2s
[batches] 20 个已 dump，用时 6.5s
[batches] 40 个已 dump，用时 12.3s
[batches] 60 个已 dump，用时 18.6s
[batches] 80 个已 dump，用时 24.0s
[batches] 100 个已 dump，用时 29.3s
[batches] 120 个已 dump，用时 34.5s
[batches] 140 个已 dump，用时 39.9s
[batches] 160 个已 dump，用时 45.0s
[batches] 180 个已 dump，用时 50.5s
[batches] 200 个已 dump，用时 55.9s
[batches] 完成 200 个，用时 55.9s
DUMP_DONE samples=3000 batches=200 out=/scratch/hongze/robomme_policy_learning_MotionJEPA/v1-store/fixtures/8x8/400ep/cand-c32
FIXTURE_COMPARE profile=c32
warning: The `tool.uv.dev-dependencies` field (used in `packages/openpi-client/pyproject.toml`) is deprecated and will be removed in a future release; use `dependency-groups.dev` instead
SOURCE_IDENTITY=PASS episodes=400 samples=101066
FRAME_INDEX_EXACT=PASS steps=123044 max_frames=32
SAMPLE_RAW_EXACT=PASS samples=3000 per_step=200 mismatches=0
BATCH_RAW_EXACT=PASS batches=200 mismatches=0
FIXTURE_400=DONE profile=c32
END_UTC=2026-09-14T04:04:32Z
EXIT_CODE=0
