START_HEAD=099578174e698f5b437d2a26612ba16006f47112
START_UTC=2026-09-14T03:52:26Z
FIXTURE_START profile=m8 side=ref impl=refnpy head=99faacb1319adfc63c0cf9a15187e24c34e38fd1
warning: The `tool.uv.dev-dependencies` field (used in `packages/openpi-client/pyproject.toml`) is deprecated and will be removed in a future release; use `dependency-groups.dev` instead
max_token_len: 64
[samples] 100 个已 dump，用时 9.0s
[samples] 200 个已 dump，用时 17.9s
[samples] 300 个已 dump，用时 27.0s
[samples] 400 个已 dump，用时 36.3s
[samples] 500 个已 dump，用时 45.8s
[samples] 600 个已 dump，用时 55.4s
[samples] 700 个已 dump，用时 65.2s
[samples] 800 个已 dump，用时 74.9s
[samples] 900 个已 dump，用时 84.7s
[samples] 1000 个已 dump，用时 94.5s
[samples] 1100 个已 dump，用时 104.2s
[samples] 1200 个已 dump，用时 114.0s
[samples] 1300 个已 dump，用时 123.8s
[samples] 1400 个已 dump，用时 133.5s
[samples] 1500 个已 dump，用时 143.0s
[samples] 1600 个已 dump，用时 152.3s
[samples] 1700 个已 dump，用时 161.7s
[samples] 1800 个已 dump，用时 171.1s
[samples] 1900 个已 dump，用时 180.5s
[samples] 2000 个已 dump，用时 189.6s
[samples] 2100 个已 dump，用时 198.6s
[samples] 2200 个已 dump，用时 207.7s
[samples] 2300 个已 dump，用时 217.2s
[samples] 2400 个已 dump，用时 226.8s
[samples] 2500 个已 dump，用时 236.4s
[samples] 2600 个已 dump，用时 245.9s
[samples] 2700 个已 dump，用时 255.5s
[samples] 2800 个已 dump，用时 265.1s
[samples] 2900 个已 dump，用时 274.6s
[samples] 3000 个已 dump，用时 284.1s
[samples] 3100 个已 dump，用时 293.5s
[samples] 3200 个已 dump，用时 303.0s
[samples] 完成 3200 个，用时 303.0s
[batches] 20 个已 dump，用时 6.9s
[batches] 40 个已 dump，用时 13.8s
[batches] 60 个已 dump，用时 20.3s
[batches] 80 个已 dump，用时 26.7s
[batches] 100 个已 dump，用时 33.1s
[batches] 120 个已 dump，用时 39.7s
[batches] 140 个已 dump，用时 46.6s
[batches] 160 个已 dump，用时 53.4s
[batches] 180 个已 dump，用时 60.6s
[batches] 200 个已 dump，用时 67.0s
[batches] 完成 200 个，用时 67.0s
DUMP_DONE samples=3200 batches=200 out=/scratch/hongze/robomme_policy_learning_MotionJEPA/v1-store/fixtures/8x8/400ep/ref-m8
FIXTURE_START profile=m8 side=cand impl=packed head=df7e5307c0fef8266b5a1d35f3ce636d68778d18
warning: The `tool.uv.dev-dependencies` field (used in `packages/openpi-client/pyproject.toml`) is deprecated and will be removed in a future release; use `dependency-groups.dev` instead
max_token_len: 64
[samples] 100 个已 dump，用时 8.9s
[samples] 200 个已 dump，用时 17.8s
[samples] 300 个已 dump，用时 26.8s
[samples] 400 个已 dump，用时 35.9s
[samples] 500 个已 dump，用时 44.8s
[samples] 600 个已 dump，用时 53.7s
[samples] 700 个已 dump，用时 62.7s
[samples] 800 个已 dump，用时 71.8s
[samples] 900 个已 dump，用时 80.8s
[samples] 1000 个已 dump，用时 89.9s
[samples] 1100 个已 dump，用时 99.3s
[samples] 1200 个已 dump，用时 108.5s
[samples] 1300 个已 dump，用时 117.6s
[samples] 1400 个已 dump，用时 126.7s
[samples] 1500 个已 dump，用时 135.8s
[samples] 1600 个已 dump，用时 145.0s
[samples] 1700 个已 dump，用时 154.3s
[samples] 1800 个已 dump，用时 163.7s
[samples] 1900 个已 dump，用时 172.9s
[samples] 2000 个已 dump，用时 182.2s
[samples] 2100 个已 dump，用时 191.4s
[samples] 2200 个已 dump，用时 200.7s
[samples] 2300 个已 dump，用时 210.3s
[samples] 2400 个已 dump，用时 219.9s
[samples] 2500 个已 dump，用时 229.5s
[samples] 2600 个已 dump，用时 238.5s
[samples] 2700 个已 dump，用时 247.4s
[samples] 2800 个已 dump，用时 256.2s
[samples] 2900 个已 dump，用时 265.0s
[samples] 3000 个已 dump，用时 273.8s
[samples] 3100 个已 dump，用时 282.6s
[samples] 3200 个已 dump，用时 291.4s
[samples] 完成 3200 个，用时 291.4s
[batches] 20 个已 dump，用时 5.7s
[batches] 40 个已 dump，用时 11.3s
[batches] 60 个已 dump，用时 16.9s
[batches] 80 个已 dump，用时 22.4s
[batches] 100 个已 dump，用时 27.8s
[batches] 120 个已 dump，用时 33.4s
[batches] 140 个已 dump，用时 38.9s
[batches] 160 个已 dump，用时 44.4s
[batches] 180 个已 dump，用时 49.9s
[batches] 200 个已 dump，用时 55.5s
[batches] 完成 200 个，用时 55.5s
DUMP_DONE samples=3200 batches=200 out=/scratch/hongze/robomme_policy_learning_MotionJEPA/v1-store/fixtures/8x8/400ep/cand-m8
FIXTURE_COMPARE profile=m8
warning: The `tool.uv.dev-dependencies` field (used in `packages/openpi-client/pyproject.toml`) is deprecated and will be removed in a future release; use `dependency-groups.dev` instead
SOURCE_IDENTITY=PASS episodes=400 samples=101066
FRAME_INDEX_EXACT=PASS steps=123044 max_frames=8
SAMPLE_RAW_EXACT=PASS samples=3200 per_step=200 mismatches=0
BATCH_RAW_EXACT=PASS batches=200 mismatches=0
FIXTURE_400=DONE profile=m8
END_UTC=2026-09-14T04:06:07Z
EXIT_CODE=0
