START_HEAD=099578174e698f5b437d2a26612ba16006f47112
START_UTC=2026-09-14T03:52:26Z
FIXTURE_START profile=m32 side=ref impl=packed head=99faacb1319adfc63c0cf9a15187e24c34e38fd1
warning: The `tool.uv.dev-dependencies` field (used in `packages/openpi-client/pyproject.toml`) is deprecated and will be removed in a future release; use `dependency-groups.dev` instead
max_token_len: 64
[samples] 100 个已 dump，用时 8.8s
[samples] 200 个已 dump，用时 17.7s
[samples] 300 个已 dump，用时 26.5s
[samples] 400 个已 dump，用时 35.5s
[samples] 500 个已 dump，用时 45.0s
[samples] 600 个已 dump，用时 54.3s
[samples] 700 个已 dump，用时 63.8s
[samples] 800 个已 dump，用时 73.3s
[samples] 900 个已 dump，用时 82.8s
[samples] 1000 个已 dump，用时 92.3s
[samples] 1100 个已 dump，用时 101.7s
[samples] 1200 个已 dump，用时 111.1s
[samples] 1300 个已 dump，用时 120.6s
[samples] 1400 个已 dump，用时 130.1s
[samples] 1500 个已 dump，用时 139.5s
[samples] 1600 个已 dump，用时 148.6s
[samples] 1700 个已 dump，用时 157.7s
[samples] 1800 个已 dump，用时 166.8s
[samples] 1900 个已 dump，用时 175.9s
[samples] 2000 个已 dump，用时 185.1s
[samples] 2100 个已 dump，用时 194.6s
[samples] 2200 个已 dump，用时 204.1s
[samples] 2300 个已 dump，用时 213.5s
[samples] 2400 个已 dump，用时 223.0s
[samples] 2500 个已 dump，用时 232.4s
[samples] 2600 个已 dump，用时 241.8s
[samples] 2700 个已 dump，用时 251.2s
[samples] 2800 个已 dump，用时 260.7s
[samples] 2900 个已 dump，用时 270.2s
[samples] 3000 个已 dump，用时 279.7s
[samples] 完成 3000 个，用时 279.7s
[batches] 20 个已 dump，用时 6.5s
[batches] 40 个已 dump，用时 13.0s
[batches] 60 个已 dump，用时 19.2s
[batches] 80 个已 dump，用时 25.6s
[batches] 100 个已 dump，用时 31.9s
[batches] 120 个已 dump，用时 38.2s
[batches] 140 个已 dump，用时 44.6s
[batches] 160 个已 dump，用时 51.0s
[batches] 180 个已 dump，用时 57.6s
[batches] 200 个已 dump，用时 64.2s
[batches] 完成 200 个，用时 64.2s
DUMP_DONE samples=3000 batches=200 out=/scratch/hongze/robomme_policy_learning_MotionJEPA/v1-store/fixtures/8x8/400ep/ref-m32
FIXTURE_START profile=m32 side=cand impl=packed head=df7e5307c0fef8266b5a1d35f3ce636d68778d18
warning: The `tool.uv.dev-dependencies` field (used in `packages/openpi-client/pyproject.toml`) is deprecated and will be removed in a future release; use `dependency-groups.dev` instead
max_token_len: 64
[samples] 100 个已 dump，用时 8.9s
[samples] 200 个已 dump，用时 17.8s
[samples] 300 个已 dump，用时 26.7s
[samples] 400 个已 dump，用时 35.5s
[samples] 500 个已 dump，用时 44.8s
[samples] 600 个已 dump，用时 54.0s
[samples] 700 个已 dump，用时 63.2s
[samples] 800 个已 dump，用时 72.2s
[samples] 900 个已 dump，用时 81.2s
[samples] 1000 个已 dump，用时 90.2s
[samples] 1100 个已 dump，用时 99.3s
[samples] 1200 个已 dump，用时 108.3s
[samples] 1300 个已 dump，用时 117.3s
[samples] 1400 个已 dump，用时 126.4s
[samples] 1500 个已 dump，用时 135.5s
[samples] 1600 个已 dump，用时 144.6s
[samples] 1700 个已 dump，用时 153.6s
[samples] 1800 个已 dump，用时 162.7s
[samples] 1900 个已 dump，用时 171.9s
[samples] 2000 个已 dump，用时 181.1s
[samples] 2100 个已 dump，用时 190.5s
[samples] 2200 个已 dump，用时 199.8s
[samples] 2300 个已 dump，用时 209.1s
[samples] 2400 个已 dump，用时 218.5s
[samples] 2500 个已 dump，用时 227.9s
[samples] 2600 个已 dump，用时 237.5s
[samples] 2700 个已 dump，用时 247.1s
[samples] 2800 个已 dump，用时 256.6s
[samples] 2900 个已 dump，用时 266.1s
[samples] 3000 个已 dump，用时 275.6s
[samples] 完成 3000 个，用时 275.6s
[batches] 20 个已 dump，用时 6.1s
[batches] 40 个已 dump，用时 11.8s
[batches] 60 个已 dump，用时 17.4s
[batches] 80 个已 dump，用时 23.0s
[batches] 100 个已 dump，用时 28.9s
[batches] 120 个已 dump，用时 34.9s
[batches] 140 个已 dump，用时 40.9s
[batches] 160 个已 dump，用时 46.6s
[batches] 180 个已 dump，用时 52.2s
[batches] 200 个已 dump，用时 57.8s
[batches] 完成 200 个，用时 57.8s
DUMP_DONE samples=3000 batches=200 out=/scratch/hongze/robomme_policy_learning_MotionJEPA/v1-store/fixtures/8x8/400ep/cand-m32
FIXTURE_COMPARE profile=m32
warning: The `tool.uv.dev-dependencies` field (used in `packages/openpi-client/pyproject.toml`) is deprecated and will be removed in a future release; use `dependency-groups.dev` instead
SOURCE_IDENTITY=PASS episodes=400 samples=101066
FRAME_INDEX_EXACT=PASS steps=123044 max_frames=32
SAMPLE_RAW_EXACT=PASS samples=3000 per_step=200 mismatches=0
BATCH_RAW_EXACT=PASS batches=200 mismatches=0
FIXTURE_400=DONE profile=m32
END_UTC=2026-09-14T04:05:28Z
EXIT_CODE=0
