START_HEAD=099578174e698f5b437d2a26612ba16006f47112
START_UTC=2026-09-14T03:52:26Z
FIXTURE_START profile=c8 side=ref impl=refnpy head=99faacb1319adfc63c0cf9a15187e24c34e38fd1
warning: The `tool.uv.dev-dependencies` field (used in `packages/openpi-client/pyproject.toml`) is deprecated and will be removed in a future release; use `dependency-groups.dev` instead
max_token_len: 64
[samples] 100 个已 dump，用时 8.6s
[samples] 200 个已 dump，用时 17.3s
[samples] 300 个已 dump，用时 26.1s
[samples] 400 个已 dump，用时 34.9s
[samples] 500 个已 dump，用时 43.4s
[samples] 600 个已 dump，用时 52.1s
[samples] 700 个已 dump，用时 61.1s
[samples] 800 个已 dump，用时 70.0s
[samples] 900 个已 dump，用时 79.1s
[samples] 1000 个已 dump，用时 87.9s
[samples] 1100 个已 dump，用时 96.9s
[samples] 1200 个已 dump，用时 105.7s
[samples] 1300 个已 dump，用时 114.6s
[samples] 1400 个已 dump，用时 123.5s
[samples] 1500 个已 dump，用时 132.3s
[samples] 1600 个已 dump，用时 141.4s
[samples] 1700 个已 dump，用时 149.9s
[samples] 1800 个已 dump，用时 158.4s
[samples] 1900 个已 dump，用时 166.9s
[samples] 2000 个已 dump，用时 175.5s
[samples] 2100 个已 dump，用时 184.0s
[samples] 2200 个已 dump，用时 192.6s
[samples] 2300 个已 dump，用时 201.2s
[samples] 2400 个已 dump，用时 209.3s
[samples] 2500 个已 dump，用时 217.5s
[samples] 2600 个已 dump，用时 225.7s
[samples] 2700 个已 dump，用时 233.8s
[samples] 2800 个已 dump，用时 242.0s
[samples] 2900 个已 dump，用时 250.2s
[samples] 3000 个已 dump，用时 258.4s
[samples] 3100 个已 dump，用时 266.5s
[samples] 3200 个已 dump，用时 274.7s
[samples] 完成 3200 个，用时 274.7s
[batches] 20 个已 dump，用时 5.5s
[batches] 40 个已 dump，用时 10.8s
[batches] 60 个已 dump，用时 16.1s
[batches] 80 个已 dump，用时 21.4s
[batches] 100 个已 dump，用时 26.6s
[batches] 120 个已 dump，用时 32.0s
[batches] 140 个已 dump，用时 37.4s
[batches] 160 个已 dump，用时 42.9s
[batches] 180 个已 dump，用时 48.3s
[batches] 200 个已 dump，用时 53.7s
[batches] 完成 200 个，用时 53.7s
DUMP_DONE samples=3200 batches=200 out=/scratch/hongze/robomme_policy_learning_MotionJEPA/v1-store/fixtures/8x8/400ep/ref-c8
FIXTURE_START profile=c8 side=cand impl=packed head=df7e5307c0fef8266b5a1d35f3ce636d68778d18
warning: The `tool.uv.dev-dependencies` field (used in `packages/openpi-client/pyproject.toml`) is deprecated and will be removed in a future release; use `dependency-groups.dev` instead
max_token_len: 64
[samples] 100 个已 dump，用时 8.5s
[samples] 200 个已 dump，用时 16.9s
[samples] 300 个已 dump，用时 25.1s
[samples] 400 个已 dump，用时 33.5s
[samples] 500 个已 dump，用时 42.0s
[samples] 600 个已 dump，用时 50.4s
[samples] 700 个已 dump，用时 58.9s
[samples] 800 个已 dump，用时 67.4s
[samples] 900 个已 dump，用时 76.0s
[samples] 1000 个已 dump，用时 84.7s
[samples] 1100 个已 dump，用时 93.3s
[samples] 1200 个已 dump，用时 102.0s
[samples] 1300 个已 dump，用时 110.8s
[samples] 1400 个已 dump，用时 119.6s
[samples] 1500 个已 dump，用时 128.3s
[samples] 1600 个已 dump，用时 137.1s
[samples] 1700 个已 dump，用时 145.8s
[samples] 1800 个已 dump，用时 154.4s
[samples] 1900 个已 dump，用时 162.9s
[samples] 2000 个已 dump，用时 171.5s
[samples] 2100 个已 dump，用时 180.1s
[samples] 2200 个已 dump，用时 188.8s
[samples] 2300 个已 dump，用时 197.6s
[samples] 2400 个已 dump，用时 206.3s
[samples] 2500 个已 dump，用时 215.1s
[samples] 2600 个已 dump，用时 223.8s
[samples] 2700 个已 dump，用时 232.6s
[samples] 2800 个已 dump，用时 241.2s
[samples] 2900 个已 dump，用时 250.1s
[samples] 3000 个已 dump，用时 258.9s
[samples] 3100 个已 dump，用时 267.7s
[samples] 3200 个已 dump，用时 276.5s
[samples] 完成 3200 个，用时 276.5s
[batches] 20 个已 dump，用时 5.7s
[batches] 40 个已 dump，用时 11.7s
[batches] 60 个已 dump，用时 17.4s
[batches] 80 个已 dump，用时 22.9s
[batches] 100 个已 dump，用时 28.2s
[batches] 120 个已 dump，用时 33.5s
[batches] 140 个已 dump，用时 38.9s
[batches] 160 个已 dump，用时 44.5s
[batches] 180 个已 dump，用时 50.5s
[batches] 200 个已 dump，用时 56.2s
[batches] 完成 200 个，用时 56.2s
DUMP_DONE samples=3200 batches=200 out=/scratch/hongze/robomme_policy_learning_MotionJEPA/v1-store/fixtures/8x8/400ep/cand-c8
FIXTURE_COMPARE profile=c8
warning: The `tool.uv.dev-dependencies` field (used in `packages/openpi-client/pyproject.toml`) is deprecated and will be removed in a future release; use `dependency-groups.dev` instead
SOURCE_IDENTITY=PASS episodes=400 samples=101066
FRAME_INDEX_EXACT=PASS steps=123044 max_frames=8
SAMPLE_RAW_EXACT=PASS samples=3200 per_step=200 mismatches=0
BATCH_RAW_EXACT=PASS batches=200 mismatches=0
FIXTURE_400=DONE profile=c8
END_UTC=2026-09-14T04:05:11Z
EXIT_CODE=0
