START_HEAD=29a27c0be9f218ca0cfe4ab2abf1d3372ed308b6
START_UTC=2026-09-21T00:59:21Z
warning: The `tool.uv.dev-dependencies` field (used in `packages/openpi-client/pyproject.toml`) is deprecated and will be removed in a future release; use `dependency-groups.dev` instead
max_token_len: 64
[samples] 100 个已 dump，用时 5.6s
[samples] 200 个已 dump，用时 10.9s
[samples] 300 个已 dump，用时 16.2s
[samples] 400 个已 dump，用时 21.6s
[samples] 500 个已 dump，用时 26.9s
[samples] 600 个已 dump，用时 32.3s
[samples] 700 个已 dump，用时 37.6s
[samples] 800 个已 dump，用时 43.0s
[samples] 900 个已 dump，用时 48.3s
[samples] 1000 个已 dump，用时 53.6s
[samples] 1100 个已 dump，用时 59.0s
[samples] 1200 个已 dump，用时 64.3s
[samples] 1300 个已 dump，用时 69.7s
[samples] 1400 个已 dump，用时 75.2s
[samples] 1500 个已 dump，用时 80.5s
[samples] 1600 个已 dump，用时 85.8s
[samples] 1700 个已 dump，用时 91.2s
[samples] 1800 个已 dump，用时 96.5s
[samples] 1900 个已 dump，用时 101.8s
[samples] 2000 个已 dump，用时 107.2s
[samples] 2100 个已 dump，用时 112.5s
[samples] 2200 个已 dump，用时 117.8s
[samples] 2300 个已 dump，用时 123.2s
[samples] 2400 个已 dump，用时 128.6s
[samples] 2500 个已 dump，用时 133.9s
[samples] 2600 个已 dump，用时 139.3s
[samples] 2700 个已 dump，用时 144.6s
[samples] 2800 个已 dump，用时 150.0s
[samples] 2900 个已 dump，用时 155.3s
[samples] 3000 个已 dump，用时 160.7s
[samples] 3100 个已 dump，用时 166.1s
[samples] 3200 个已 dump，用时 171.4s
[samples] 完成 3200 个，用时 171.4s
[batches] 20 个已 dump，用时 5.2s
[batches] 40 个已 dump，用时 10.3s
[batches] 60 个已 dump，用时 15.5s
[batches] 80 个已 dump，用时 20.6s
[batches] 100 个已 dump，用时 25.7s
[batches] 120 个已 dump，用时 30.8s
[batches] 140 个已 dump，用时 35.9s
[batches] 160 个已 dump，用时 41.0s
[batches] 180 个已 dump，用时 46.1s
[batches] 200 个已 dump，用时 51.2s
[batches] 完成 200 个，用时 51.2s
DUMP_DONE samples=3200 batches=200 out=/scratch/hongze/robomme_policy_learning_MotionJEPA/v1-store/bench/m2048/m2048-dump-base-8x64

EXIT_CODE=0
