CHECK_HEAD=782696c231aace21c20200638ae302a5a1c7f277
PHASE=assembly
START_UTC=2026-09-18T04:28:28Z
ONLINE_SHARD_PID=459041 shard=0
ONLINE_SHARD_PID=459042 shard=1
ONLINE_SHARD_PID=459045 shard=2
ONLINE_SHARD_PID=459048 shard=3
ONLINE_SHARD_PID=459051 shard=4
ONLINE_SHARD_PID=459055 shard=5
ONLINE_SHARD_PID=459057 shard=6
ONLINE_SHARD_PID=459060 shard=7
warning: warning: The `tool.uv.dev-dependencies` field (used in `packages/openpi-client/pyproject.toml`) is deprecated and will be removed in a future release; use `dependency-groups.dev` instead
The `tool.uv.dev-dependencies` field (used in `packages/openpi-client/pyproject.toml`) is deprecated and will be removed in a future release; use `dependency-groups.dev` instead
warning: The `tool.uv.dev-dependencies` field (used in `packages/openpi-client/pyproject.toml`) is deprecated and will be removed in a future release; use `dependency-groups.dev` instead
warning: warning: The `tool.uv.dev-dependencies` field (used in `packages/openpi-client/pyproject.toml`) is deprecated and will be removed in a future release; use `dependency-groups.dev` instead
The `tool.uv.dev-dependencies` field (used in `packages/openpi-client/pyproject.toml`) is deprecated and will be removed in a future release; use `dependency-groups.dev` instead
warning: The `tool.uv.dev-dependencies` field (used in `packages/openpi-client/pyproject.toml`) is deprecated and will be removed in a future release; use `dependency-groups.dev` instead
warning: warning: The `tool.uv.dev-dependencies` field (used in `packages/openpi-client/pyproject.toml`) is deprecated and will be removed in a future release; use `dependency-groups.dev` insteadThe `tool.uv.dev-dependencies` field (used in `packages/openpi-client/pyproject.toml`) is deprecated and will be removed in a future release; use `dependency-groups.dev` instead

YAML_STORE_PATH=PASS path=/scratch/hongze/robomme_policy_learning_MotionJEPA/v1-store/datasets/4task-v2-1600ep-604f16da/motion
YAML_STORE_PATH=PASS path=/scratch/hongze/robomme_policy_learning_MotionJEPA/v1-store/datasets/4task-v2-1600ep-604f16da/motion
YAML_STORE_PATH=PASS path=/scratch/hongze/robomme_policy_learning_MotionJEPA/v1-store/datasets/4task-v2-1600ep-604f16da/motion
YAML_STORE_PATH=PASS path=/scratch/hongze/robomme_policy_learning_MotionJEPA/v1-store/datasets/4task-v2-1600ep-604f16da/motion
YAML_STORE_PATH=PASS path=/scratch/hongze/robomme_policy_learning_MotionJEPA/v1-store/datasets/4task-v2-1600ep-604f16da/motion
YAML_STORE_PATH=PASS path=/scratch/hongze/robomme_policy_learning_MotionJEPA/v1-store/datasets/4task-v2-1600ep-604f16da/motion
YAML_STORE_PATH=PASS path=/scratch/hongze/robomme_policy_learning_MotionJEPA/v1-store/datasets/4task-v2-1600ep-604f16da/motion
YAML_STORE_PATH=PASS path=/scratch/hongze/robomme_policy_learning_MotionJEPA/v1-store/datasets/4task-v2-1600ep-604f16da/motion
ONLINE_PROGRESS shard=2 episodes=20/200 rows=1108 real=0 mismatches=0
ONLINE_PROGRESS shard=3 episodes=20/200 rows=1172 real=0 mismatches=0
ONLINE_PROGRESS shard=4 episodes=20/200 rows=1166 real=0 mismatches=0
ONLINE_PROGRESS shard=1 episodes=20/200 rows=1172 real=0 mismatches=0
ONLINE_PROGRESS shard=5 episodes=20/200 rows=1198 real=0 mismatches=0
ONLINE_PROGRESS shard=6 episodes=20/200 rows=1202 real=0 mismatches=0
ONLINE_PROGRESS shard=7 episodes=20/200 rows=1232 real=0 mismatches=0
ONLINE_PROGRESS shard=0 episodes=20/200 rows=1354 real=0 mismatches=0
ONLINE_PROGRESS shard=6 episodes=40/200 rows=2772 real=0 mismatches=0
ONLINE_PROGRESS shard=2 episodes=40/200 rows=2808 real=0 mismatches=0
ONLINE_PROGRESS shard=5 episodes=40/200 rows=2828 real=0 mismatches=0
ONLINE_PROGRESS shard=3 episodes=40/200 rows=2862 real=0 mismatches=0
ONLINE_PROGRESS shard=4 episodes=40/200 rows=2884 real=0 mismatches=0
ONLINE_PROGRESS shard=1 episodes=40/200 rows=2962 real=0 mismatches=0
ONLINE_PROGRESS shard=7 episodes=40/200 rows=3040 real=0 mismatches=0
ONLINE_PROGRESS shard=0 episodes=40/200 rows=3134 real=0 mismatches=0
ONLINE_PROGRESS shard=2 episodes=60/200 rows=3894 real=0 mismatches=0
ONLINE_PROGRESS shard=6 episodes=60/200 rows=3892 real=0 mismatches=0
ONLINE_PROGRESS shard=5 episodes=60/200 rows=3958 real=0 mismatches=0
ONLINE_PROGRESS shard=3 episodes=60/200 rows=4000 real=0 mismatches=0
ONLINE_PROGRESS shard=4 episodes=60/200 rows=4050 real=0 mismatches=0
ONLINE_PROGRESS shard=1 episodes=60/200 rows=4064 real=0 mismatches=0
ONLINE_PROGRESS shard=0 episodes=60/200 rows=4290 real=0 mismatches=0
ONLINE_PROGRESS shard=7 episodes=60/200 rows=4280 real=0 mismatches=0
ONLINE_PROGRESS shard=2 episodes=80/200 rows=4420 real=0 mismatches=0
ONLINE_PROGRESS shard=6 episodes=80/200 rows=4412 real=0 mismatches=0
ONLINE_PROGRESS shard=5 episodes=80/200 rows=4484 real=0 mismatches=0
ONLINE_PROGRESS shard=3 episodes=80/200 rows=4520 real=0 mismatches=0
ONLINE_PROGRESS shard=4 episodes=80/200 rows=4558 real=0 mismatches=0
ONLINE_PROGRESS shard=1 episodes=80/200 rows=4578 real=0 mismatches=0
ONLINE_PROGRESS shard=0 episodes=80/200 rows=4804 real=0 mismatches=0
ONLINE_PROGRESS shard=7 episodes=80/200 rows=4812 real=0 mismatches=0
ONLINE_PROGRESS shard=2 episodes=100/200 rows=5322 real=0 mismatches=0
ONLINE_PROGRESS shard=3 episodes=100/200 rows=5394 real=0 mismatches=0
ONLINE_PROGRESS shard=5 episodes=100/200 rows=5398 real=0 mismatches=0
ONLINE_PROGRESS shard=6 episodes=100/200 rows=5366 real=0 mismatches=0
ONLINE_PROGRESS shard=1 episodes=100/200 rows=5458 real=0 mismatches=0
ONLINE_PROGRESS shard=4 episodes=100/200 rows=5488 real=0 mismatches=0
ONLINE_PROGRESS shard=0 episodes=100/200 rows=5750 real=0 mismatches=0
ONLINE_PROGRESS shard=7 episodes=100/200 rows=5758 real=0 mismatches=0
ONLINE_PROGRESS shard=2 episodes=120/200 rows=6099 real=0 mismatches=0
ONLINE_PROGRESS shard=3 episodes=120/200 rows=6223 real=0 mismatches=0
ONLINE_PROGRESS shard=5 episodes=120/200 rows=6242 real=0 mismatches=0
ONLINE_PROGRESS shard=6 episodes=120/200 rows=6219 real=0 mismatches=0
ONLINE_PROGRESS shard=4 episodes=120/200 rows=6302 real=0 mismatches=0
ONLINE_PROGRESS shard=1 episodes=120/200 rows=6324 real=0 mismatches=0
ONLINE_PROGRESS shard=0 episodes=120/200 rows=6593 real=0 mismatches=0
ONLINE_PROGRESS shard=7 episodes=120/200 rows=6586 real=0 mismatches=0
ONLINE_PROGRESS shard=2 episodes=140/200 rows=7057 real=0 mismatches=0
ONLINE_PROGRESS shard=5 episodes=140/200 rows=7126 real=0 mismatches=0
ONLINE_PROGRESS shard=3 episodes=140/200 rows=7200 real=0 mismatches=0
ONLINE_PROGRESS shard=6 episodes=140/200 rows=7147 real=0 mismatches=0
ONLINE_PROGRESS shard=1 episodes=140/200 rows=7217 real=0 mismatches=0
ONLINE_PROGRESS shard=4 episodes=140/200 rows=7245 real=0 mismatches=0
ONLINE_PROGRESS shard=0 episodes=140/200 rows=7518 real=0 mismatches=0
ONLINE_PROGRESS shard=7 episodes=140/200 rows=7550 real=0 mismatches=0
ONLINE_PROGRESS shard=2 episodes=160/200 rows=7728 real=0 mismatches=0
ONLINE_PROGRESS shard=5 episodes=160/200 rows=7835 real=0 mismatches=0
ONLINE_PROGRESS shard=3 episodes=160/200 rows=7870 real=0 mismatches=0
ONLINE_PROGRESS shard=1 episodes=160/200 rows=7921 real=0 mismatches=0
ONLINE_PROGRESS shard=6 episodes=160/200 rows=7864 real=0 mismatches=0
ONLINE_PROGRESS shard=4 episodes=160/200 rows=7994 real=0 mismatches=0
ONLINE_PROGRESS shard=2 episodes=180/200 rows=8089 real=0 mismatches=0
ONLINE_PROGRESS shard=0 episodes=160/200 rows=8155 real=0 mismatches=0
ONLINE_PROGRESS shard=5 episodes=180/200 rows=8186 real=0 mismatches=0
ONLINE_PROGRESS shard=3 episodes=180/200 rows=8225 real=0 mismatches=0
ONLINE_PROGRESS shard=1 episodes=180/200 rows=8269 real=0 mismatches=0
ONLINE_PROGRESS shard=7 episodes=160/200 rows=8262 real=0 mismatches=0
ONLINE_PROGRESS shard=6 episodes=180/200 rows=8214 real=0 mismatches=0
ONLINE_PROGRESS shard=4 episodes=180/200 rows=8366 real=0 mismatches=0
ONLINE_PROGRESS shard=0 episodes=180/200 rows=8509 real=0 mismatches=0
ONLINE_PROGRESS shard=7 episodes=180/200 rows=8610 real=0 mismatches=0
ONLINE_PROGRESS shard=2 episodes=200/200 rows=8691 real=0 mismatches=0
ONLINE_INPUT_SHA=PASS windows=8691 padded=200 mismatches=0
P5_ONLINE=PASS episodes=200 windows=8691 assembly_checked=8691 compared_real=0 padded_covered=200 stub=False
SHARD_EXIT_CODE=0 shard=2 phase=assembly
ONLINE_PROGRESS shard=5 episodes=200/200 rows=8785 real=0 mismatches=0
ONLINE_INPUT_SHA=PASS windows=8785 padded=200 mismatches=0
P5_ONLINE=PASS episodes=200 windows=8785 assembly_checked=8785 compared_real=0 padded_covered=200 stub=False
ONLINE_PROGRESS shard=3 episodes=200/200 rows=8810 real=0 mismatches=0
ONLINE_INPUT_SHA=PASS windows=8810 padded=200 mismatches=0
P5_ONLINE=PASS episodes=200 windows=8810 assembly_checked=8810 compared_real=0 padded_covered=200 stub=False
SHARD_EXIT_CODE=0 shard=5 phase=assembly
SHARD_EXIT_CODE=0 shard=3 phase=assembly
ONLINE_PROGRESS shard=6 episodes=200/200 rows=8802 real=0 mismatches=0
ONLINE_INPUT_SHA=PASS windows=8802 padded=200 mismatches=0
P5_ONLINE=PASS episodes=200 windows=8802 assembly_checked=8802 compared_real=0 padded_covered=200 stub=False
ONLINE_PROGRESS shard=1 episodes=200/200 rows=8909 real=0 mismatches=0
ONLINE_INPUT_SHA=PASS windows=8909 padded=200 mismatches=0
P5_ONLINE=PASS episodes=200 windows=8909 assembly_checked=8909 compared_real=0 padded_covered=200 stub=False
SHARD_EXIT_CODE=0 shard=6 phase=assembly
SHARD_EXIT_CODE=0 shard=1 phase=assembly
ONLINE_PROGRESS shard=4 episodes=200/200 rows=8970 real=0 mismatches=0
ONLINE_INPUT_SHA=PASS windows=8970 padded=200 mismatches=0
P5_ONLINE=PASS episodes=200 windows=8970 assembly_checked=8970 compared_real=0 padded_covered=200 stub=False
SHARD_EXIT_CODE=0 shard=4 phase=assembly
ONLINE_PROGRESS shard=0 episodes=200/200 rows=9119 real=0 mismatches=0
ONLINE_INPUT_SHA=PASS windows=9119 padded=200 mismatches=0
P5_ONLINE=PASS episodes=200 windows=9119 assembly_checked=9119 compared_real=0 padded_covered=200 stub=False
SHARD_EXIT_CODE=0 shard=0 phase=assembly
ONLINE_PROGRESS shard=7 episodes=200/200 rows=9230 real=0 mismatches=0
ONLINE_INPUT_SHA=PASS windows=9230 padded=200 mismatches=0
P5_ONLINE=PASS episodes=200 windows=9230 assembly_checked=9230 compared_real=0 padded_covered=200 stub=False
SHARD_EXIT_CODE=0 shard=7 phase=assembly
warning: The `tool.uv.dev-dependencies` field (used in `packages/openpi-client/pyproject.toml`) is deprecated and will be removed in a future release; use `dependency-groups.dev` instead
ONLINE_INPUT_SHA=PASS windows=71316 padded=1600 mismatches=0
SHARD_SET=PASS shards=8 eps=1600 disjoint=1
P5_ONLINE=PASS episodes=1600 windows=71316 assembly_checked=71316 compared_real=0 padded_covered=1600 stub=False
END_UTC=2026-09-18T04:31:56Z
EXIT_CODE=0
