warning: The `tool.uv.dev-dependencies` field (used in `packages/openpi-client/pyproject.toml`) is deprecated and will be removed in a future release; use `dependency-groups.dev` instead
CHECK_HEAD=782696c231aace21c20200638ae302a5a1c7f277
PHASE=real
START_UTC=2026-09-18T04:43:49Z
ONLINE_SHARD_PID=476682 shard=0
ONLINE_SHARD_PID=476683 shard=1
ONLINE_SHARD_PID=476686 shard=2
ONLINE_SHARD_PID=476689 shard=3
ONLINE_SHARD_PID=476692 shard=4
ONLINE_SHARD_PID=476695 shard=5
ONLINE_SHARD_PID=476698 shard=6
ONLINE_SHARD_PID=476701 shard=7
warning: warning: warning: The `tool.uv.dev-dependencies` field (used in `packages/openpi-client/pyproject.toml`) is deprecated and will be removed in a future release; use `dependency-groups.dev` insteadwarning: warning:
The `tool.uv.dev-dependencies` field (used in `packages/openpi-client/pyproject.toml`) is deprecated and will be removed in a future release; use `dependency-groups.dev` instead
The `tool.uv.dev-dependencies` field (used in `packages/openpi-client/pyproject.toml`) is deprecated and will be removed in a future release; use `dependency-groups.dev` instead
The `tool.uv.dev-dependencies` field (used in `packages/openpi-client/pyproject.toml`) is deprecated and will be removed in a future release; use `dependency-groups.dev` instead
The `tool.uv.dev-dependencies` field (used in `packages/openpi-client/pyproject.toml`) is deprecated and will be removed in a future release; use `dependency-groups.dev` instead
warning: The `tool.uv.dev-dependencies` field (used in `packages/openpi-client/pyproject.toml`) is deprecated and will be removed in a future release; use `dependency-groups.dev` instead
warning: warning: The `tool.uv.dev-dependencies` field (used in `packages/openpi-client/pyproject.toml`) is deprecated and will be removed in a future release; use `dependency-groups.dev` instead
The `tool.uv.dev-dependencies` field (used in `packages/openpi-client/pyproject.toml`) is deprecated and will be removed in a future release; use `dependency-groups.dev` instead
YAML_STORE_PATH=PASS path=/scratch/hongze/robomme_policy_learning_MotionJEPA/v1-store/datasets/4task-v2-1600ep-604f16da/motion
YAML_STORE_PATH=PASS path=/scratch/hongze/robomme_policy_learning_MotionJEPA/v1-store/datasets/4task-v2-1600ep-604f16da/motion
YAML_STORE_PATH=PASS path=/scratch/hongze/robomme_policy_learning_MotionJEPA/v1-store/datasets/4task-v2-1600ep-604f16da/motion
YAML_STORE_PATH=PASS path=/scratch/hongze/robomme_policy_learning_MotionJEPA/v1-store/datasets/4task-v2-1600ep-604f16da/motion
YAML_STORE_PATH=PASS path=/scratch/hongze/robomme_policy_learning_MotionJEPA/v1-store/datasets/4task-v2-1600ep-604f16da/motion
YAML_STORE_PATH=PASS path=/scratch/hongze/robomme_policy_learning_MotionJEPA/v1-store/datasets/4task-v2-1600ep-604f16da/motion
YAML_STORE_PATH=PASS path=/scratch/hongze/robomme_policy_learning_MotionJEPA/v1-store/datasets/4task-v2-1600ep-604f16da/motion
YAML_STORE_PATH=PASS path=/scratch/hongze/robomme_policy_learning_MotionJEPA/v1-store/datasets/4task-v2-1600ep-604f16da/motion
GPU_POSEMB_CACHE=PASS sha256=9069eb6e5349241fa5a5a4d2ac7369066aab2e83bbdd7ca0e09e615b88ad415b
GPU_POSEMB_CACHE=PASS sha256=9069eb6e5349241fa5a5a4d2ac7369066aab2e83bbdd7ca0e09e615b88ad415b
GPU_POSEMB_CACHE=PASS sha256=9069eb6e5349241fa5a5a4d2ac7369066aab2e83bbdd7ca0e09e615b88ad415b
GPU_POSEMB_CACHE=PASS sha256=9069eb6e5349241fa5a5a4d2ac7369066aab2e83bbdd7ca0e09e615b88ad415b
GPU_POSEMB_CACHE=PASS sha256=9069eb6e5349241fa5a5a4d2ac7369066aab2e83bbdd7ca0e09e615b88ad415b
GPU_POSEMB_CACHE=PASS sha256=9069eb6e5349241fa5a5a4d2ac7369066aab2e83bbdd7ca0e09e615b88ad415b
GPU_POSEMB_CACHE=PASS sha256=9069eb6e5349241fa5a5a4d2ac7369066aab2e83bbdd7ca0e09e615b88ad415b
GPU_POSEMB_CACHE=PASS sha256=9069eb6e5349241fa5a5a4d2ac7369066aab2e83bbdd7ca0e09e615b88ad415b
warning: `VIRTUAL_ENV=.venv` does not match the project environment path `v1-store/venvs/wan` and will be ignored; use `--active` to target the active environment instead
warning: `VIRTUAL_ENV=.venv` does not match the project environment path `v1-store/venvs/wan` and will be ignored; use `--active` to target the active environment instead
warning: `VIRTUAL_ENV=.venv` does not match the project environment path `v1-store/venvs/wan` and will be ignored; use `--active` to target the active environment instead
warning: `VIRTUAL_ENV=.venv` does not match the project environment path `v1-store/venvs/wan` and will be ignored; use `--active` to target the active environment instead
warning: `VIRTUAL_ENV=.venv` does not match the project environment path `v1-store/venvs/wan` and will be ignored; use `--active` to target the active environment instead
warning: `VIRTUAL_ENV=.venv` does not match the project environment path `v1-store/venvs/wan` and will be ignored; use `--active` to target the active environment instead
warning: `VIRTUAL_ENV=.venv` does not match the project environment path `v1-store/venvs/wan` and will be ignored; use `--active` to target the active environment instead
warning: `VIRTUAL_ENV=.venv` does not match the project environment path `v1-store/venvs/wan` and will be ignored; use `--active` to target the active environment instead
Cannot initialize model with low cpu memory usage because `accelerate` was not found in the environment. Defaulting to `low_cpu_mem_usage=False`. It is strongly recommended to install `accelerate` for faster and less memory-intense model loading. You can do so with:
```
pip install accelerate
```
.
/scratch/hongze/robomme_policy_learning_MotionJEPA/v1-store/venvs/wan/lib/python3.11/site-packages/huggingface_hub/utils/_validators.py:205: UserWarning: The `local_dir_use_symlinks` argument is deprecated and ignored in `hf_hub_download`. Downloading to a local directory does not use symlinks anymore.
  warnings.warn(
Cannot initialize model with low cpu memory usage because `accelerate` was not found in the environment. Defaulting to `low_cpu_mem_usage=False`. It is strongly recommended to install `accelerate` for faster and less memory-intense model loading. You can do so with:
```
pip install accelerate
```
.
/scratch/hongze/robomme_policy_learning_MotionJEPA/v1-store/venvs/wan/lib/python3.11/site-packages/huggingface_hub/utils/_validators.py:205: UserWarning: The `local_dir_use_symlinks` argument is deprecated and ignored in `hf_hub_download`. Downloading to a local directory does not use symlinks anymore.
  warnings.warn(
Cannot initialize model with low cpu memory usage because `accelerate` was not found in the environment. Defaulting to `low_cpu_mem_usage=False`. It is strongly recommended to install `accelerate` for faster and less memory-intense model loading. You can do so with:
```
pip install accelerate
```
.
/scratch/hongze/robomme_policy_learning_MotionJEPA/v1-store/venvs/wan/lib/python3.11/site-packages/huggingface_hub/utils/_validators.py:205: UserWarning: The `local_dir_use_symlinks` argument is deprecated and ignored in `hf_hub_download`. Downloading to a local directory does not use symlinks anymore.
  warnings.warn(
Cannot initialize model with low cpu memory usage because `accelerate` was not found in the environment. Defaulting to `low_cpu_mem_usage=False`. It is strongly recommended to install `accelerate` for faster and less memory-intense model loading. You can do so with:
```
pip install accelerate
```
.
/scratch/hongze/robomme_policy_learning_MotionJEPA/v1-store/venvs/wan/lib/python3.11/site-packages/huggingface_hub/utils/_validators.py:205: UserWarning: The `local_dir_use_symlinks` argument is deprecated and ignored in `hf_hub_download`. Downloading to a local directory does not use symlinks anymore.
  warnings.warn(
Cannot initialize model with low cpu memory usage because `accelerate` was not found in the environment. Defaulting to `low_cpu_mem_usage=False`. It is strongly recommended to install `accelerate` for faster and less memory-intense model loading. You can do so with:
```
pip install accelerate
```
.
/scratch/hongze/robomme_policy_learning_MotionJEPA/v1-store/venvs/wan/lib/python3.11/site-packages/huggingface_hub/utils/_validators.py:205: UserWarning: The `local_dir_use_symlinks` argument is deprecated and ignored in `hf_hub_download`. Downloading to a local directory does not use symlinks anymore.
  warnings.warn(
Cannot initialize model with low cpu memory usage because `accelerate` was not found in the environment. Defaulting to `low_cpu_mem_usage=False`. It is strongly recommended to install `accelerate` for faster and less memory-intense model loading. You can do so with:
```
pip install accelerate
```
.
/scratch/hongze/robomme_policy_learning_MotionJEPA/v1-store/venvs/wan/lib/python3.11/site-packages/huggingface_hub/utils/_validators.py:205: UserWarning: The `local_dir_use_symlinks` argument is deprecated and ignored in `hf_hub_download`. Downloading to a local directory does not use symlinks anymore.
  warnings.warn(
Cannot initialize model with low cpu memory usage because `accelerate` was not found in the environment. Defaulting to `low_cpu_mem_usage=False`. It is strongly recommended to install `accelerate` for faster and less memory-intense model loading. You can do so with:
```
pip install accelerate
```
.
/scratch/hongze/robomme_policy_learning_MotionJEPA/v1-store/venvs/wan/lib/python3.11/site-packages/huggingface_hub/utils/_validators.py:205: UserWarning: The `local_dir_use_symlinks` argument is deprecated and ignored in `hf_hub_download`. Downloading to a local directory does not use symlinks anymore.
  warnings.warn(
Cannot initialize model with low cpu memory usage because `accelerate` was not found in the environment. Defaulting to `low_cpu_mem_usage=False`. It is strongly recommended to install `accelerate` for faster and less memory-intense model loading. You can do so with:
```
pip install accelerate
```
.
/scratch/hongze/robomme_policy_learning_MotionJEPA/v1-store/venvs/wan/lib/python3.11/site-packages/huggingface_hub/utils/_validators.py:205: UserWarning: The `local_dir_use_symlinks` argument is deprecated and ignored in `hf_hub_download`. Downloading to a local directory does not use symlinks anymore.
  warnings.warn(
[sidecar pid=476944] 模型就绪 warmup=1.85s vae=9980d252230c265c… ckpt=0c1986297ccc0ab1…
[sidecar pid=476949] 模型就绪 warmup=1.86s vae=9980d252230c265c… ckpt=0c1986297ccc0ab1…
[sidecar pid=476959] 模型就绪 warmup=1.85s vae=9980d252230c265c… ckpt=0c1986297ccc0ab1…
[sidecar pid=476946] 模型就绪 warmup=1.86s vae=9980d252230c265c… ckpt=0c1986297ccc0ab1…
[sidecar pid=476945] 模型就绪 warmup=1.83s vae=9980d252230c265c… ckpt=0c1986297ccc0ab1…
[sidecar pid=476961] 模型就绪 warmup=1.97s vae=9980d252230c265c… ckpt=0c1986297ccc0ab1…
[sidecar pid=476965] 模型就绪 warmup=1.92s vae=9980d252230c265c… ckpt=0c1986297ccc0ab1…
[sidecar pid=476964] 模型就绪 warmup=1.93s vae=9980d252230c265c… ckpt=0c1986297ccc0ab1…
/scratch/hongze/robomme_policy_learning_MotionJEPA/scripts/dataset/wan/wan_motion_infer.py:251: UserWarning: The given NumPy array is not writable, and PyTorch does not support non-writable tensors. This means writing to this tensor will result in undefined behavior. You may want to copy the array to protect its data or make it writable before converting it to a tensor. This type of warning will be suppressed for the rest of this program. (Triggered internally at /pytorch/torch/csrc/utils/tensor_numpy.cpp:206.)
  f = torch.from_numpy(frames_window).permute(0, 3, 1, 2).float().to(device)   # 🔒 (33,3,256,256) 0..255
/scratch/hongze/robomme_policy_learning_MotionJEPA/scripts/dataset/wan/wan_motion_infer.py:251: UserWarning: The given NumPy array is not writable, and PyTorch does not support non-writable tensors. This means writing to this tensor will result in undefined behavior. You may want to copy the array to protect its data or make it writable before converting it to a tensor. This type of warning will be suppressed for the rest of this program. (Triggered internally at /pytorch/torch/csrc/utils/tensor_numpy.cpp:206.)
  f = torch.from_numpy(frames_window).permute(0, 3, 1, 2).float().to(device)   # 🔒 (33,3,256,256) 0..255
/scratch/hongze/robomme_policy_learning_MotionJEPA/scripts/dataset/wan/wan_motion_infer.py:251: UserWarning: The given NumPy array is not writable, and PyTorch does not support non-writable tensors. This means writing to this tensor will result in undefined behavior. You may want to copy the array to protect its data or make it writable before converting it to a tensor. This type of warning will be suppressed for the rest of this program. (Triggered internally at /pytorch/torch/csrc/utils/tensor_numpy.cpp:206.)
  f = torch.from_numpy(frames_window).permute(0, 3, 1, 2).float().to(device)   # 🔒 (33,3,256,256) 0..255
/scratch/hongze/robomme_policy_learning_MotionJEPA/scripts/dataset/wan/wan_motion_infer.py:251: UserWarning: The given NumPy array is not writable, and PyTorch does not support non-writable tensors. This means writing to this tensor will result in undefined behavior. You may want to copy the array to protect its data or make it writable before converting it to a tensor. This type of warning will be suppressed for the rest of this program. (Triggered internally at /pytorch/torch/csrc/utils/tensor_numpy.cpp:206.)
  f = torch.from_numpy(frames_window).permute(0, 3, 1, 2).float().to(device)   # 🔒 (33,3,256,256) 0..255
/scratch/hongze/robomme_policy_learning_MotionJEPA/scripts/dataset/wan/wan_motion_infer.py:251: UserWarning: The given NumPy array is not writable, and PyTorch does not support non-writable tensors. This means writing to this tensor will result in undefined behavior. You may want to copy the array to protect its data or make it writable before converting it to a tensor. This type of warning will be suppressed for the rest of this program. (Triggered internally at /pytorch/torch/csrc/utils/tensor_numpy.cpp:206.)
  f = torch.from_numpy(frames_window).permute(0, 3, 1, 2).float().to(device)   # 🔒 (33,3,256,256) 0..255
/scratch/hongze/robomme_policy_learning_MotionJEPA/scripts/dataset/wan/wan_motion_infer.py:251: UserWarning: The given NumPy array is not writable, and PyTorch does not support non-writable tensors. This means writing to this tensor will result in undefined behavior. You may want to copy the array to protect its data or make it writable before converting it to a tensor. This type of warning will be suppressed for the rest of this program. (Triggered internally at /pytorch/torch/csrc/utils/tensor_numpy.cpp:206.)
  f = torch.from_numpy(frames_window).permute(0, 3, 1, 2).float().to(device)   # 🔒 (33,3,256,256) 0..255
[sidecar pid=476944] 窗 #1 起点 0 耗时 1432 ms（累计 4s）
[sidecar pid=476945] 窗 #1 起点 0 耗时 1434 ms（累计 4s）
[sidecar pid=476949] 窗 #1 起点 432 耗时 1431 ms（累计 4s）
[sidecar pid=476961] 窗 #1 起点 0 耗时 1441 ms（累计 4s）
/scratch/hongze/robomme_policy_learning_MotionJEPA/scripts/dataset/wan/wan_motion_infer.py:251: UserWarning: The given NumPy array is not writable, and PyTorch does not support non-writable tensors. This means writing to this tensor will result in undefined behavior. You may want to copy the array to protect its data or make it writable before converting it to a tensor. This type of warning will be suppressed for the rest of this program. (Triggered internally at /pytorch/torch/csrc/utils/tensor_numpy.cpp:206.)
  f = torch.from_numpy(frames_window).permute(0, 3, 1, 2).float().to(device)   # 🔒 (33,3,256,256) 0..255
[sidecar pid=476946] 窗 #1 起点 0 耗时 1432 ms（累计 5s）
[sidecar pid=476959] 窗 #1 起点 0 耗时 1430 ms（累计 5s）
/scratch/hongze/robomme_policy_learning_MotionJEPA/scripts/dataset/wan/wan_motion_infer.py:251: UserWarning: The given NumPy array is not writable, and PyTorch does not support non-writable tensors. This means writing to this tensor will result in undefined behavior. You may want to copy the array to protect its data or make it writable before converting it to a tensor. This type of warning will be suppressed for the rest of this program. (Triggered internally at /pytorch/torch/csrc/utils/tensor_numpy.cpp:206.)
  f = torch.from_numpy(frames_window).permute(0, 3, 1, 2).float().to(device)   # 🔒 (33,3,256,256) 0..255
[sidecar pid=476965] 窗 #1 起点 0 耗时 1436 ms（累计 4s）
[sidecar pid=476964] 窗 #1 起点 0 耗时 1434 ms（累计 5s）
[sidecar pid=476945] 窗 #51 起点 208 耗时 1416 ms（累计 76s）
[sidecar pid=476946] 窗 #51 起点 808 耗时 1416 ms（累计 77s）
[sidecar pid=476959] 窗 #51 起点 807 耗时 1425 ms（累计 77s）
[sidecar pid=476944] 窗 #51 起点 112 耗时 1417 ms（累计 79s）
[sidecar pid=476965] 窗 #51 起点 816 耗时 1439 ms（累计 77s）
[sidecar pid=476964] 窗 #51 起点 806 耗时 1416 ms（累计 77s）
[sidecar pid=476961] 窗 #51 起点 112 耗时 1421 ms（累计 83s）
[sidecar pid=476949] 窗 #51 起点 672 耗时 1420 ms（累计 125s）
ONLINE_PROGRESS shard=6 episodes=20/200 rows=1202 real=52 mismatches=0
[sidecar pid=476945] 窗 #101 起点 448 耗时 1416 ms（累计 150s）
[sidecar pid=476944] 窗 #101 起点 913 耗时 1438 ms（累计 151s）
[sidecar pid=476964] 窗 #101 起点 256 耗时 1421 ms（累计 153s）
[sidecar pid=476961] 窗 #101 起点 916 耗时 1417 ms（累计 155s）
[sidecar pid=476965] 窗 #101 起点 96 耗时 1418 ms（累计 163s）
[sidecar pid=476959] 窗 #101 起点 608 耗时 1418 ms（累计 171s）
[sidecar pid=476946] 窗 #101 起点 560 耗时 1417 ms（累计 199s）
ONLINE_PROGRESS shard=2 episodes=20/200 rows=1108 real=108 mismatches=0
ONLINE_PROGRESS shard=5 episodes=20/200 rows=1198 real=102 mismatches=0
[sidecar pid=476944] 窗 #151 起点 352 耗时 1417 ms（累计 225s）
ONLINE_PROGRESS shard=6 episodes=40/200 rows=2772 real=72 mismatches=0
[sidecar pid=476965] 窗 #151 起点 907 耗时 1420 ms（累计 235s）
[sidecar pid=476945] 窗 #151 起点 416 耗时 1427 ms（累计 245s）
ONLINE_PROGRESS shard=4 episodes=20/200 rows=1166 real=136 mismatches=0
[sidecar pid=476964] 窗 #151 起点 608 耗时 1426 ms（累计 278s）
ONLINE_PROGRESS shard=3 episodes=20/200 rows=1172 real=160 mismatches=0
ONLINE_PROGRESS shard=0 episodes=20/200 rows=1354 real=152 mismatches=0
ONLINE_PROGRESS shard=2 episodes=40/200 rows=2808 real=128 mismatches=0
ONLINE_PROGRESS shard=5 episodes=40/200 rows=2828 real=122 mismatches=0
ONLINE_PROGRESS shard=6 episodes=60/200 rows=3892 real=92 mismatches=0
[sidecar pid=476961] 窗 #151 起点 16 耗时 1429 ms（累计 324s）
[sidecar pid=476944] 窗 #201 起点 576 耗时 1423 ms（累计 332s）
ONLINE_PROGRESS shard=7 episodes=20/200 rows=1232 real=188 mismatches=0
[sidecar pid=476949] 窗 #101 起点 224 耗时 1424 ms（累计 346s）
ONLINE_PROGRESS shard=1 episodes=20/200 rows=1172 real=204 mismatches=0
ONLINE_PROGRESS shard=6 episodes=80/200 rows=4412 real=112 mismatches=0
ONLINE_PROGRESS shard=2 episodes=60/200 rows=3894 real=148 mismatches=0
[sidecar pid=476961] 窗 #201 起点 816 耗时 1417 ms（累计 395s）
ONLINE_PROGRESS shard=3 episodes=40/200 rows=2862 real=180 mismatches=0
[sidecar pid=476959] 窗 #151 起点 80 耗时 1423 ms（累计 401s）
ONLINE_PROGRESS shard=5 episodes=60/200 rows=3958 real=142 mismatches=0
[sidecar pid=476965] 窗 #201 起点 800 耗时 1427 ms（累计 402s）
ONLINE_PROGRESS shard=0 episodes=40/200 rows=3134 real=172 mismatches=0
[sidecar pid=476946] 窗 #151 起点 176 耗时 1421 ms（累计 425s）
ONLINE_PROGRESS shard=2 episodes=80/200 rows=4420 real=168 mismatches=0
ONLINE_PROGRESS shard=7 episodes=40/200 rows=3040 real=208 mismatches=0
ONLINE_PROGRESS shard=6 episodes=100/200 rows=5366 real=132 mismatches=0
ONLINE_PROGRESS shard=5 episodes=80/200 rows=4484 real=162 mismatches=0
[sidecar pid=476961] 窗 #251 起点 1631 耗时 1414 ms（累计 469s）
[sidecar pid=476944] 窗 #251 起点 512 耗时 1422 ms（累计 476s）
ONLINE_PROGRESS shard=3 episodes=60/200 rows=4000 real=200 mismatches=0
[sidecar pid=476945] 窗 #201 起点 128 耗时 1418 ms（累计 483s）
[sidecar pid=476964] 窗 #201 起点 128 耗时 1435 ms（累计 495s）
ONLINE_PROGRESS shard=0 episodes=60/200 rows=4290 real=208 mismatches=0
[sidecar pid=476949] 窗 #151 起点 288 耗时 1421 ms（累计 516s）
ONLINE_PROGRESS shard=2 episodes=100/200 rows=5322 real=188 mismatches=0
ONLINE_PROGRESS shard=6 episodes=120/200 rows=6219 real=152 mismatches=0
ONLINE_PROGRESS shard=5 episodes=100/200 rows=5398 real=182 mismatches=0
ONLINE_PROGRESS shard=3 episodes=80/200 rows=4520 real=220 mismatches=0
[sidecar pid=476965] 窗 #251 起点 592 耗时 1422 ms（累计 537s）
ONLINE_PROGRESS shard=4 episodes=40/200 rows=2884 real=282 mismatches=0
[sidecar pid=476944] 窗 #301 起点 1318 耗时 1420 ms（累计 548s）
[sidecar pid=476959] 窗 #201 起点 288 耗时 1420 ms（累计 562s）
ONLINE_PROGRESS shard=0 episodes=80/200 rows=4804 real=228 mismatches=0
ONLINE_PROGRESS shard=2 episodes=120/200 rows=6099 real=208 mismatches=0
ONLINE_PROGRESS shard=6 episodes=140/200 rows=7147 real=172 mismatches=0
[sidecar pid=476946] 窗 #201 起点 352 耗时 1420 ms（累计 592s）
ONLINE_PROGRESS shard=5 episodes=120/200 rows=6242 real=202 mismatches=0
ONLINE_PROGRESS shard=3 episodes=100/200 rows=5394 real=240 mismatches=0
[sidecar pid=476965] 窗 #301 起点 1408 耗时 1414 ms（累计 609s）
[sidecar pid=476944] 窗 #351 起点 2118 耗时 1423 ms（累计 622s）
[sidecar pid=476961] 窗 #301 起点 80 耗时 1429 ms（累计 625s）
ONLINE_PROGRESS shard=4 episodes=60/200 rows=4050 real=302 mismatches=0
[sidecar pid=476945] 窗 #251 起点 256 耗时 1420 ms（累计 634s）
ONLINE_PROGRESS shard=0 episodes=100/200 rows=5750 real=248 mismatches=0
[sidecar pid=476964] 窗 #251 起点 32 耗时 1423 ms（累计 639s）
ONLINE_PROGRESS shard=6 episodes=160/200 rows=7864 real=192 mismatches=0
ONLINE_PROGRESS shard=2 episodes=140/200 rows=7057 real=228 mismatches=0
ONLINE_PROGRESS shard=3 episodes=120/200 rows=6223 real=260 mismatches=0
ONLINE_PROGRESS shard=5 episodes=140/200 rows=7126 real=222 mismatches=0
[sidecar pid=476949] 窗 #201 起点 144 耗时 1419 ms（累计 671s）
ONLINE_PROGRESS shard=4 episodes=80/200 rows=4558 real=322 mismatches=0
[sidecar pid=476965] 窗 #351 起点 2208 耗时 1416 ms（累计 682s）
ONLINE_PROGRESS shard=6 episodes=180/200 rows=8214 real=212 mismatches=0
[sidecar pid=476944] 窗 #401 起点 784 耗时 1431 ms（累计 698s）
ONLINE_PROGRESS shard=2 episodes=160/200 rows=7728 real=248 mismatches=0
[sidecar pid=476959] 窗 #251 起点 144 耗时 1417 ms（累计 722s）
ONLINE_PROGRESS shard=5 episodes=160/200 rows=7835 real=242 mismatches=0
[sidecar pid=476964] 窗 #301 起点 240 耗时 1420 ms（累计 727s）
ONLINE_PROGRESS shard=3 episodes=140/200 rows=7200 real=280 mismatches=0
ONLINE_PROGRESS shard=7 episodes=60/200 rows=4280 real=368 mismatches=0
[sidecar pid=476946] 窗 #251 起点 144 耗时 1419 ms（累计 745s）
ONLINE_PROGRESS shard=4 episodes=100/200 rows=5488 real=342 mismatches=0
ONLINE_PROGRESS shard=6 episodes=200/200 rows=8802 real=232 mismatches=0
[sidecar pid=476949] 收到关闭请求，已服务 232 窗，退出
ONLINE_START_SET=PASS
ONLINE_POS=PASS
ONLINE_ORDER=PASS
ONLINE_ENC_BITEXACT=PASS compared_real=232 mismatches=0
PROVENANCE=PASS
P5_ONLINE=PASS episodes=200 windows=8802 assembly_checked=0 compared_real=232 padded_covered=200 stub=False
SHARD_EXIT_CODE=0 shard=6 phase=real
ONLINE_PROGRESS shard=2 episodes=180/200 rows=8089 real=268 mismatches=0
ONLINE_PROGRESS shard=0 episodes=120/200 rows=6593 real=311 mismatches=0
[sidecar pid=476944] 窗 #451 起点 1594 耗时 1425 ms（累计 771s）
ONLINE_PROGRESS shard=5 episodes=180/200 rows=8186 real=262 mismatches=0
[sidecar pid=476961] 窗 #351 起点 240 耗时 1439 ms（累计 777s）
ONLINE_PROGRESS shard=7 episodes=80/200 rows=4812 real=388 mismatches=0
ONLINE_PROGRESS shard=3 episodes=160/200 rows=7870 real=300 mismatches=0
[sidecar pid=476945] 窗 #301 起点 96 耗时 1431 ms（累计 795s）
ONLINE_PROGRESS shard=4 episodes=120/200 rows=6302 real=362 mismatches=0
ONLINE_PROGRESS shard=2 episodes=200/200 rows=8691 real=288 mismatches=0
[sidecar pid=476959] 收到关闭请求，已服务 288 窗，退出
ONLINE_START_SET=PASS
ONLINE_POS=PASS
ONLINE_ORDER=PASS
ONLINE_ENC_BITEXACT=PASS compared_real=288 mismatches=0
PROVENANCE=PASS
P5_ONLINE=PASS episodes=200 windows=8691 assembly_checked=0 compared_real=288 padded_covered=200 stub=False
SHARD_EXIT_CODE=0 shard=2 phase=real
ONLINE_PROGRESS shard=5 episodes=200/200 rows=8785 real=282 mismatches=0
[sidecar pid=476946] 收到关闭请求，已服务 282 窗，退出
ONLINE_START_SET=PASS
ONLINE_POS=PASS
ONLINE_ORDER=PASS
ONLINE_ENC_BITEXACT=PASS compared_real=282 mismatches=0
PROVENANCE=PASS
P5_ONLINE=PASS episodes=200 windows=8785 assembly_checked=0 compared_real=282 padded_covered=200 stub=False
SHARD_EXIT_CODE=0 shard=5 phase=real
[sidecar pid=476965] 窗 #401 起点 480 耗时 1417 ms（累计 831s）
ONLINE_PROGRESS shard=1 episodes=40/200 rows=2962 real=478 mismatches=0
ONLINE_PROGRESS shard=0 episodes=140/200 rows=7518 real=331 mismatches=0
ONLINE_PROGRESS shard=3 episodes=180/200 rows=8225 real=320 mismatches=0
ONLINE_PROGRESS shard=7 episodes=100/200 rows=5758 real=408 mismatches=0
ONLINE_PROGRESS shard=4 episodes=140/200 rows=7245 real=382 mismatches=0
[sidecar pid=476964] 窗 #351 起点 144 耗时 1420 ms（累计 883s）
ONLINE_PROGRESS shard=3 episodes=200/200 rows=8810 real=340 mismatches=0
[sidecar pid=476945] 收到关闭请求，已服务 340 窗，退出
ONLINE_START_SET=PASS
ONLINE_POS=PASS
ONLINE_ORDER=PASS
ONLINE_ENC_BITEXACT=PASS compared_real=340 mismatches=0
PROVENANCE=PASS
P5_ONLINE=PASS episodes=200 windows=8810 assembly_checked=0 compared_real=340 padded_covered=200 stub=False
SHARD_EXIT_CODE=0 shard=3 phase=real
ONLINE_PROGRESS shard=1 episodes=60/200 rows=4064 real=498 mismatches=0
[sidecar pid=476944] 窗 #501 起点 128 耗时 1426 ms（累计 919s）
ONLINE_PROGRESS shard=0 episodes=160/200 rows=8155 real=369 mismatches=0
ONLINE_PROGRESS shard=7 episodes=120/200 rows=6586 real=428 mismatches=0
[sidecar pid=476961] 窗 #401 起点 144 耗时 1418 ms（累计 942s）
ONLINE_PROGRESS shard=4 episodes=160/200 rows=7994 real=402 mismatches=0
ONLINE_PROGRESS shard=1 episodes=80/200 rows=4578 real=518 mismatches=0
ONLINE_PROGRESS shard=0 episodes=180/200 rows=8509 real=389 mismatches=0
ONLINE_PROGRESS shard=4 episodes=180/200 rows=8366 real=422 mismatches=0
ONLINE_PROGRESS shard=7 episodes=140/200 rows=7550 real=448 mismatches=0
[sidecar pid=476964] 窗 #401 起点 240 耗时 1418 ms（累计 996s）
[sidecar pid=476965] 窗 #451 起点 448 耗时 1415 ms（累计 1005s）
ONLINE_PROGRESS shard=0 episodes=200/200 rows=9119 real=409 mismatches=0
[sidecar pid=476964] 收到关闭请求，已服务 409 窗，退出
ONLINE_START_SET=PASS
ONLINE_POS=PASS
ONLINE_ORDER=PASS
ONLINE_ENC_BITEXACT=PASS compared_real=409 mismatches=0
PROVENANCE=PASS
P5_ONLINE=PASS episodes=200 windows=9119 assembly_checked=0 compared_real=409 padded_covered=200 stub=False
SHARD_EXIT_CODE=0 shard=0 phase=real
ONLINE_PROGRESS shard=1 episodes=100/200 rows=5458 real=538 mismatches=0
ONLINE_PROGRESS shard=4 episodes=200/200 rows=8970 real=442 mismatches=0
[sidecar pid=476961] 收到关闭请求，已服务 442 窗，退出
ONLINE_START_SET=PASS
ONLINE_POS=PASS
ONLINE_ORDER=PASS
ONLINE_ENC_BITEXACT=PASS compared_real=442 mismatches=0
PROVENANCE=PASS
P5_ONLINE=PASS episodes=200 windows=8970 assembly_checked=0 compared_real=442 padded_covered=200 stub=False
SHARD_EXIT_CODE=0 shard=4 phase=real
ONLINE_PROGRESS shard=7 episodes=160/200 rows=8262 real=468 mismatches=0
[sidecar pid=476944] 窗 #551 起点 240 耗时 1427 ms（累计 1075s）
ONLINE_PROGRESS shard=1 episodes=120/200 rows=6324 real=558 mismatches=0
ONLINE_PROGRESS shard=7 episodes=180/200 rows=8610 real=488 mismatches=0
[sidecar pid=476965] 窗 #501 起点 240 耗时 1418 ms（累计 1132s）
ONLINE_PROGRESS shard=7 episodes=200/200 rows=9230 real=508 mismatches=0
[sidecar pid=476965] 收到关闭请求，已服务 508 窗，退出
ONLINE_START_SET=PASS
ONLINE_POS=PASS
ONLINE_ORDER=PASS
ONLINE_ENC_BITEXACT=PASS compared_real=508 mismatches=0
PROVENANCE=PASS
P5_ONLINE=PASS episodes=200 windows=9230 assembly_checked=0 compared_real=508 padded_covered=200 stub=False
SHARD_EXIT_CODE=0 shard=7 phase=real
ONLINE_PROGRESS shard=1 episodes=140/200 rows=7217 real=578 mismatches=0
ONLINE_PROGRESS shard=1 episodes=160/200 rows=7921 real=598 mismatches=0
[sidecar pid=476944] 窗 #601 起点 144 耗时 1429 ms（累计 1226s）
ONLINE_PROGRESS shard=1 episodes=180/200 rows=8269 real=618 mismatches=0
ONLINE_PROGRESS shard=1 episodes=200/200 rows=8909 real=638 mismatches=0
[sidecar pid=476944] 收到关闭请求，已服务 638 窗，退出
ONLINE_START_SET=PASS
ONLINE_POS=PASS
ONLINE_ORDER=PASS
ONLINE_ENC_BITEXACT=PASS compared_real=638 mismatches=0
PROVENANCE=PASS
P5_ONLINE=PASS episodes=200 windows=8909 assembly_checked=0 compared_real=638 padded_covered=200 stub=False
SHARD_EXIT_CODE=0 shard=1 phase=real
warning: The `tool.uv.dev-dependencies` field (used in `packages/openpi-client/pyproject.toml`) is deprecated and will be removed in a future release; use `dependency-groups.dev` instead
ONLINE_STRATA=PASS padded=1600/1600 kmax_ep=367 es_ge1000=4 pad_r=16/16 per_task_min=1
SHARD_SET=PASS shards=8 eps=1600 disjoint=1
ONLINE_START_SET=PASS
ONLINE_POS=PASS
ONLINE_ORDER=PASS
P5_ONLINE=PASS episodes=1600 windows=71316 assembly_checked=71316 compared_real=3139 padded_covered=1600 stub=False
END_UTC=2026-09-18T05:06:18Z
EXIT_CODE=0
