warning: The `tool.uv.dev-dependencies` field (used in `packages/openpi-client/pyproject.toml`) is deprecated and will be removed in a future release; use `dependency-groups.dev` instead
CHECK_HEAD=782696c231aace21c20200638ae302a5a1c7f277
PHASE=stub
START_UTC=2026-09-18T04:32:05Z
ONLINE_SHARD_PID=461669 shard=0
ONLINE_SHARD_PID=461670 shard=1
ONLINE_SHARD_PID=461673 shard=2
ONLINE_SHARD_PID=461675 shard=3
ONLINE_SHARD_PID=461679 shard=4
ONLINE_SHARD_PID=461682 shard=5
ONLINE_SHARD_PID=461685 shard=6
ONLINE_SHARD_PID=461688 shard=7
warning: The `tool.uv.dev-dependencies` field (used in `packages/openpi-client/pyproject.toml`) is deprecated and will be removed in a future release; use `dependency-groups.dev` instead
warning: warning: warning: warning: The `tool.uv.dev-dependencies` field (used in `packages/openpi-client/pyproject.toml`) is deprecated and will be removed in a future release; use `dependency-groups.dev` instead
The `tool.uv.dev-dependencies` field (used in `packages/openpi-client/pyproject.toml`) is deprecated and will be removed in a future release; use `dependency-groups.dev` instead
The `tool.uv.dev-dependencies` field (used in `packages/openpi-client/pyproject.toml`) is deprecated and will be removed in a future release; use `dependency-groups.dev` instead
The `tool.uv.dev-dependencies` field (used in `packages/openpi-client/pyproject.toml`) is deprecated and will be removed in a future release; use `dependency-groups.dev` instead
warning: The `tool.uv.dev-dependencies` field (used in `packages/openpi-client/pyproject.toml`) is deprecated and will be removed in a future release; use `dependency-groups.dev` insteadwarning: The `tool.uv.dev-dependencies` field (used in `packages/openpi-client/pyproject.toml`) is deprecated and will be removed in a future release; use `dependency-groups.dev` instead

warning: The `tool.uv.dev-dependencies` field (used in `packages/openpi-client/pyproject.toml`) is deprecated and will be removed in a future release; use `dependency-groups.dev` instead
YAML_STORE_PATH=PASS path=/scratch/hongze/robomme_policy_learning_MotionJEPA/v1-store/datasets/4task-v2-1600ep-604f16da/motion
YAML_STORE_PATH=PASS path=/scratch/hongze/robomme_policy_learning_MotionJEPA/v1-store/datasets/4task-v2-1600ep-604f16da/motion
YAML_STORE_PATH=PASS path=/scratch/hongze/robomme_policy_learning_MotionJEPA/v1-store/datasets/4task-v2-1600ep-604f16da/motion
YAML_STORE_PATH=PASS path=/scratch/hongze/robomme_policy_learning_MotionJEPA/v1-store/datasets/4task-v2-1600ep-604f16da/motion
YAML_STORE_PATH=PASS path=/scratch/hongze/robomme_policy_learning_MotionJEPA/v1-store/datasets/4task-v2-1600ep-604f16da/motion
YAML_STORE_PATH=PASS path=/scratch/hongze/robomme_policy_learning_MotionJEPA/v1-store/datasets/4task-v2-1600ep-604f16da/motion
YAML_STORE_PATH=PASS path=/scratch/hongze/robomme_policy_learning_MotionJEPA/v1-store/datasets/4task-v2-1600ep-604f16da/motion
YAML_STORE_PATH=PASS path=/scratch/hongze/robomme_policy_learning_MotionJEPA/v1-store/datasets/4task-v2-1600ep-604f16da/motion
GPU_POSEMB_CACHE=PASS sha256=9069eb6e5349241fa5a5a4d2ac7369066aab2e83bbdd7ca0e09e615b88ad415b
GPU_POSEMB_CACHE=PASS sha256=9069eb6e5349241fa5a5a4d2ac7369066aab2e83bbdd7ca0e09e615b88ad415b
GPU_POSEMB_CACHE=PASS sha256=9069eb6e5349241fa5a5a4d2ac7369066aab2e83bbdd7ca0e09e615b88ad415b
GPU_POSEMB_CACHE=PASS sha256=9069eb6e5349241fa5a5a4d2ac7369066aab2e83bbdd7ca0e09e615b88ad415b
GPU_POSEMB_CACHE=PASS sha256=9069eb6e5349241fa5a5a4d2ac7369066aab2e83bbdd7ca0e09e615b88ad415b
GPU_POSEMB_CACHE=PASS sha256=9069eb6e5349241fa5a5a4d2ac7369066aab2e83bbdd7ca0e09e615b88ad415b
warning: `VIRTUAL_ENV=.venv` does not match the project environment path `v1-store/venvs/wan` and will be ignored; use `--active` to target the active environment instead
warning: `VIRTUAL_ENV=.venv` does not match the project environment path `v1-store/venvs/wan` and will be ignored; use `--active` to target the active environment instead
warning: `VIRTUAL_ENV=.venv` does not match the project environment path `v1-store/venvs/wan` and will be ignored; use `--active` to target the active environment instead
GPU_POSEMB_CACHE=PASS sha256=9069eb6e5349241fa5a5a4d2ac7369066aab2e83bbdd7ca0e09e615b88ad415b
GPU_POSEMB_CACHE=PASS sha256=9069eb6e5349241fa5a5a4d2ac7369066aab2e83bbdd7ca0e09e615b88ad415b
warning: `VIRTUAL_ENV=.venv` does not match the project environment path `v1-store/venvs/wan` and will be ignored; use `--active` to target the active environment instead
warning: `VIRTUAL_ENV=.venv` does not match the project environment path `v1-store/venvs/wan` and will be ignored; use `--active` to target the active environment instead
warning: `VIRTUAL_ENV=.venv` does not match the project environment path `v1-store/venvs/wan` and will be ignored; use `--active` to target the active environment instead
warning: `VIRTUAL_ENV=.venv` does not match the project environment path `v1-store/venvs/wan` and will be ignored; use `--active` to target the active environment instead
warning: `VIRTUAL_ENV=.venv` does not match the project environment path `v1-store/venvs/wan` and will be ignored; use `--active` to target the active environment instead
[sidecar pid=461894] 窗 #1 起点 0 耗时 0 ms（累计 2s）
[sidecar pid=461897] 窗 #1 起点 0 耗时 0 ms（累计 2s）
[sidecar pid=461922] 窗 #1 起点 0 耗时 0 ms（累计 2s）
[sidecar pid=461914] 窗 #1 起点 0 耗时 0 ms（累计 2s）
[sidecar pid=461921] 窗 #1 起点 0 耗时 0 ms（累计 2s）
[sidecar pid=461895] 窗 #1 起点 0 耗时 0 ms（累计 3s）
[sidecar pid=462378] 窗 #1 起点 0 耗时 0 ms（累计 3s）
[sidecar pid=462381] 窗 #1 起点 0 耗时 0 ms（累计 3s）
[sidecar pid=461895] 窗 #51 起点 807 耗时 0 ms（累计 4s）
[sidecar pid=461914] 窗 #51 起点 808 耗时 0 ms（累计 4s）
[sidecar pid=461921] 窗 #51 起点 816 耗时 0 ms（累计 4s）
[sidecar pid=462381] 窗 #51 起点 806 耗时 0 ms（累计 4s）
[sidecar pid=462378] 窗 #51 起点 808 耗时 0 ms（累计 4s）
[sidecar pid=461922] 窗 #51 起点 208 耗时 0 ms（累计 4s）
[sidecar pid=461897] 窗 #51 起点 144 耗时 0 ms（累计 5s）
[sidecar pid=461894] 窗 #51 起点 112 耗时 0 ms（累计 5s）
[sidecar pid=461894] 窗 #101 起点 913 耗时 0 ms（累计 7s）
[sidecar pid=461897] 窗 #101 起点 950 耗时 0 ms（累计 7s）
[sidecar pid=461914] 窗 #101 起点 736 耗时 0 ms（累计 7s）
[sidecar pid=462381] 窗 #101 起点 272 耗时 0 ms（累计 7s）
[sidecar pid=461922] 窗 #101 起点 448 耗时 0 ms（累计 8s）
[sidecar pid=461895] 窗 #101 起点 176 耗时 0 ms（累计 8s）
[sidecar pid=461921] 窗 #101 起点 224 耗时 0 ms（累计 8s）
[sidecar pid=462378] 窗 #101 起点 272 耗时 0 ms（累计 8s）
[sidecar pid=461894] 窗 #151 起点 352 耗时 0 ms（累计 10s）
[sidecar pid=461921] 窗 #151 起点 208 耗时 0 ms（累计 10s）
[sidecar pid=461895] 窗 #151 起点 428 耗时 0 ms（累计 11s）
[sidecar pid=462381] 窗 #151 起点 160 耗时 0 ms（累计 10s）
[sidecar pid=461914] 窗 #151 起点 336 耗时 0 ms（累计 11s）
[sidecar pid=461897] 窗 #151 起点 144 耗时 0 ms（累计 11s）
[sidecar pid=461922] 窗 #151 起点 112 耗时 0 ms（累计 11s）
[sidecar pid=462378] 窗 #151 起点 192 耗时 0 ms（累计 12s）
[sidecar pid=461894] 窗 #201 起点 208 耗时 0 ms（累计 13s）
[sidecar pid=461922] 窗 #201 起点 913 耗时 0 ms（累计 13s）
[sidecar pid=461921] 窗 #201 起点 416 耗时 0 ms（累计 13s）
[sidecar pid=461897] 窗 #201 起点 948 耗时 0 ms（累计 14s）
[sidecar pid=462378] 窗 #201 起点 1001 耗时 0 ms（累计 14s）
[sidecar pid=461895] 窗 #201 起点 192 耗时 0 ms（累计 15s）
[sidecar pid=462381] 窗 #201 起点 144 耗时 0 ms（累计 14s）
[sidecar pid=461914] 窗 #201 起点 64 耗时 0 ms（累计 15s）
[sidecar pid=462381] 窗 #251 起点 956 耗时 0 ms（累计 16s）
[sidecar pid=461922] 窗 #251 起点 554 耗时 0 ms（累计 16s）
[sidecar pid=461894] 窗 #251 起点 64 耗时 0 ms（累计 17s）
[sidecar pid=461897] 窗 #251 起点 514 耗时 0 ms（累计 17s）
[sidecar pid=461895] 窗 #251 起点 1001 耗时 0 ms（累计 17s）
[sidecar pid=461921] 窗 #251 起点 240 耗时 0 ms（累计 17s）
[sidecar pid=462378] 窗 #251 起点 128 耗时 0 ms（累计 18s）
[sidecar pid=461894] 窗 #301 起点 869 耗时 0 ms（累计 18s）
[sidecar pid=461914] 窗 #251 起点 48 耗时 0 ms（累计 19s）
[sidecar pid=462381] 窗 #301 起点 480 耗时 0 ms（累计 19s）
[sidecar pid=461921] 窗 #301 起点 1047 耗时 0 ms（累计 19s）
[sidecar pid=461922] 窗 #301 起点 432 耗时 0 ms（累计 20s）
[sidecar pid=461895] 窗 #301 起点 727 耗时 0 ms（累计 20s）
[sidecar pid=461897] 窗 #301 起点 412 耗时 0 ms（累计 20s）
[sidecar pid=462378] 窗 #301 起点 935 耗时 0 ms（累计 20s）
[sidecar pid=461914] 窗 #301 起点 858 耗时 0 ms（累计 20s）
[sidecar pid=461922] 窗 #351 起点 1239 耗时 0 ms（累计 22s）
[sidecar pid=462381] 窗 #351 起点 48 耗时 0 ms（累计 22s）
[sidecar pid=461894] 窗 #351 起点 160 耗时 0 ms（累计 22s）
[sidecar pid=461921] 窗 #351 起点 640 耗时 0 ms（累计 23s）
[sidecar pid=462378] 窗 #351 起点 224 耗时 0 ms（累计 23s）
[sidecar pid=461897] 窗 #351 起点 652 耗时 0 ms（累计 23s）
[sidecar pid=461895] 窗 #351 起点 550 耗时 0 ms（累计 24s）
[sidecar pid=461894] 窗 #401 起点 80 耗时 0 ms（累计 25s）
[sidecar pid=461914] 窗 #351 起点 224 耗时 0 ms（累计 25s）
[sidecar pid=462381] 窗 #401 起点 358 耗时 0 ms（累计 25s）
[sidecar pid=461922] 窗 #401 起点 737 耗时 0 ms（累计 25s）
[sidecar pid=461897] 窗 #401 起点 603 耗时 0 ms（累计 26s）
[sidecar pid=462378] 窗 #401 起点 432 耗时 0 ms（累计 26s）
[sidecar pid=461921] 窗 #401 起点 144 耗时 0 ms（累计 26s）
[sidecar pid=461895] 窗 #401 起点 192 耗时 0 ms（累计 28s）
[sidecar pid=461914] 窗 #401 起点 1038 耗时 0 ms（累计 27s）
[sidecar pid=461894] 窗 #451 起点 320 耗时 0 ms（累计 28s）
[sidecar pid=462381] 窗 #451 起点 624 耗时 0 ms（累计 28s）
[sidecar pid=461922] 窗 #451 起点 594 耗时 0 ms（累计 28s）
[sidecar pid=461921] 窗 #451 起点 953 耗时 0 ms（累计 29s）
[sidecar pid=462378] 窗 #451 起点 1237 耗时 0 ms（累计 29s）
[sidecar pid=461895] 窗 #451 起点 16 耗时 0 ms（累计 30s）
[sidecar pid=461897] 窗 #451 起点 16 耗时 0 ms（累计 31s）
[sidecar pid=461914] 窗 #451 起点 736 耗时 0 ms（累计 31s）
[sidecar pid=461894] 窗 #501 起点 240 耗时 0 ms（累计 31s）
[sidecar pid=461897] 窗 #501 起点 825 耗时 0 ms（累计 32s）
[sidecar pid=461895] 窗 #501 起点 288 耗时 0 ms（累计 32s）
[sidecar pid=462381] 窗 #501 起点 96 耗时 0 ms（累计 32s）
[sidecar pid=461922] 窗 #501 起点 16 耗时 0 ms（累计 33s）
[sidecar pid=462378] 窗 #501 起点 641 耗时 0 ms（累计 32s）
[sidecar pid=461921] 窗 #501 起点 16 耗时 0 ms（累计 34s）
[sidecar pid=461894] 窗 #551 起点 160 耗时 0 ms（累计 34s）
[sidecar pid=462381] 窗 #551 起点 911 耗时 0 ms（累计 34s）
[sidecar pid=461922] 窗 #551 起点 821 耗时 0 ms（累计 34s）
[sidecar pid=461914] 窗 #501 起点 224 耗时 0 ms（累计 34s）
[sidecar pid=461921] 窗 #551 起点 825 耗时 0 ms（累计 35s）
[sidecar pid=461895] 窗 #551 起点 504 耗时 0 ms（累计 35s）
[sidecar pid=461897] 窗 #551 起点 448 耗时 0 ms（累计 36s）
[sidecar pid=461894] 窗 #601 起点 432 耗时 0 ms（累计 37s）
[sidecar pid=462378] 窗 #551 起点 96 耗时 0 ms（累计 37s）
[sidecar pid=461914] 窗 #551 起点 176 耗时 0 ms（累计 37s）
[sidecar pid=461922] 窗 #601 起点 487 耗时 0 ms（累计 37s）
[sidecar pid=462381] 窗 #601 起点 368 耗时 0 ms（累计 37s）
[sidecar pid=461897] 窗 #601 起点 1251 耗时 0 ms（累计 38s）
[sidecar pid=461895] 窗 #601 起点 772 耗时 0 ms（累计 38s）
[sidecar pid=461921] 窗 #601 起点 352 耗时 0 ms（累计 39s）
[sidecar pid=462378] 窗 #601 起点 911 耗时 0 ms（累计 39s）
[sidecar pid=461894] 窗 #651 起点 331 耗时 0 ms（累计 40s）
[sidecar pid=461922] 窗 #651 起点 433 耗时 0 ms（累计 41s）
[sidecar pid=461914] 窗 #601 起点 416 耗时 0 ms（累计 41s）
[sidecar pid=461921] 窗 #651 起点 1167 耗时 0 ms（累计 41s）
[sidecar pid=461897] 窗 #651 起点 764 耗时 0 ms（累计 41s）
[sidecar pid=461895] 窗 #651 起点 336 耗时 0 ms（累计 42s）
[sidecar pid=462381] 窗 #651 起点 0 耗时 0 ms（累计 42s）
[sidecar pid=462378] 窗 #651 起点 672 耗时 0 ms（累计 42s）
[sidecar pid=461894] 窗 #701 起点 564 耗时 0 ms（累计 43s）
[sidecar pid=461914] 窗 #651 起点 1222 耗时 0 ms（累计 43s）
[sidecar pid=462381] 窗 #701 起点 803 耗时 0 ms（累计 43s）
[sidecar pid=461921] 窗 #701 起点 690 耗时 0 ms（累计 44s）
[sidecar pid=461895] 窗 #701 起点 1141 耗时 0 ms（累计 44s）
[sidecar pid=461897] 窗 #701 起点 688 耗时 0 ms（累计 44s）
[sidecar pid=461922] 窗 #701 起点 112 耗时 0 ms（累计 45s）
[sidecar pid=461894] 窗 #751 起点 323 耗时 0 ms（累计 46s）
[sidecar pid=462378] 窗 #701 起点 288 耗时 0 ms（累计 46s）
[sidecar pid=461922] 窗 #751 起点 922 耗时 0 ms（累计 47s）
[sidecar pid=461895] 窗 #751 起点 741 耗时 0 ms（累计 47s）
[sidecar pid=461914] 窗 #701 起点 128 耗时 0 ms（累计 47s）
[sidecar pid=461897] 窗 #751 起点 304 耗时 0 ms（累计 47s）
[sidecar pid=461921] 窗 #751 起点 523 耗时 0 ms（累计 47s）
[sidecar pid=462381] 窗 #751 起点 272 耗时 0 ms（累计 47s）
[sidecar pid=461894] 窗 #801 起点 539 耗时 0 ms（累计 49s）
[sidecar pid=462378] 窗 #751 起点 496 耗时 0 ms（累计 49s）
[sidecar pid=462381] 窗 #801 起点 1079 耗时 0 ms（累计 49s）
[sidecar pid=461914] 窗 #751 起点 48 耗时 0 ms（累计 50s）
[sidecar pid=461922] 窗 #801 起点 384 耗时 0 ms（累计 50s）
[sidecar pid=461921] 窗 #801 起点 466 耗时 0 ms（累计 50s）
[sidecar pid=461897] 窗 #801 起点 480 耗时 0 ms（累计 51s）
[sidecar pid=461895] 窗 #801 起点 304 耗时 0 ms（累计 51s）
[sidecar pid=461894] 窗 #851 起点 752 耗时 0 ms（累计 52s）
[sidecar pid=462378] 窗 #801 起点 1309 耗时 0 ms（累计 52s）
[sidecar pid=461914] 窗 #801 起点 320 耗时 0 ms（累计 53s）
[sidecar pid=462381] 窗 #851 起点 684 耗时 0 ms（累计 52s）
[sidecar pid=461895] 窗 #851 起点 1111 耗时 0 ms（累计 53s）
[sidecar pid=461922] 窗 #851 起点 374 耗时 0 ms（累计 53s）
[sidecar pid=461921] 窗 #851 起点 352 耗时 0 ms（累计 53s）
[sidecar pid=461897] 窗 #851 起点 112 耗时 0 ms（累计 54s）
[sidecar pid=462378] 窗 #851 起点 608 耗时 0 ms（累计 55s）
[sidecar pid=461894] 窗 #901 起点 368 耗时 0 ms（累计 56s）
[sidecar pid=461914] 窗 #851 起点 208 耗时 0 ms（累计 56s）
[sidecar pid=461922] 窗 #901 起点 616 耗时 0 ms（累计 56s）
[sidecar pid=461895] 窗 #901 起点 619 耗时 0 ms（累计 56s）
[sidecar pid=462381] 窗 #901 起点 32 耗时 0 ms（累计 57s）
[sidecar pid=461921] 窗 #901 起点 208 耗时 0 ms（累计 57s）
[sidecar pid=461897] 窗 #901 起点 352 耗时 0 ms（累计 58s）
[sidecar pid=461894] 窗 #951 起点 1172 耗时 0 ms（累计 58s）
[sidecar pid=462378] 窗 #901 起点 112 耗时 0 ms（累计 58s）
[sidecar pid=462381] 窗 #951 起点 837 耗时 0 ms（累计 58s）
[sidecar pid=461914] 窗 #901 起点 96 耗时 0 ms（累计 59s）
[sidecar pid=461895] 窗 #951 起点 561 耗时 0 ms（累计 60s）
[sidecar pid=461897] 窗 #951 起点 1168 耗时 0 ms（累计 60s）
[sidecar pid=461921] 窗 #951 起点 1013 耗时 0 ms（累计 60s）
[sidecar pid=461922] 窗 #951 起点 592 耗时 0 ms（累计 60s）
[sidecar pid=462378] 窗 #951 起点 128 耗时 0 ms（累计 61s）
[sidecar pid=461914] 窗 #951 起点 909 耗时 0 ms（累计 61s）
[sidecar pid=461894] 窗 #1001 起点 288 耗时 0 ms（累计 62s）
[sidecar pid=461922] 窗 #1001 起点 1403 耗时 0 ms（累计 62s）
[sidecar pid=461895] 窗 #1001 起点 320 耗时 0 ms（累计 63s）
[sidecar pid=461921] 窗 #1001 起点 672 耗时 0 ms（累计 62s）
[sidecar pid=461897] 窗 #1001 起点 693 耗时 0 ms（累计 63s）
[sidecar pid=462381] 窗 #1001 起点 224 耗时 0 ms（累计 63s）
[sidecar pid=461894] 窗 #1051 起点 1104 耗时 0 ms（累计 64s）
[sidecar pid=462378] 窗 #1001 起点 400 耗时 0 ms（累计 64s）
[sidecar pid=461914] 窗 #1001 起点 688 耗时 0 ms（累计 65s）
[sidecar pid=462381] 窗 #1051 起点 1027 耗时 0 ms（累计 64s）
[sidecar pid=461922] 窗 #1051 起点 608 耗时 0 ms（累计 66s）
[sidecar pid=461895] 窗 #1051 起点 304 耗时 0 ms（累计 66s）
[sidecar pid=461897] 窗 #1051 起点 576 耗时 0 ms（累计 66s）
[sidecar pid=461921] 窗 #1051 起点 112 耗时 0 ms（累计 66s）
[sidecar pid=462378] 窗 #1051 起点 1203 耗时 0 ms（累计 67s）
[sidecar pid=461914] 窗 #1051 起点 1502 耗时 0 ms（累计 67s）
[sidecar pid=461894] 窗 #1101 起点 400 耗时 0 ms（累计 68s）
[sidecar pid=461895] 窗 #1101 起点 1110 耗时 0 ms（累计 68s）
ONLINE_PROGRESS shard=2 episodes=20/200 rows=1108 real=0 mismatches=0
[sidecar pid=461922] 窗 #1101 起点 1416 耗时 0 ms（累计 68s）
[sidecar pid=462381] 窗 #1101 起点 464 耗时 0 ms（累计 68s）
[sidecar pid=461897] 窗 #1101 起点 1378 耗时 0 ms（累计 69s）
[sidecar pid=461894] 窗 #1151 起点 1211 耗时 0 ms（累计 70s）
[sidecar pid=461921] 窗 #1101 起点 32 耗时 0 ms（累计 70s）
[sidecar pid=462378] 窗 #1101 起点 642 耗时 0 ms（累计 70s）
[sidecar pid=461914] 窗 #1101 起点 640 耗时 0 ms（累计 70s）
[sidecar pid=462381] 窗 #1151 起点 1280 耗时 0 ms（累计 70s）
ONLINE_PROGRESS shard=1 episodes=20/200 rows=1172 real=0 mismatches=0
[sidecar pid=461922] 窗 #1151 起点 659 耗时 0 ms（累计 71s）
[sidecar pid=461895] 窗 #1151 起点 679 耗时 0 ms（累计 72s）
[sidecar pid=461921] 窗 #1151 起点 834 耗时 0 ms（累计 72s）
[sidecar pid=461897] 窗 #1151 起点 605 耗时 0 ms（累计 72s）
ONLINE_PROGRESS shard=3 episodes=20/200 rows=1172 real=0 mismatches=0
ONLINE_PROGRESS shard=4 episodes=20/200 rows=1166 real=0 mismatches=0
[sidecar pid=461894] 窗 #1201 起点 448 耗时 0 ms（累计 73s）
[sidecar pid=462378] 窗 #1151 起点 304 耗时 0 ms（累计 74s）
[sidecar pid=462381] 窗 #1201 起点 480 耗时 0 ms（累计 74s）
[sidecar pid=461914] 窗 #1151 起点 80 耗时 0 ms（累计 75s）
[sidecar pid=461921] 窗 #1201 起点 731 耗时 0 ms（累计 75s）
[sidecar pid=461922] 窗 #1201 起点 448 耗时 0 ms（累计 75s）
[sidecar pid=461897] 窗 #1201 起点 544 耗时 0 ms（累计 76s）
[sidecar pid=461895] 窗 #1201 起点 176 耗时 0 ms（累计 76s）
ONLINE_PROGRESS shard=5 episodes=20/200 rows=1198 real=0 mismatches=0
[sidecar pid=461914] 窗 #1201 起点 883 耗时 0 ms（累计 76s）
ONLINE_PROGRESS shard=7 episodes=20/200 rows=1232 real=0 mismatches=0
ONLINE_PROGRESS shard=6 episodes=20/200 rows=1202 real=0 mismatches=0
[sidecar pid=461922] 窗 #1251 起点 1252 耗时 0 ms（累计 77s）
[sidecar pid=462378] 窗 #1201 起点 32 耗时 0 ms（累计 77s）
[sidecar pid=461895] 窗 #1251 起点 983 耗时 0 ms（累计 78s）
[sidecar pid=461894] 窗 #1251 起点 48 耗时 0 ms（累计 78s）
[sidecar pid=461897] 窗 #1251 起点 1348 耗时 0 ms（累计 78s）
[sidecar pid=461921] 窗 #1251 起点 288 耗时 0 ms（累计 79s）
[sidecar pid=461894] 窗 #1301 起点 863 耗时 0 ms（累计 79s）
[sidecar pid=462381] 窗 #1251 起点 48 耗时 0 ms（累计 79s）
[sidecar pid=461914] 窗 #1251 起点 772 耗时 0 ms（累计 79s）
[sidecar pid=462381] 窗 #1301 起点 848 耗时 0 ms（累计 80s）
[sidecar pid=462378] 窗 #1251 起点 48 耗时 0 ms（累计 80s）
[sidecar pid=461921] 窗 #1301 起点 1097 耗时 0 ms（累计 80s）
[sidecar pid=461922] 窗 #1301 起点 528 耗时 0 ms（累计 81s）
[sidecar pid=461895] 窗 #1301 起点 544 耗时 0 ms（累计 81s）
[sidecar pid=461897] 窗 #1301 起点 542 耗时 0 ms（累计 81s）
[sidecar pid=461914] 窗 #1301 起点 722 耗时 0 ms（累计 82s）
[sidecar pid=461894] 窗 #1351 起点 384 耗时 0 ms（累计 83s）
[sidecar pid=462381] 窗 #1351 起点 1663 耗时 0 ms（累计 83s）
ONLINE_PROGRESS shard=0 episodes=20/200 rows=1354 real=0 mismatches=0
[sidecar pid=461895] 窗 #1351 起点 1359 耗时 0 ms（累计 83s）
[sidecar pid=461921] 窗 #1351 起点 336 耗时 0 ms（累计 84s）
[sidecar pid=462378] 窗 #1301 起点 0 耗时 0 ms（累计 84s）
[sidecar pid=461897] 窗 #1351 起点 576 耗时 0 ms（累计 85s）
[sidecar pid=461894] 窗 #1401 起点 1196 耗时 0 ms（累计 85s）
[sidecar pid=461914] 窗 #1351 起点 674 耗时 0 ms（累计 85s）
[sidecar pid=462378] 窗 #1351 起点 809 耗时 0 ms（累计 85s）
[sidecar pid=461922] 窗 #1351 起点 64 耗时 0 ms（累计 85s）
[sidecar pid=462381] 窗 #1401 起点 736 耗时 0 ms（累计 86s）
[sidecar pid=461922] 窗 #1401 起点 867 耗时 0 ms（累计 87s）
[sidecar pid=461895] 窗 #1401 起点 528 耗时 0 ms（累计 87s）
[sidecar pid=461897] 窗 #1401 起点 1386 耗时 0 ms（累计 87s）
[sidecar pid=461894] 窗 #1451 起点 726 耗时 0 ms（累计 88s）
[sidecar pid=461921] 窗 #1401 起点 224 耗时 0 ms（累计 88s）
[sidecar pid=462378] 窗 #1401 起点 662 耗时 0 ms（累计 88s）
[sidecar pid=461914] 窗 #1401 起点 560 耗时 0 ms（累计 89s）
[sidecar pid=461895] 窗 #1451 起点 1330 耗时 0 ms（累计 89s）
[sidecar pid=461922] 窗 #1451 起点 1667 耗时 0 ms（累计 89s）
[sidecar pid=461921] 窗 #1451 起点 1027 耗时 0 ms（累计 90s）
[sidecar pid=461897] 窗 #1451 起点 688 耗时 0 ms（累计 90s）
[sidecar pid=462381] 窗 #1451 起点 16 耗时 0 ms（累计 91s）
[sidecar pid=461914] 窗 #1451 起点 1372 耗时 0 ms（累计 92s）
[sidecar pid=462378] 窗 #1451 起点 480 耗时 0 ms（累计 92s）
[sidecar pid=461895] 窗 #1501 起点 576 耗时 0 ms（累计 92s）
[sidecar pid=462381] 窗 #1501 起点 821 耗时 0 ms（累计 92s）
[sidecar pid=461922] 窗 #1501 起点 784 耗时 0 ms（累计 92s）
[sidecar pid=461894] 窗 #1501 起点 224 耗时 0 ms（累计 93s）
[sidecar pid=461921] 窗 #1501 起点 432 耗时 0 ms（累计 94s）
[sidecar pid=461897] 窗 #1501 起点 0 耗时 0 ms（累计 94s）
[sidecar pid=462378] 窗 #1501 起点 1286 耗时 0 ms（累计 94s）
[sidecar pid=461914] 窗 #1501 起点 642 耗时 0 ms（累计 95s）
[sidecar pid=461894] 窗 #1551 起点 1034 耗时 0 ms（累计 95s）
[sidecar pid=461922] 窗 #1551 起点 1588 耗时 0 ms（累计 95s）
[sidecar pid=461921] 窗 #1551 起点 1239 耗时 0 ms（累计 95s）
[sidecar pid=461895] 窗 #1551 起点 80 耗时 0 ms（累计 97s）
[sidecar pid=462381] 窗 #1551 起点 32 耗时 0 ms（累计 97s）
[sidecar pid=461897] 窗 #1551 起点 48 耗时 0 ms（累计 98s）
[sidecar pid=461895] 窗 #1601 起点 881 耗时 0 ms（累计 98s）
[sidecar pid=462378] 窗 #1551 起点 720 耗时 0 ms（累计 98s）
[sidecar pid=461914] 窗 #1551 起点 599 耗时 0 ms（累计 98s）
[sidecar pid=461894] 窗 #1601 起点 240 耗时 0 ms（累计 98s）
[sidecar pid=462381] 窗 #1601 起点 843 耗时 0 ms（累计 98s）
[sidecar pid=461922] 窗 #1601 起点 685 耗时 0 ms（累计 98s）
[sidecar pid=461897] 窗 #1601 起点 856 耗时 0 ms（累计 99s）
[sidecar pid=461921] 窗 #1601 起点 384 耗时 0 ms（累计 99s）
[sidecar pid=462378] 窗 #1601 起点 1532 耗时 0 ms（累计 101s）
[sidecar pid=461895] 窗 #1651 起点 480 耗时 0 ms（累计 101s）
[sidecar pid=461914] 窗 #1601 起点 544 耗时 0 ms（累计 101s）
[sidecar pid=461894] 窗 #1651 起点 64 耗时 0 ms（累计 102s）
[sidecar pid=461922] 窗 #1651 起点 240 耗时 0 ms（累计 102s）
[sidecar pid=461897] 窗 #1651 起点 745 耗时 0 ms（累计 102s）
[sidecar pid=462381] 窗 #1651 起点 464 耗时 0 ms（累计 102s）
[sidecar pid=461894] 窗 #1701 起点 871 耗时 0 ms（累计 103s）
[sidecar pid=461921] 窗 #1651 起点 16 耗时 0 ms（累计 104s）
[sidecar pid=461922] 窗 #1701 起点 1054 耗时 0 ms（累计 104s）
[sidecar pid=462378] 窗 #1651 起点 686 耗时 0 ms（累计 104s）
[sidecar pid=462381] 窗 #1701 起点 1278 耗时 0 ms（累计 104s）
[sidecar pid=461921] 窗 #1701 起点 827 耗时 0 ms（累计 105s）
[sidecar pid=461897] 窗 #1701 起点 592 耗时 0 ms（累计 106s）
[sidecar pid=461895] 窗 #1701 起点 16 耗时 0 ms（累计 106s）
[sidecar pid=461914] 窗 #1651 起点 144 耗时 0 ms（累计 106s）
[sidecar pid=461894] 窗 #1751 起点 720 耗时 0 ms（累计 107s）
[sidecar pid=461895] 窗 #1751 起点 823 耗时 0 ms（累计 107s）
[sidecar pid=461922] 窗 #1751 起点 623 耗时 0 ms（累计 107s）
[sidecar pid=462378] 窗 #1701 起点 635 耗时 0 ms（累计 107s）
[sidecar pid=462381] 窗 #1751 起点 525 耗时 0 ms（累计 107s）
[sidecar pid=461914] 窗 #1701 起点 945 耗时 0 ms（累计 107s）
[sidecar pid=461894] 窗 #1801 起点 1528 耗时 0 ms（累计 109s）
[sidecar pid=461897] 窗 #1751 起点 96 耗时 0 ms（累计 110s）
[sidecar pid=461921] 窗 #1751 起点 0 耗时 0 ms（累计 110s）
[sidecar pid=461922] 窗 #1801 起点 208 耗时 0 ms（累计 110s）
[sidecar pid=461895] 窗 #1801 起点 64 耗时 0 ms（累计 111s）
[sidecar pid=462378] 窗 #1751 起点 640 耗时 0 ms（累计 111s）
[sidecar pid=461921] 窗 #1801 起点 803 耗时 0 ms（累计 111s）
[sidecar pid=461897] 窗 #1801 起点 906 耗时 0 ms（累计 112s）
[sidecar pid=461914] 窗 #1751 起点 448 耗时 0 ms（累计 112s）
[sidecar pid=462381] 窗 #1801 起点 464 耗时 0 ms（累计 112s）
[sidecar pid=461895] 窗 #1851 起点 872 耗时 0 ms（累计 112s）
[sidecar pid=461894] 窗 #1851 起点 742 耗时 0 ms（累计 113s）
[sidecar pid=462378] 窗 #1801 起点 1451 耗时 0 ms（累计 113s）
[sidecar pid=461922] 窗 #1851 起点 128 耗时 0 ms（累计 113s）
[sidecar pid=461914] 窗 #1801 起点 1249 耗时 0 ms（累计 114s）
[sidecar pid=462381] 窗 #1851 起点 1266 耗时 0 ms（累计 114s）
[sidecar pid=461897] 窗 #1851 起点 761 耗时 0 ms（累计 115s）
[sidecar pid=461895] 窗 #1901 起点 752 耗时 0 ms（累计 116s）
[sidecar pid=461921] 窗 #1851 起点 80 耗时 0 ms（累计 115s）
[sidecar pid=461922] 窗 #1901 起点 48 耗时 0 ms（累计 116s）
[sidecar pid=462378] 窗 #1851 起点 592 耗时 0 ms（累计 117s）
[sidecar pid=461914] 窗 #1851 起点 511 耗时 0 ms（累计 117s）
[sidecar pid=461894] 窗 #1901 起点 240 耗时 0 ms（累计 117s）
[sidecar pid=461921] 窗 #1901 起点 883 耗时 0 ms（累计 117s）
[sidecar pid=461895] 窗 #1951 起点 1553 耗时 0 ms（累计 118s）
[sidecar pid=461922] 窗 #1951 起点 858 耗时 0 ms（累计 118s）
[sidecar pid=462381] 窗 #1901 起点 416 耗时 0 ms（累计 118s）
[sidecar pid=461897] 窗 #1901 起点 352 耗时 0 ms（累计 119s）
[sidecar pid=461894] 窗 #1951 起点 1054 耗时 0 ms（累计 119s）
[sidecar pid=462378] 窗 #1901 起点 1398 耗时 0 ms（累计 119s）
[sidecar pid=462381] 窗 #1951 起点 1223 耗时 0 ms（累计 120s）
[sidecar pid=461921] 窗 #1951 起点 544 耗时 0 ms（累计 121s）
[sidecar pid=461922] 窗 #2001 起点 717 耗时 0 ms（累计 121s）
[sidecar pid=461914] 窗 #1901 起点 384 耗时 0 ms（累计 121s）
[sidecar pid=461895] 窗 #2001 起点 608 耗时 0 ms（累计 121s）
[sidecar pid=461894] 窗 #2001 起点 480 耗时 0 ms（累计 123s）
[sidecar pid=461914] 窗 #1951 起点 1192 耗时 0 ms（累计 123s）
[sidecar pid=461921] 窗 #2001 起点 1352 耗时 0 ms（累计 123s）
[sidecar pid=461897] 窗 #1951 起点 208 耗时 0 ms（累计 123s）
[sidecar pid=462378] 窗 #1951 起点 704 耗时 0 ms（累计 123s）
[sidecar pid=461922] 窗 #2051 起点 688 耗时 0 ms（累计 124s）
[sidecar pid=461897] 窗 #2001 起点 1017 耗时 0 ms（累计 124s）
[sidecar pid=462381] 窗 #2001 起点 336 耗时 0 ms（累计 124s）
[sidecar pid=461895] 窗 #2051 起点 176 耗时 0 ms（累计 125s）
[sidecar pid=462378] 窗 #2001 起点 1516 耗时 0 ms（累计 126s）
[sidecar pid=461914] 窗 #2001 起点 500 耗时 0 ms（累计 126s）
[sidecar pid=461921] 窗 #2051 起点 505 耗时 0 ms（累计 126s）
[sidecar pid=462381] 窗 #2051 起点 1145 耗时 0 ms（累计 127s）
[sidecar pid=461894] 窗 #2051 起点 48 耗时 0 ms（累计 127s）
[sidecar pid=461922] 窗 #2101 起点 64 耗时 0 ms（累计 128s）
[sidecar pid=461894] 窗 #2101 起点 857 耗时 0 ms（累计 128s）
[sidecar pid=461895] 窗 #2101 起点 0 耗时 0 ms（累计 128s）
[sidecar pid=461897] 窗 #2051 起点 192 耗时 0 ms（累计 129s）
[sidecar pid=461922] 窗 #2151 起点 870 耗时 0 ms（累计 129s）
[sidecar pid=462378] 窗 #2051 起点 720 耗时 0 ms（累计 129s）
[sidecar pid=461921] 窗 #2101 起点 526 耗时 0 ms（累计 130s）
[sidecar pid=461895] 窗 #2151 起点 803 耗时 0 ms（累计 130s）
[sidecar pid=461914] 窗 #2051 起点 416 耗时 0 ms（累计 130s）
[sidecar pid=461897] 窗 #2101 起点 1004 耗时 0 ms（累计 130s）
[sidecar pid=462381] 窗 #2101 起点 672 耗时 0 ms（累计 130s）
[sidecar pid=461922] 窗 #2201 起点 752 耗时 0 ms（累计 132s）
[sidecar pid=461894] 窗 #2151 起点 352 耗时 0 ms（累计 133s）
[sidecar pid=461895] 窗 #2201 起点 720 耗时 0 ms（累计 133s）
[sidecar pid=462381] 窗 #2151 起点 1486 耗时 0 ms（累计 133s）
[sidecar pid=462378] 窗 #2101 起点 32 耗时 0 ms（累计 134s）
[sidecar pid=461921] 窗 #2151 起点 400 耗时 0 ms（累计 134s）
[sidecar pid=461894] 窗 #2201 起点 1155 耗时 0 ms（累计 135s）
[sidecar pid=461914] 窗 #2101 起点 48 耗时 0 ms（累计 135s）
[sidecar pid=461922] 窗 #2251 起点 1564 耗时 0 ms（累计 135s）
[sidecar pid=462378] 窗 #2151 起点 837 耗时 0 ms（累计 135s）
[sidecar pid=461895] 窗 #2251 起点 1527 耗时 0 ms（累计 136s）
[sidecar pid=461897] 窗 #2151 起点 208 耗时 0 ms（累计 136s）
[sidecar pid=461921] 窗 #2201 起点 1210 耗时 0 ms（累计 136s）
[sidecar pid=461914] 窗 #2151 起点 856 耗时 0 ms（累计 136s）
[sidecar pid=461897] 窗 #2201 起点 1008 耗时 0 ms（累计 137s）
[sidecar pid=462381] 窗 #2201 起点 752 耗时 0 ms（累计 137s）
[sidecar pid=461894] 窗 #2251 起点 602 耗时 0 ms（累计 138s）
[sidecar pid=461922] 窗 #2301 起点 704 耗时 0 ms（累计 138s）
[sidecar pid=461897] 窗 #2251 起点 1823 耗时 0 ms（累计 139s）
[sidecar pid=461895] 窗 #2301 起点 736 耗时 0 ms（累计 140s）
[sidecar pid=462378] 窗 #2201 起点 464 耗时 0 ms（累计 140s）
[sidecar pid=461921] 窗 #2251 起点 288 耗时 0 ms（累计 140s）
[sidecar pid=462381] 窗 #2251 起点 1566 耗时 0 ms（累计 140s）
[sidecar pid=461922] 窗 #2351 起点 1509 耗时 0 ms（累计 141s）
[sidecar pid=461914] 窗 #2201 起点 320 耗时 0 ms（累计 141s）
[sidecar pid=461921] 窗 #2301 起点 1095 耗时 0 ms（累计 142s）
[sidecar pid=462378] 窗 #2251 起点 1270 耗时 0 ms（累计 142s）
[sidecar pid=461895] 窗 #2351 起点 1552 耗时 0 ms（累计 143s）
[sidecar pid=461894] 窗 #2301 起点 512 耗时 0 ms（累计 143s）
[sidecar pid=461914] 窗 #2251 起点 1133 耗时 0 ms（累计 143s）
[sidecar pid=461897] 窗 #2301 起点 576 耗时 0 ms（累计 144s）
[sidecar pid=462381] 窗 #2301 起点 771 耗时 0 ms（累计 144s）
[sidecar pid=461922] 窗 #2401 起点 752 耗时 0 ms（累计 144s）
[sidecar pid=461894] 窗 #2351 起点 1318 耗时 0 ms（累计 145s）
[sidecar pid=461897] 窗 #2351 起点 1380 耗时 0 ms（累计 146s）
[sidecar pid=462378] 窗 #2301 起点 384 耗时 0 ms（累计 146s）
[sidecar pid=461895] 窗 #2401 起点 432 耗时 0 ms（累计 146s）
[sidecar pid=461922] 窗 #2451 起点 1561 耗时 0 ms（累计 147s）
[sidecar pid=461921] 窗 #2351 起点 272 耗时 0 ms（累计 147s）
[sidecar pid=461894] 窗 #2401 起点 2118 耗时 0 ms（累计 148s）
[sidecar pid=461895] 窗 #2451 起点 1245 耗时 0 ms（累计 149s）
[sidecar pid=461921] 窗 #2401 起点 1074 耗时 0 ms（累计 148s）
[sidecar pid=462381] 窗 #2351 起点 432 耗时 0 ms（累计 149s）
[sidecar pid=461914] 窗 #2301 起点 240 耗时 0 ms（累计 149s）
[sidecar pid=461922] 窗 #2501 起点 480 耗时 0 ms（累计 150s）
[sidecar pid=461914] 窗 #2351 起点 1042 耗时 0 ms（累计 150s）
[sidecar pid=461897] 窗 #2401 起点 240 耗时 0 ms（累计 151s）
[sidecar pid=462378] 窗 #2351 起点 48 耗时 0 ms（累计 151s）
[sidecar pid=462381] 窗 #2401 起点 1244 耗时 0 ms（累计 151s）
[sidecar pid=461895] 窗 #2501 起点 743 耗时 0 ms（累计 152s）
[sidecar pid=461897] 窗 #2451 起点 1053 耗时 0 ms（累计 152s）
[sidecar pid=461921] 窗 #2451 起点 384 耗时 0 ms（累计 152s）
[sidecar pid=462378] 窗 #2401 起点 849 耗时 0 ms（累计 152s）
[sidecar pid=461922] 窗 #2551 起点 1284 耗时 0 ms（累计 153s）
[sidecar pid=461894] 窗 #2451 起点 784 耗时 0 ms（累计 153s）
[sidecar pid=461914] 窗 #2401 起点 1842 耗时 0 ms（累计 154s）
[sidecar pid=461921] 窗 #2501 起点 1193 耗时 0 ms（累计 154s）
[sidecar pid=462381] 窗 #2451 起点 416 耗时 0 ms（累计 155s）
[sidecar pid=461894] 窗 #2501 起点 1594 耗时 0 ms（累计 156s）
[sidecar pid=462378] 窗 #2451 起点 416 耗时 0 ms（累计 157s）
[sidecar pid=461922] 窗 #2601 起点 688 耗时 0 ms（累计 157s）
[sidecar pid=461895] 窗 #2551 起点 304 耗时 0 ms（累计 158s）
[sidecar pid=461897] 窗 #2501 起点 224 耗时 0 ms（累计 158s）
[sidecar pid=461921] 窗 #2551 起点 765 耗时 0 ms（累计 158s）
[sidecar pid=461914] 窗 #2451 起点 704 耗时 0 ms（累计 158s）
[sidecar pid=461897] 窗 #2551 起点 1036 耗时 0 ms（累计 159s）
[sidecar pid=462381] 窗 #2501 起点 16 耗时 0 ms（累计 159s）
[sidecar pid=461895] 窗 #2601 起点 1116 耗时 0 ms（累计 159s）
[sidecar pid=461922] 窗 #2651 起点 1502 耗时 0 ms（累计 159s）
[sidecar pid=461914] 窗 #2501 起点 1510 耗时 0 ms（累计 160s）
[sidecar pid=462381] 窗 #2551 起点 820 耗时 0 ms（累计 161s）
[sidecar pid=461894] 窗 #2551 起点 416 耗时 0 ms（累计 162s）
[sidecar pid=461897] 窗 #2601 起点 1836 耗时 0 ms（累计 162s）
[sidecar pid=461921] 窗 #2601 起点 384 耗时 0 ms（累计 162s）
[sidecar pid=462378] 窗 #2501 起点 16 耗时 0 ms（累计 162s）
[sidecar pid=461895] 窗 #2651 起点 160 耗时 0 ms（累计 164s）
[sidecar pid=461894] 窗 #2601 起点 1226 耗时 0 ms（累计 164s）
[sidecar pid=462378] 窗 #2551 起点 820 耗时 0 ms（累计 164s）
[sidecar pid=461921] 窗 #2651 起点 1192 耗时 0 ms（累计 164s）
[sidecar pid=462381] 窗 #2601 起点 710 耗时 0 ms（累计 164s）
[sidecar pid=461922] 窗 #2701 起点 256 耗时 0 ms（累计 164s）
[sidecar pid=461914] 窗 #2551 起点 272 耗时 0 ms（累计 165s）
[sidecar pid=461895] 窗 #2701 起点 967 耗时 0 ms（累计 165s）
[sidecar pid=461922] 窗 #2751 起点 1060 耗时 0 ms（累计 166s）
[sidecar pid=461897] 窗 #2651 起点 592 耗时 0 ms（累计 166s）
[sidecar pid=461914] 窗 #2601 起点 1075 耗时 0 ms（累计 167s）
[sidecar pid=461897] 窗 #2701 起点 1408 耗时 0 ms（累计 168s）
[sidecar pid=461921] 窗 #2701 起点 432 耗时 0 ms（累计 169s）
[sidecar pid=461895] 窗 #2751 起点 560 耗时 0 ms（累计 169s）
[sidecar pid=461894] 窗 #2651 起点 368 耗时 0 ms（累计 170s）
[sidecar pid=462381] 窗 #2651 起点 272 耗时 0 ms（累计 170s）
[sidecar pid=461922] 窗 #2801 起点 208 耗时 0 ms（累计 170s）
[sidecar pid=462378] 窗 #2601 起点 32 耗时 0 ms（累计 170s）
[sidecar pid=461921] 窗 #2751 起点 1248 耗时 0 ms（累计 171s）
[sidecar pid=461914] 窗 #2651 起点 608 耗时 0 ms（累计 171s）
[sidecar pid=462378] 窗 #2651 起点 846 耗时 0 ms（累计 171s）
[sidecar pid=461895] 窗 #2801 起点 1366 耗时 0 ms（累计 172s）
[sidecar pid=461894] 窗 #2701 起点 1170 耗时 0 ms（累计 172s）
[sidecar pid=461897] 窗 #2751 起点 480 耗时 0 ms（累计 172s）
ONLINE_PROGRESS shard=2 episodes=40/200 rows=2808 real=0 mismatches=0
[sidecar pid=462381] 窗 #2701 起点 1081 耗时 0 ms（累计 172s）
[sidecar pid=461922] 窗 #2851 起点 1018 耗时 0 ms（累计 172s）
ONLINE_PROGRESS shard=3 episodes=40/200 rows=2862 real=0 mismatches=0
[sidecar pid=461895] 窗 #2851 起点 672 耗时 0 ms（累计 175s）
[sidecar pid=461894] 窗 #2751 起点 1970 耗时 0 ms（累计 175s）
[sidecar pid=461922] 窗 #2901 起点 608 耗时 0 ms（累计 176s）
[sidecar pid=461914] 窗 #2701 起点 80 耗时 0 ms（累计 176s）
[sidecar pid=461921] 窗 #2801 起点 96 耗时 0 ms（累计 177s）
[sidecar pid=461897] 窗 #2801 起点 48 耗时 0 ms（累计 177s）
[sidecar pid=461921] 窗 #2851 起点 896 耗时 0 ms（累计 177s）
[sidecar pid=461914] 窗 #2751 起点 894 耗时 0 ms（累计 178s）
[sidecar pid=462381] 窗 #2751 起点 192 耗时 0 ms（累计 178s）
[sidecar pid=461897] 窗 #2851 起点 849 耗时 0 ms（累计 178s）
[sidecar pid=461922] 窗 #2951 起点 1414 耗时 0 ms（累计 178s）
[sidecar pid=462378] 窗 #2701 起点 80 耗时 0 ms（累计 179s）
[sidecar pid=461894] 窗 #2801 起点 742 耗时 0 ms（累计 179s）
ONLINE_PROGRESS shard=6 episodes=40/200 rows=2772 real=0 mismatches=0
[sidecar pid=462378] 窗 #2751 起点 880 耗时 0 ms（累计 179s）
[sidecar pid=462381] 窗 #2801 起点 998 耗时 0 ms（累计 179s）
ONLINE_PROGRESS shard=4 episodes=40/200 rows=2884 real=0 mismatches=0
[sidecar pid=461895] 窗 #2901 起点 112 耗时 0 ms（累计 181s）
[sidecar pid=461921] 窗 #2901 起点 1709 耗时 0 ms（累计 180s）
[sidecar pid=461895] 窗 #2951 起点 912 耗时 0 ms（累计 181s）
[sidecar pid=461922] 窗 #3001 起点 560 耗时 0 ms（累计 182s）
[sidecar pid=461914] 窗 #2801 起点 448 耗时 0 ms（累计 183s）
[sidecar pid=462378] 窗 #2801 起点 1681 耗时 0 ms（累计 183s）
[sidecar pid=461897] 窗 #2901 起点 256 耗时 0 ms（累计 184s）
[sidecar pid=461895] 窗 #3001 起点 1719 耗时 0 ms（累计 184s）
[sidecar pid=461897] 窗 #2951 起点 1065 耗时 0 ms（累计 185s）
[sidecar pid=461922] 窗 #3051 起点 1363 耗时 0 ms（累计 185s）
ONLINE_PROGRESS shard=5 episodes=40/200 rows=2828 real=0 mismatches=0
[sidecar pid=461914] 窗 #2851 起点 1250 耗时 0 ms（累计 185s）
[sidecar pid=461894] 窗 #2851 起点 240 耗时 0 ms（累计 185s）
[sidecar pid=462381] 窗 #2851 起点 176 耗时 0 ms（累计 185s）
[sidecar pid=461921] 窗 #2951 起点 528 耗时 0 ms（累计 185s）
[sidecar pid=461894] 窗 #2901 起点 1050 耗时 0 ms（累计 186s）
[sidecar pid=461921] 窗 #3001 起点 1337 耗时 0 ms（累计 187s）
[sidecar pid=462381] 窗 #2901 起点 982 耗时 0 ms（累计 187s）
[sidecar pid=461897] 窗 #3001 起点 1865 耗时 0 ms（累计 188s）
[sidecar pid=461922] 窗 #3101 起点 683 耗时 0 ms（累计 188s）
[sidecar pid=462378] 窗 #2851 起点 352 耗时 0 ms（累计 188s）
[sidecar pid=461895] 窗 #3051 起点 448 耗时 0 ms（累计 189s）
[sidecar pid=461914] 窗 #2901 起点 528 耗时 0 ms（累计 189s）
ONLINE_PROGRESS shard=7 episodes=40/200 rows=3040 real=0 mismatches=0
[sidecar pid=461894] 窗 #2951 起点 1850 耗时 0 ms（累计 190s）
[sidecar pid=462378] 窗 #2901 起点 1154 耗时 0 ms（累计 190s）
[sidecar pid=461895] 窗 #3101 起点 1262 耗时 0 ms（累计 191s）
ONLINE_PROGRESS shard=1 episodes=40/200 rows=2962 real=0 mismatches=0
[sidecar pid=461897] 窗 #3051 起点 624 耗时 0 ms（累计 192s）
[sidecar pid=461921] 窗 #3051 起点 160 耗时 0 ms（累计 192s）
[sidecar pid=461922] 窗 #3151 起点 208 耗时 0 ms（累计 193s）
[sidecar pid=462381] 窗 #2951 起点 544 耗时 0 ms（累计 193s）
[sidecar pid=461921] 窗 #3101 起点 962 耗时 0 ms（累计 194s）
[sidecar pid=461897] 窗 #3101 起点 1425 耗时 0 ms（累计 194s）
[sidecar pid=461922] 窗 #3201 起点 1020 耗时 0 ms（累计 194s）
[sidecar pid=461895] 窗 #3151 起点 528 耗时 0 ms（累计 195s）
[sidecar pid=461894] 窗 #3001 起点 608 耗时 0 ms（累计 195s）
[sidecar pid=462381] 窗 #3001 起点 1359 耗时 0 ms（累计 196s）
[sidecar pid=461914] 窗 #2951 起点 32 耗时 0 ms（累计 196s）
[sidecar pid=462378] 窗 #2951 起点 496 耗时 0 ms（累计 196s）
[sidecar pid=461914] 窗 #3001 起点 832 耗时 0 ms（累计 197s）
[sidecar pid=461895] 窗 #3201 起点 1343 耗时 0 ms（累计 197s）
[sidecar pid=461922] 窗 #3251 起点 1820 耗时 0 ms（累计 197s）
[sidecar pid=461894] 窗 #3051 起点 1423 耗时 0 ms（累计 198s）
[sidecar pid=461897] 窗 #3151 起点 640 耗时 0 ms（累计 198s）
[sidecar pid=462378] 窗 #3001 起点 1309 耗时 0 ms（累计 198s）
[sidecar pid=461921] 窗 #3151 起点 464 耗时 0 ms（累计 198s）
[sidecar pid=461914] 窗 #3051 起点 1644 耗时 0 ms（累计 200s）
[sidecar pid=461921] 窗 #3201 起点 1268 耗时 0 ms（累计 200s）
[sidecar pid=461895] 窗 #3251 起点 768 耗时 0 ms（累计 200s）
[sidecar pid=462381] 窗 #3051 起点 176 耗时 0 ms（累计 201s）
[sidecar pid=461922] 窗 #3301 起点 640 耗时 0 ms（累计 202s）
[sidecar pid=461895] 窗 #3301 起点 1582 耗时 0 ms（累计 203s）
[sidecar pid=462378] 窗 #3051 起点 544 耗时 0 ms（累计 203s）
[sidecar pid=461894] 窗 #3101 起点 624 耗时 0 ms（累计 204s）
[sidecar pid=461897] 窗 #3201 起点 80 耗时 0 ms（累计 204s）
[sidecar pid=462381] 窗 #3101 起点 986 耗时 0 ms（累计 203s）
[sidecar pid=461922] 窗 #3351 起点 1449 耗时 0 ms（累计 204s）
[sidecar pid=461914] 窗 #3101 起点 400 耗时 0 ms（累计 204s）
[sidecar pid=461897] 窗 #3251 起点 881 耗时 0 ms（累计 205s）
ONLINE_PROGRESS shard=0 episodes=40/200 rows=3134 real=0 mismatches=0
[sidecar pid=461894] 窗 #3151 起点 1436 耗时 0 ms（累计 206s）
[sidecar pid=462378] 窗 #3101 起点 1345 耗时 0 ms（累计 206s）
[sidecar pid=461895] 窗 #3351 起点 755 耗时 0 ms（累计 207s）
[sidecar pid=461921] 窗 #3251 起点 96 耗时 0 ms（累计 207s）
[sidecar pid=461897] 窗 #3301 起点 1681 耗时 0 ms（累计 207s）
[sidecar pid=461921] 窗 #3301 起点 896 耗时 0 ms（累计 207s）
[sidecar pid=462381] 窗 #3151 起点 256 耗时 0 ms（累计 209s）
[sidecar pid=461922] 窗 #3401 起点 80 耗时 0 ms（累计 210s）
[sidecar pid=461921] 窗 #3351 起点 1708 耗时 0 ms（累计 210s）
[sidecar pid=461914] 窗 #3151 起点 64 耗时 0 ms（累计 211s）
[sidecar pid=461922] 窗 #3451 起点 896 耗时 0 ms（累计 211s）
[sidecar pid=461895] 窗 #3401 起点 192 耗时 0 ms（累计 211s）
[sidecar pid=461897] 窗 #3351 起点 768 耗时 0 ms（累计 212s）
[sidecar pid=462378] 窗 #3151 起点 720 耗时 0 ms（累计 211s）
[sidecar pid=461914] 窗 #3201 起点 864 耗时 0 ms（累计 212s）
[sidecar pid=462381] 窗 #3201 起点 1070 耗时 0 ms（累计 212s）
[sidecar pid=461894] 窗 #3201 起点 352 耗时 0 ms（累计 213s）
[sidecar pid=461895] 窗 #3451 起点 1006 耗时 0 ms（累计 213s）
[sidecar pid=461894] 窗 #3251 起点 1153 耗时 0 ms（累计 214s）
[sidecar pid=461897] 窗 #3401 起点 1582 耗时 0 ms（累计 214s）
[sidecar pid=462378] 窗 #3201 起点 1528 耗时 0 ms（累计 214s）
[sidecar pid=461921] 窗 #3401 起点 464 耗时 0 ms（累计 215s）
[sidecar pid=461914] 窗 #3251 起点 1680 耗时 0 ms（累计 215s）
[sidecar pid=461922] 窗 #3501 起点 32 耗时 0 ms（累计 216s）
[sidecar pid=462381] 窗 #3251 起点 560 耗时 0 ms（累计 216s）
[sidecar pid=461895] 窗 #3501 起点 592 耗时 0 ms（累计 217s）
[sidecar pid=461921] 窗 #3451 起点 1275 耗时 0 ms（累计 217s）
[sidecar pid=461922] 窗 #3551 起点 834 耗时 0 ms（累计 217s）
[sidecar pid=461894] 窗 #3301 起点 1953 耗时 0 ms（累计 217s）
[sidecar pid=461897] 窗 #3451 起点 528 耗时 0 ms（累计 218s）
[sidecar pid=462378] 窗 #3251 起点 640 耗时 0 ms（累计 220s）
[sidecar pid=461897] 窗 #3501 起点 1334 耗时 0 ms（累计 220s）
[sidecar pid=461921] 窗 #3501 起点 512 耗时 0 ms（累计 220s）
[sidecar pid=461914] 窗 #3301 起点 528 耗时 0 ms（累计 221s）
[sidecar pid=461894] 窗 #3351 起点 661 耗时 0 ms（累计 222s）
[sidecar pid=461895] 窗 #3551 起点 192 耗时 0 ms（累计 222s）
[sidecar pid=461922] 窗 #3601 起点 400 耗时 0 ms（累计 222s）
[sidecar pid=462381] 窗 #3301 起点 96 耗时 0 ms（累计 222s）
[sidecar pid=462378] 窗 #3301 起点 1447 耗时 0 ms（累计 222s）
[sidecar pid=461895] 窗 #3601 起点 995 耗时 0 ms（累计 223s）
[sidecar pid=461922] 窗 #3651 起点 1209 耗时 0 ms（累计 223s）
[sidecar pid=461914] 窗 #3351 起点 1337 耗时 0 ms（累计 223s）
[sidecar pid=462381] 窗 #3351 起点 908 耗时 0 ms（累计 223s）
[sidecar pid=461897] 窗 #3551 起点 608 耗时 0 ms（累计 225s）
[sidecar pid=461897] 窗 #3601 起点 1419 耗时 0 ms（累计 226s）
[sidecar pid=461921] 窗 #3551 起点 112 耗时 0 ms（累计 226s）
[sidecar pid=461894] 窗 #3401 起点 256 耗时 0 ms（累计 227s）
[sidecar pid=461921] 窗 #3601 起点 912 耗时 0 ms（累计 227s）
[sidecar pid=461922] 窗 #3701 起点 384 耗时 0 ms（累计 228s）
[sidecar pid=461914] 窗 #3401 起点 288 耗时 0 ms（累计 229s）
[sidecar pid=462378] 窗 #3351 起点 208 耗时 0 ms（累计 229s）
[sidecar pid=461894] 窗 #3451 起点 1067 耗时 0 ms（累计 229s）
[sidecar pid=461895] 窗 #3651 起点 304 耗时 0 ms（累计 229s）
[sidecar pid=462381] 窗 #3401 起点 464 耗时 0 ms（累计 229s）
[sidecar pid=461895] 窗 #3701 起点 1106 耗时 0 ms（累计 230s）
[sidecar pid=461922] 窗 #3751 起点 1185 耗时 0 ms（累计 230s）
[sidecar pid=462378] 窗 #3401 起点 1013 耗时 0 ms（累计 230s）
[sidecar pid=461921] 窗 #3651 起点 1728 耗时 0 ms（累计 230s）
[sidecar pid=461914] 窗 #3451 起点 1092 耗时 0 ms（累计 231s）
[sidecar pid=462381] 窗 #3451 起点 1272 耗时 0 ms（累计 231s）
[sidecar pid=461897] 窗 #3651 起点 304 耗时 0 ms（累计 231s）
[sidecar pid=461897] 窗 #3701 起点 1106 耗时 0 ms（累计 233s）
[sidecar pid=461895] 窗 #3751 起点 1906 耗时 0 ms（累计 234s）
[sidecar pid=461922] 窗 #3801 起点 304 耗时 0 ms（累计 234s）
[sidecar pid=461894] 窗 #3501 起点 368 耗时 0 ms（累计 234s）
[sidecar pid=461914] 窗 #3501 起点 720 耗时 0 ms（累计 235s）
[sidecar pid=461894] 窗 #3551 起点 1170 耗时 0 ms（累计 236s）
[sidecar pid=461922] 窗 #3851 起点 1106 耗时 0 ms（累计 236s）
[sidecar pid=461921] 窗 #3701 起点 256 耗时 0 ms（累计 236s）
[sidecar pid=461895] 窗 #3801 起点 116 耗时 0 ms（累计 237s）
[sidecar pid=462378] 窗 #3451 起点 256 耗时 0 ms（累计 237s）
[sidecar pid=461921] 窗 #3751 起点 1066 耗时 0 ms（累计 237s）
[sidecar pid=462381] 窗 #3501 起点 448 耗时 0 ms（累计 237s）
[sidecar pid=461897] 窗 #3751 起点 96 耗时 0 ms（累计 238s）
[sidecar pid=461914] 窗 #3551 起点 1526 耗时 0 ms（累计 238s）
[sidecar pid=462378] 窗 #3501 起点 1058 耗时 0 ms（累计 238s）
[sidecar pid=461897] 窗 #3801 起点 908 耗时 0 ms（累计 239s）
[sidecar pid=462381] 窗 #3551 起点 1264 耗时 0 ms（累计 239s）
[sidecar pid=461922] 窗 #3901 起点 16 耗时 0 ms（累计 240s）
[sidecar pid=461895] 窗 #3851 起点 112 耗时 0 ms（累计 240s）
[sidecar pid=461921] 窗 #3801 起点 1866 耗时 0 ms（累计 240s）
[sidecar pid=461894] 窗 #3601 起点 352 耗时 0 ms（累计 241s）
ONLINE_PROGRESS shard=2 episodes=60/200 rows=3894 real=0 mismatches=0
[sidecar pid=461922] 窗 #3951 起点 96 耗时 0 ms（累计 243s）
[sidecar pid=461895] 窗 #3901 起点 100 耗时 0 ms（累计 243s）
[sidecar pid=461894] 窗 #3651 起点 1153 耗时 0 ms（累计 243s）
[sidecar pid=461914] 窗 #3601 起点 704 耗时 0 ms（累计 243s）
[sidecar pid=462378] 窗 #3551 起点 80 耗时 0 ms（累计 244s）
[sidecar pid=461897] 窗 #3851 起点 368 耗时 0 ms（累计 244s）
[sidecar pid=461921] 窗 #3851 起点 624 耗时 0 ms（累计 245s）
[sidecar pid=462378] 窗 #3601 起点 892 耗时 0 ms（累计 246s）
[sidecar pid=461897] 窗 #3901 起点 1170 耗时 0 ms（累计 246s）
[sidecar pid=461914] 窗 #3651 起点 1520 耗时 0 ms（累计 246s）
[sidecar pid=462381] 窗 #3601 起点 144 耗时 0 ms（累计 246s）
ONLINE_PROGRESS shard=3 episodes=60/200 rows=4000 real=0 mismatches=0
[sidecar pid=461895] 窗 #3951 起点 378 耗时 0 ms（累计 247s）
[sidecar pid=461922] 窗 #4001 起点 0 耗时 0 ms（累计 247s）
[sidecar pid=461921] 窗 #3901 起点 1425 耗时 0 ms（累计 247s）
[sidecar pid=461894] 窗 #3701 起点 757 耗时 0 ms（累计 247s）
[sidecar pid=462381] 窗 #3651 起点 955 耗时 0 ms（累计 248s）
[sidecar pid=461897] 窗 #3951 起点 0 耗时 0 ms（累计 250s）
[sidecar pid=461895] 窗 #4001 起点 346 耗时 0 ms（累计 250s）
[sidecar pid=461922] 窗 #4051 起点 80 耗时 0 ms（累计 250s）
[sidecar pid=461914] 窗 #3701 起点 496 耗时 0 ms（累计 251s）
[sidecar pid=462378] 窗 #3651 起点 480 耗时 0 ms（累计 251s）
[sidecar pid=461921] 窗 #3951 起点 192 耗时 0 ms（累计 252s）
[sidecar pid=461894] 窗 #3751 起点 384 耗时 0 ms（累计 253s）
[sidecar pid=461897] 窗 #4001 起点 0 耗时 0 ms（累计 253s）
[sidecar pid=461895] 窗 #4051 起点 208 耗时 0 ms（累计 253s）
[sidecar pid=461922] 窗 #4101 起点 144 耗时 0 ms（累计 253s）
[sidecar pid=461914] 窗 #3751 起点 164 耗时 0 ms（累计 254s）
[sidecar pid=462378] 窗 #3701 起点 1283 耗时 0 ms（累计 254s）
[sidecar pid=461921] 窗 #4001 起点 1000 耗时 0 ms（累计 254s）
[sidecar pid=462381] 窗 #3701 起点 384 耗时 0 ms（累计 254s）
ONLINE_PROGRESS shard=4 episodes=60/200 rows=4050 real=0 mismatches=0
[sidecar pid=461894] 窗 #3801 起点 1188 耗时 0 ms（累计 255s）
[sidecar pid=461897] 窗 #4051 起点 0 耗时 0 ms（累计 255s）
[sidecar pid=462381] 窗 #3751 起点 1192 耗时 0 ms（累计 256s）
[sidecar pid=461922] 窗 #4151 起点 208 耗时 0 ms（累计 256s）
[sidecar pid=461895] 窗 #4101 起点 176 耗时 0 ms（累计 257s）
[sidecar pid=461914] 窗 #3801 起点 64 耗时 0 ms（累计 257s）
[sidecar pid=461897] 窗 #4101 起点 458 耗时 0 ms（累计 259s）
[sidecar pid=461921] 窗 #4051 起点 400 耗时 0 ms（累计 259s）
[sidecar pid=462378] 窗 #3751 起点 496 耗时 0 ms（累计 259s）
[sidecar pid=461922] 窗 #4201 起点 80 耗时 0 ms（累计 260s）
[sidecar pid=461895] 窗 #4151 起点 144 耗时 0 ms（累计 260s）
[sidecar pid=461921] 窗 #4101 起点 1211 耗时 0 ms（累计 260s）
[sidecar pid=461894] 窗 #3851 起点 688 耗时 0 ms（累计 261s）
[sidecar pid=461914] 窗 #3851 起点 150 耗时 0 ms（累计 261s）
[sidecar pid=462378] 窗 #3801 起点 1311 耗时 0 ms（累计 261s）
[sidecar pid=461897] 窗 #4151 起点 48 耗时 0 ms（累计 263s）
[sidecar pid=461894] 窗 #3901 起点 1496 耗时 0 ms（累计 263s）
[sidecar pid=462381] 窗 #3801 起点 272 耗时 0 ms（累计 263s）
[sidecar pid=461895] 窗 #4201 起点 112 耗时 0 ms（累计 264s）
[sidecar pid=461921] 窗 #4151 起点 2011 耗时 0 ms（累计 263s）
[sidecar pid=461922] 窗 #4251 起点 48 耗时 0 ms（累计 263s）
[sidecar pid=462381] 窗 #3851 起点 1079 耗时 0 ms（累计 264s）
ONLINE_PROGRESS shard=6 episodes=60/200 rows=3892 real=0 mismatches=0
[sidecar pid=462378] 窗 #3851 起点 246 耗时 0 ms（累计 265s）
[sidecar pid=461914] 窗 #3901 起点 128 耗时 0 ms（累计 265s）
[sidecar pid=461897] 窗 #4201 起点 16 耗时 0 ms（累计 266s）
[sidecar pid=461895] 窗 #4251 起点 458 耗时 0 ms（累计 266s）
[sidecar pid=461921] 窗 #4201 起点 64 耗时 0 ms（累计 266s）
[sidecar pid=461894] 窗 #3951 起点 246 耗时 0 ms（累计 267s）
[sidecar pid=461922] 窗 #4301 起点 16 耗时 0 ms（累计 267s）
[sidecar pid=462381] 窗 #3901 起点 1879 耗时 0 ms（累计 268s）
[sidecar pid=461897] 窗 #4251 起点 360 耗时 0 ms（累计 269s）
[sidecar pid=461914] 窗 #3951 起点 394 耗时 0 ms（累计 269s）
[sidecar pid=462378] 窗 #3901 起点 48 耗时 0 ms（累计 269s）
[sidecar pid=461921] 窗 #4251 起点 64 耗时 0 ms（累计 269s）
[sidecar pid=461895] 窗 #4301 起点 224 耗时 0 ms（累计 270s）
[sidecar pid=461922] 窗 #4351 起点 362 耗时 0 ms（累计 270s）
ONLINE_PROGRESS shard=7 episodes=60/200 rows=4280 real=0 mismatches=0
[sidecar pid=461894] 窗 #4001 起点 48 耗时 0 ms（累计 271s）
[sidecar pid=461921] 窗 #4301 起点 150 耗时 0 ms（累计 271s）
[sidecar pid=461897] 窗 #4301 起点 426 耗时 0 ms（累计 272s）
[sidecar pid=461914] 窗 #4001 起点 266 耗时 0 ms（累计 272s）
[sidecar pid=461895] 窗 #4351 起点 382 耗时 0 ms（累计 273s）
[sidecar pid=462378] 窗 #3951 起点 48 耗时 0 ms（累计 273s）
[sidecar pid=461922] 窗 #4401 起点 232 耗时 0 ms（累计 273s）
ONLINE_PROGRESS shard=5 episodes=60/200 rows=3958 real=0 mismatches=0
[sidecar pid=461894] 窗 #4051 起点 132 耗时 0 ms（累计 274s）
[sidecar pid=462381] 窗 #3951 起点 736 耗时 0 ms（累计 273s）
ONLINE_PROGRESS shard=1 episodes=60/200 rows=4064 real=0 mismatches=0
[sidecar pid=461921] 窗 #4351 起点 314 耗时 0 ms（累计 275s）
[sidecar pid=461897] 窗 #4351 起点 296 耗时 0 ms（累计 275s）
[sidecar pid=461914] 窗 #4051 起点 232 耗时 0 ms（累计 276s）
[sidecar pid=461895] 窗 #4401 起点 48 耗时 0 ms（累计 276s）
[sidecar pid=462381] 窗 #4001 起点 1537 耗时 0 ms（累计 276s）
[sidecar pid=462378] 窗 #4001 起点 224 耗时 0 ms（累计 276s）
[sidecar pid=461922] 窗 #4451 起点 96 耗时 0 ms（累计 277s）
ONLINE_PROGRESS shard=2 episodes=80/200 rows=4420 real=0 mismatches=0
[sidecar pid=461894] 窗 #4101 起点 32 耗时 0 ms（累计 278s）
[sidecar pid=461921] 窗 #4401 起点 280 耗时 0 ms（累计 278s）
[sidecar pid=461897] 窗 #4401 起点 264 耗时 0 ms（累计 279s）
[sidecar pid=461895] 窗 #4451 起点 112 耗时 0 ms（累计 279s）
[sidecar pid=461922] 窗 #4501 起点 350 耗时 0 ms（累计 279s）
[sidecar pid=461914] 窗 #4101 起点 192 耗时 0 ms（累计 280s）
ONLINE_PROGRESS shard=3 episodes=80/200 rows=4520 real=0 mismatches=0
[sidecar pid=462378] 窗 #4051 起点 96 耗时 0 ms（累计 280s）
[sidecar pid=461894] 窗 #4151 起点 192 耗时 0 ms（累计 281s）
[sidecar pid=461921] 窗 #4451 起点 346 耗时 0 ms（累计 281s）
[sidecar pid=461897] 窗 #4451 起点 232 耗时 0 ms（累计 282s）
[sidecar pid=461895] 窗 #4501 起点 556 耗时 0 ms（累计 282s）
[sidecar pid=462381] 窗 #4051 起点 400 耗时 0 ms（累计 282s）
[sidecar pid=461914] 窗 #4151 起点 160 耗时 0 ms（累计 283s）
[sidecar pid=461922] 窗 #4551 起点 16 耗时 0 ms（累计 283s）
[sidecar pid=462378] 窗 #4101 起点 160 耗时 0 ms（累计 284s）
[sidecar pid=461921] 窗 #4501 起点 216 耗时 0 ms（累计 284s）
[sidecar pid=462381] 窗 #4101 起点 1208 耗时 0 ms（累计 284s）
[sidecar pid=461894] 窗 #4201 起点 64 耗时 0 ms（累计 285s）
[sidecar pid=461897] 窗 #4501 起点 288 耗时 0 ms（累计 285s）
[sidecar pid=461922] 窗 #4601 起点 266 耗时 0 ms（累计 285s）
[sidecar pid=461895] 窗 #4551 起点 128 耗时 0 ms（累计 286s）
[sidecar pid=461914] 窗 #4201 起点 128 耗时 0 ms（累计 287s）
[sidecar pid=462378] 窗 #4151 起点 128 耗时 0 ms（累计 288s）
[sidecar pid=461894] 窗 #4251 起点 410 耗时 0 ms（累计 288s）
[sidecar pid=461921] 窗 #4551 起点 176 耗时 0 ms（累计 288s）
[sidecar pid=461897] 窗 #4551 起点 444 耗时 0 ms（累计 288s）
ONLINE_PROGRESS shard=4 episodes=80/200 rows=4558 real=0 mismatches=0
[sidecar pid=462381] 窗 #4151 起点 96 耗时 0 ms（累计 288s）
[sidecar pid=461922] 窗 #4651 起点 224 耗时 0 ms（累计 289s）
[sidecar pid=461895] 窗 #4601 起点 272 耗时 0 ms（累计 289s）
[sidecar pid=461914] 窗 #4251 起点 96 耗时 0 ms（累计 290s）
[sidecar pid=461921] 窗 #4601 起点 250 耗时 0 ms（累计 291s）
[sidecar pid=461894] 窗 #4301 起点 280 耗时 0 ms（累计 292s）
[sidecar pid=461897] 窗 #4601 起点 112 耗时 0 ms（累计 292s）
[sidecar pid=462378] 窗 #4201 起点 96 耗时 0 ms（累计 291s）
[sidecar pid=462381] 窗 #4201 起点 182 耗时 0 ms（累计 292s）
[sidecar pid=461922] 窗 #4701 起点 0 耗时 0 ms（累计 293s）
[sidecar pid=461895] 窗 #4651 起点 48 耗时 0 ms（累计 293s）
[sidecar pid=461914] 窗 #4301 起点 542 耗时 0 ms（累计 293s）
[sidecar pid=461921] 窗 #4651 起点 112 耗时 0 ms（累计 295s）
[sidecar pid=461897] 窗 #4651 起点 80 耗时 0 ms（累计 295s）
[sidecar pid=461922] 窗 #4751 起点 348 耗时 0 ms（累计 295s）
[sidecar pid=462378] 窗 #4251 起点 64 耗时 0 ms（累计 295s）
[sidecar pid=461894] 窗 #4351 起点 344 耗时 0 ms（累计 296s）
[sidecar pid=462381] 窗 #4251 起点 80 耗时 0 ms（累计 295s）
[sidecar pid=461895] 窗 #4701 起点 480 耗时 0 ms（累计 296s）
[sidecar pid=461914] 窗 #4351 起点 312 耗时 0 ms（累计 297s）
[sidecar pid=461921] 窗 #4701 起点 266 耗时 0 ms（累计 297s）
[sidecar pid=461897] 窗 #4701 起点 144 耗时 0 ms（累计 298s）
ONLINE_PROGRESS shard=0 episodes=60/200 rows=4290 real=0 mismatches=0
[sidecar pid=461922] 窗 #4801 起点 578 耗时 0 ms（累计 298s）
[sidecar pid=462381] 窗 #4301 起点 166 耗时 0 ms（累计 299s）
[sidecar pid=462378] 窗 #4301 起点 32 耗时 0 ms（累计 299s）
[sidecar pid=461895] 窗 #4751 起点 304 耗时 0 ms（累计 299s）
[sidecar pid=461894] 窗 #4401 起点 32 耗时 0 ms（累计 300s）
[sidecar pid=461914] 窗 #4401 起点 282 耗时 0 ms（累计 300s）
ONLINE_PROGRESS shard=6 episodes=80/200 rows=4412 real=0 mismatches=0
[sidecar pid=461897] 窗 #4751 起点 492 耗时 0 ms（累计 301s）
[sidecar pid=461921] 窗 #4751 起点 32 耗时 0 ms（累计 301s）
[sidecar pid=461922] 窗 #4851 起点 500 耗时 0 ms（累计 301s）
[sidecar pid=461894] 窗 #4451 起点 476 耗时 0 ms（累计 303s）
[sidecar pid=461895] 窗 #4801 起点 224 耗时 0 ms（累计 303s）
[sidecar pid=462381] 窗 #4351 起点 344 耗时 0 ms（累计 303s）
[sidecar pid=462378] 窗 #4351 起点 96 耗时 0 ms（累计 303s）
[sidecar pid=461921] 窗 #4801 起点 380 耗时 0 ms（累计 303s）
[sidecar pid=461914] 窗 #4451 起点 240 耗时 0 ms（累计 304s）
[sidecar pid=461897] 窗 #4801 起点 724 耗时 0 ms（累计 304s）
ONLINE_PROGRESS shard=7 episodes=80/200 rows=4812 real=0 mismatches=0
[sidecar pid=461922] 窗 #4901 起点 320 耗时 0 ms（累计 305s）
[sidecar pid=461894] 窗 #4501 起点 250 耗时 0 ms（累计 307s）
[sidecar pid=462378] 窗 #4401 起点 240 耗时 0 ms（累计 306s）
[sidecar pid=461895] 窗 #4851 起点 272 耗时 0 ms（累计 307s）
[sidecar pid=462381] 窗 #4401 起点 312 耗时 0 ms（累计 306s）
[sidecar pid=461921] 窗 #4851 起点 48 耗时 0 ms（累计 307s）
[sidecar pid=461897] 窗 #4851 起点 546 耗时 0 ms（累计 308s）
[sidecar pid=461914] 窗 #4501 起点 16 耗时 0 ms（累计 308s）
[sidecar pid=461922] 窗 #4951 起点 368 耗时 0 ms（累计 308s）
[sidecar pid=461894] 窗 #4551 起点 590 耗时 0 ms（累计 310s）
[sidecar pid=461895] 窗 #4901 起点 192 耗时 0 ms（累计 310s）
[sidecar pid=462378] 窗 #4451 起点 396 耗时 0 ms（累计 310s）
[sidecar pid=461921] 窗 #4901 起点 192 耗时 0 ms（累计 310s）
[sidecar pid=461897] 窗 #4901 起点 466 耗时 0 ms（累计 311s）
[sidecar pid=461914] 窗 #4551 起点 160 耗时 0 ms（累计 311s）
[sidecar pid=462381] 窗 #4451 起点 280 耗时 0 ms（累计 310s）
ONLINE_PROGRESS shard=1 episodes=80/200 rows=4578 real=0 mismatches=0
[sidecar pid=461922] 窗 #5001 起点 416 耗时 0 ms（累计 312s）
ONLINE_PROGRESS shard=5 episodes=80/200 rows=4484 real=0 mismatches=0
[sidecar pid=461895] 窗 #4951 起点 240 耗时 0 ms（累计 313s）
[sidecar pid=461921] 窗 #4951 起点 344 耗时 0 ms（累计 313s）
[sidecar pid=461894] 窗 #4601 起点 362 耗时 0 ms（累计 313s）
[sidecar pid=462378] 窗 #4501 起点 256 耗时 0 ms（累计 314s）
[sidecar pid=461914] 窗 #4601 起点 510 耗时 0 ms（累计 314s）
[sidecar pid=461897] 窗 #4951 起点 384 耗时 0 ms（累计 314s）
[sidecar pid=462381] 窗 #4501 起点 346 耗时 0 ms（累计 314s）
[sidecar pid=461922] 窗 #5051 起点 336 耗时 0 ms（累计 315s）
[sidecar pid=461921] 窗 #5001 起点 216 耗时 0 ms（累计 316s）
[sidecar pid=461895] 窗 #5001 起点 64 耗时 0 ms（累计 317s）
[sidecar pid=461914] 窗 #4651 起点 654 耗时 0 ms（累计 317s）
[sidecar pid=461894] 窗 #4651 起点 128 耗时 0 ms（累计 318s）
[sidecar pid=461897] 窗 #5001 起点 208 耗时 0 ms（累计 318s）
[sidecar pid=461922] 窗 #5101 起点 400 耗时 0 ms（累计 318s）
[sidecar pid=462378] 窗 #4551 起点 32 耗时 0 ms（累计 318s）
[sidecar pid=462381] 窗 #4551 起点 314 耗时 0 ms（累计 318s）
[sidecar pid=461895] 窗 #5051 起点 866 耗时 0 ms（累计 319s）
[sidecar pid=461921] 窗 #5051 起点 176 耗时 0 ms（累计 320s）
[sidecar pid=461914] 窗 #4701 起点 786 耗时 0 ms（累计 321s）
[sidecar pid=461894] 窗 #4701 起点 476 耗时 0 ms（累计 321s）
[sidecar pid=461922] 窗 #5151 起点 432 耗时 0 ms（累计 321s）
[sidecar pid=461897] 窗 #5051 起点 32 耗时 0 ms（累计 322s）
[sidecar pid=462378] 窗 #4601 起点 378 耗时 0 ms（累计 322s）
[sidecar pid=461895] 窗 #5101 起点 786 耗时 0 ms（累计 323s）
[sidecar pid=462381] 窗 #4601 起点 176 耗时 0 ms（累计 322s）
[sidecar pid=461921] 窗 #5101 起点 224 耗时 0 ms（累计 323s）
[sidecar pid=461914] 窗 #4751 起点 706 耗时 0 ms（累计 324s）
[sidecar pid=461897] 窗 #5101 起点 80 耗时 0 ms（累计 325s）
[sidecar pid=461922] 窗 #5201 起点 256 耗时 0 ms（累计 325s）
[sidecar pid=461894] 窗 #4751 起点 144 耗时 0 ms（累计 325s）
[sidecar pid=461895] 窗 #5151 起点 720 耗时 0 ms（累计 326s）
[sidecar pid=462381] 窗 #4651 起点 144 耗时 0 ms（累计 326s）
[sidecar pid=461921] 窗 #5151 起点 272 耗时 0 ms（累计 327s）
[sidecar pid=461897] 窗 #5151 起点 884 耗时 0 ms（累计 327s）
[sidecar pid=462378] 窗 #4651 起点 48 耗时 0 ms（累计 327s）
[sidecar pid=461914] 窗 #4801 起点 626 耗时 0 ms（累计 328s）
[sidecar pid=461894] 窗 #4801 起点 590 耗时 0 ms（累计 329s）
[sidecar pid=461922] 窗 #5251 起点 80 耗时 0 ms（累计 329s）
[sidecar pid=461895] 窗 #5201 起点 756 耗时 0 ms（累计 330s）
[sidecar pid=462378] 窗 #4701 起点 200 耗时 0 ms（累计 330s）
[sidecar pid=461897] 窗 #5201 起点 720 耗时 0 ms（累计 331s）
[sidecar pid=461921] 窗 #5201 起点 96 耗时 0 ms（累计 330s）
[sidecar pid=462381] 窗 #4701 起点 16 耗时 0 ms（累计 331s）
[sidecar pid=461914] 窗 #4851 起点 546 耗时 0 ms（累计 331s）
[sidecar pid=461921] 窗 #5251 起点 900 耗时 0 ms（累计 332s）
[sidecar pid=461895] 窗 #5251 起点 580 耗时 0 ms（累计 333s）
[sidecar pid=461922] 窗 #5301 起点 0 耗时 0 ms（累计 333s）
[sidecar pid=461894] 窗 #4851 起点 352 耗时 0 ms（累计 333s）
[sidecar pid=462378] 窗 #4751 起点 640 耗时 0 ms（累计 333s）
[sidecar pid=461897] 窗 #5251 起点 754 耗时 0 ms（累计 334s）
[sidecar pid=462381] 窗 #4751 起点 266 耗时 0 ms（累计 334s）
[sidecar pid=461914] 窗 #4901 起点 466 耗时 0 ms（累计 335s）
[sidecar pid=461922] 窗 #5351 起点 48 耗时 0 ms（累计 336s）
[sidecar pid=461921] 窗 #5301 起点 724 耗时 0 ms（累计 336s）
[sidecar pid=461895] 窗 #5301 起点 416 耗时 0 ms（累计 337s）
[sidecar pid=461897] 窗 #5301 起点 688 耗时 0 ms（累计 338s）
[sidecar pid=461894] 窗 #4901 起点 176 耗时 0 ms（累计 338s）
ONLINE_PROGRESS shard=3 episodes=100/200 rows=5394 real=0 mismatches=0
ONLINE_PROGRESS shard=2 episodes=100/200 rows=5322 real=0 mismatches=0
[sidecar pid=462381] 窗 #4801 起点 606 耗时 0 ms（累计 337s）
[sidecar pid=462378] 窗 #4801 起点 688 耗时 0 ms（累计 337s）
ONLINE_PROGRESS shard=0 episodes=80/200 rows=4804 real=0 mismatches=0
[sidecar pid=461914] 窗 #4951 起点 400 耗时 0 ms（累计 339s）
[sidecar pid=461922] 窗 #5401 起点 96 耗时 0 ms（累计 339s）
[sidecar pid=461921] 窗 #5351 起点 548 耗时 0 ms（累计 339s）
[sidecar pid=461895] 窗 #5351 起点 460 耗时 0 ms（累计 340s）
[sidecar pid=461897] 窗 #5351 起点 724 耗时 0 ms（累计 341s）
[sidecar pid=461894] 窗 #4951 起点 0 耗时 0 ms（累计 342s）
[sidecar pid=462378] 窗 #4851 起点 736 耗时 0 ms（累计 341s）
[sidecar pid=462381] 窗 #4851 起点 80 耗时 0 ms（累计 342s）
[sidecar pid=461914] 窗 #5001 起点 432 耗时 0 ms（累计 342s）
[sidecar pid=461922] 窗 #5451 起点 267 耗时 0 ms（累计 342s）
[sidecar pid=461921] 窗 #5401 起点 368 耗时 0 ms（累计 342s）
[sidecar pid=461895] 窗 #5401 起点 444 耗时 0 ms（累计 344s）
[sidecar pid=461897] 窗 #5401 起点 548 耗时 0 ms（累计 344s）
[sidecar pid=461894] 窗 #5001 起点 48 耗时 0 ms（累计 345s）
[sidecar pid=462381] 窗 #4901 起点 430 耗时 0 ms（累计 345s）
[sidecar pid=461922] 窗 #5501 起点 288 耗时 0 ms（累计 346s）
[sidecar pid=461921] 窗 #5451 起点 288 耗时 0 ms（累计 346s）
[sidecar pid=461914] 窗 #5051 起点 256 耗时 0 ms（累计 347s）
[sidecar pid=461895] 窗 #5451 起点 208 耗时 0 ms（累计 348s）
[sidecar pid=462378] 窗 #4901 起点 16 耗时 0 ms（累计 348s）
[sidecar pid=461897] 窗 #5451 起点 368 耗时 0 ms（累计 348s）
[sidecar pid=461921] 窗 #5501 起点 336 耗时 0 ms（累计 349s）
[sidecar pid=461922] 窗 #5551 起点 258 耗时 0 ms（累计 349s）
[sidecar pid=461894] 窗 #5051 起点 96 耗时 0 ms（累计 349s）
[sidecar pid=462378] 窗 #4951 起点 820 耗时 0 ms（累计 350s）
ONLINE_PROGRESS shard=4 episodes=100/200 rows=5488 real=0 mismatches=0
[sidecar pid=462381] 窗 #4951 起点 0 耗时 0 ms（累计 350s）
[sidecar pid=461895] 窗 #5501 起点 351 耗时 0 ms（累计 351s）
[sidecar pid=461914] 窗 #5101 起点 80 耗时 0 ms（累计 351s）
[sidecar pid=461897] 窗 #5501 起点 192 耗时 0 ms（累计 351s）
[sidecar pid=461922] 窗 #5601 起点 569 耗时 0 ms（累计 351s）
[sidecar pid=461921] 窗 #5551 起点 384 耗时 0 ms（累计 352s）
[sidecar pid=461914] 窗 #5151 起点 884 耗时 0 ms（累计 352s）
[sidecar pid=461894] 窗 #5101 起点 16 耗时 0 ms（累计 353s）
[sidecar pid=462381] 窗 #5001 起点 250 耗时 0 ms（累计 353s）
[sidecar pid=461895] 窗 #5551 起点 404 耗时 0 ms（累计 354s）
[sidecar pid=462378] 窗 #5001 起点 642 耗时 0 ms（累计 354s）
[sidecar pid=461897] 窗 #5551 起点 338 耗时 0 ms（累计 355s）
[sidecar pid=461922] 窗 #5651 起点 240 耗时 0 ms（累计 355s）
[sidecar pid=461894] 窗 #5151 起点 818 耗时 0 ms（累计 355s）
[sidecar pid=461921] 窗 #5601 起点 208 耗时 0 ms（累计 355s）
[sidecar pid=461914] 窗 #5201 起点 720 耗时 0 ms（累计 356s）
[sidecar pid=461895] 窗 #5601 起点 520 耗时 0 ms（累计 357s）
[sidecar pid=461922] 窗 #5701 起点 552 耗时 0 ms（累计 358s）
[sidecar pid=462378] 窗 #5051 起点 576 耗时 0 ms（累计 358s）
[sidecar pid=462381] 窗 #5051 起点 16 耗时 0 ms（累计 358s）
[sidecar pid=461897] 窗 #5601 起点 505 耗时 0 ms（累计 359s）
[sidecar pid=461921] 窗 #5651 起点 128 耗时 0 ms（累计 359s）
[sidecar pid=461894] 窗 #5201 起点 740 耗时 0 ms（累计 359s）
[sidecar pid=461914] 窗 #5251 起点 754 耗时 0 ms（累计 360s）
[sidecar pid=461895] 窗 #5651 起点 631 耗时 0 ms（累计 361s）
[sidecar pid=461921] 窗 #5701 起点 932 耗时 0 ms（累计 361s）
[sidecar pid=461897] 窗 #5651 起点 580 耗时 0 ms（累计 362s）
[sidecar pid=462378] 窗 #5101 起点 610 耗时 0 ms（累计 362s）
[sidecar pid=462381] 窗 #5101 起点 160 耗时 0 ms（累计 362s）
[sidecar pid=461922] 窗 #5751 起点 32 耗时 0 ms（累计 362s）
[sidecar pid=461894] 窗 #5251 起点 576 耗时 0 ms（累计 363s）
[sidecar pid=461895] 窗 #5701 起点 725 耗时 0 ms（累计 364s）
[sidecar pid=461914] 窗 #5301 起点 676 耗时 0 ms（累计 364s）
[sidecar pid=461921] 窗 #5751 起点 754 耗时 0 ms（累计 364s）
ONLINE_PROGRESS shard=7 episodes=100/200 rows=5758 real=0 mismatches=0
[sidecar pid=461897] 窗 #5701 起点 596 耗时 0 ms（累计 365s）
[sidecar pid=461922] 窗 #5801 起点 279 耗时 0 ms（累计 365s）
[sidecar pid=462378] 窗 #5151 起点 530 耗时 0 ms（累计 366s）
[sidecar pid=462381] 窗 #5151 起点 208 耗时 0 ms（累计 367s）
[sidecar pid=461894] 窗 #5301 起点 624 耗时 0 ms（累计 367s）
[sidecar pid=461921] 窗 #5801 起点 676 耗时 0 ms（累计 367s）
[sidecar pid=461914] 窗 #5351 起点 512 耗时 0 ms（累计 367s）
[sidecar pid=461895] 窗 #5751 起点 144 耗时 0 ms（累计 368s）
[sidecar pid=461922] 窗 #5851 起点 449 耗时 0 ms（累计 368s）
[sidecar pid=461897] 窗 #5751 起点 320 耗时 0 ms（累计 368s）
ONLINE_PROGRESS shard=6 episodes=100/200 rows=5366 real=0 mismatches=0
[sidecar pid=462378] 窗 #5201 起点 450 耗时 0 ms（累计 370s）
[sidecar pid=461895] 窗 #5801 起点 479 耗时 0 ms（累计 371s）
[sidecar pid=461894] 窗 #5351 起点 658 耗时 0 ms（累计 371s）
[sidecar pid=461914] 窗 #5401 起点 556 耗时 0 ms（累计 371s）
[sidecar pid=461921] 窗 #5851 起点 160 耗时 0 ms（累计 371s）
[sidecar pid=462381] 窗 #5201 起点 32 耗时 0 ms（累计 371s）
[sidecar pid=461897] 窗 #5801 起点 256 耗时 0 ms（累计 372s）
[sidecar pid=461922] 窗 #5901 起点 0 耗时 0 ms（累计 372s）
[sidecar pid=461921] 窗 #5901 起点 288 耗时 0 ms（累计 374s）
[sidecar pid=462381] 窗 #5251 起点 834 耗时 0 ms（累计 374s）
[sidecar pid=461922] 窗 #5951 起点 807 耗时 0 ms（累计 374s）
[sidecar pid=462378] 窗 #5251 起点 368 耗时 0 ms（累计 374s）
[sidecar pid=461914] 窗 #5451 起点 570 耗时 0 ms（累计 375s）
[sidecar pid=461897] 窗 #5851 起点 502 耗时 0 ms（累计 375s）
[sidecar pid=461895] 窗 #5851 起点 128 耗时 0 ms（累计 375s）
[sidecar pid=461894] 窗 #5401 起点 592 耗时 0 ms（累计 375s）
[sidecar pid=461921] 窗 #5951 起点 272 耗时 0 ms（累计 377s）
[sidecar pid=461895] 窗 #5901 起点 282 耗时 0 ms（累计 378s）
[sidecar pid=461922] 窗 #6001 起点 723 耗时 0 ms（累计 378s）
[sidecar pid=462381] 窗 #5301 起点 754 耗时 0 ms（累计 378s）
[sidecar pid=461897] 窗 #5901 起点 144 耗时 0 ms（累计 379s）
[sidecar pid=462378] 窗 #5301 起点 192 耗时 0 ms（累计 379s）
[sidecar pid=461914] 窗 #5501 起点 192 耗时 0 ms（累计 379s）
[sidecar pid=461894] 窗 #5451 起点 640 耗时 0 ms（累计 380s）
ONLINE_PROGRESS shard=1 episodes=100/200 rows=5458 real=0 mismatches=0
[sidecar pid=461921] 窗 #6001 起点 524 耗时 0 ms（累计 380s）
[sidecar pid=461922] 窗 #6051 起点 702 耗时 0 ms（累计 381s）
[sidecar pid=461895] 窗 #5951 起点 64 耗时 0 ms（累计 382s）
[sidecar pid=461897] 窗 #5951 起点 469 耗时 0 ms（累计 382s）
[sidecar pid=461914] 窗 #5551 起点 338 耗时 0 ms（累计 382s）
[sidecar pid=462381] 窗 #5351 起点 676 耗时 0 ms（累计 382s）
[sidecar pid=461894] 窗 #5501 起点 679 耗时 0 ms（累计 383s）
[sidecar pid=462378] 窗 #5351 起点 112 耗时 0 ms（累计 383s）
[sidecar pid=461921] 窗 #6051 起点 631 耗时 0 ms（累计 383s）
[sidecar pid=461895] 窗 #6001 起点 378 耗时 0 ms（累计 384s）
[sidecar pid=461897] 窗 #6001 起点 433 耗时 0 ms（累计 385s）
[sidecar pid=461922] 窗 #6101 起点 0 耗时 0 ms（累计 385s）
ONLINE_PROGRESS shard=5 episodes=100/200 rows=5398 real=0 mismatches=0
[sidecar pid=461914] 窗 #5601 起点 404 耗时 0 ms（累计 386s）
[sidecar pid=462378] 窗 #5401 起点 32 耗时 0 ms（累计 386s）
[sidecar pid=461894] 窗 #5551 起点 240 耗时 0 ms（累计 387s）
[sidecar pid=462381] 窗 #5401 起点 512 耗时 0 ms（累计 387s）
[sidecar pid=461921] 窗 #6101 起点 16 耗时 0 ms（累计 387s）
[sidecar pid=461895] 窗 #6051 起点 550 耗时 0 ms（累计 387s）
[sidecar pid=461897] 窗 #6051 起点 537 耗时 0 ms（累计 388s）
[sidecar pid=461922] 窗 #6151 起点 16 耗时 0 ms（累计 388s）
[sidecar pid=461921] 窗 #6151 起点 830 耗时 0 ms（累计 389s）
[sidecar pid=461914] 窗 #5651 起点 444 耗时 0 ms（累计 389s）
[sidecar pid=462378] 窗 #5451 起点 349 耗时 0 ms（累计 389s）
ONLINE_PROGRESS shard=2 episodes=120/200 rows=6099 real=0 mismatches=0
[sidecar pid=461894] 窗 #5601 起点 406 耗时 0 ms（累计 391s）
[sidecar pid=461922] 窗 #6201 起点 256 耗时 0 ms（累计 391s）
[sidecar pid=462381] 窗 #5451 起点 548 耗时 0 ms（累计 391s）
[sidecar pid=461895] 窗 #6101 起点 16 耗时 0 ms（累计 392s）
ONLINE_PROGRESS shard=3 episodes=120/200 rows=6223 real=0 mismatches=0
[sidecar pid=461897] 窗 #6101 起点 96 耗时 0 ms（累计 392s）
[sidecar pid=461921] 窗 #6201 起点 144 耗时 0 ms（累计 392s）
[sidecar pid=461914] 窗 #5701 起点 464 耗时 0 ms（累计 393s）
[sidecar pid=462378] 窗 #5501 起点 430 耗时 0 ms（累计 393s）
[sidecar pid=461895] 窗 #6151 起点 822 耗时 0 ms（累计 394s）
[sidecar pid=461922] 窗 #6251 起点 437 耗时 0 ms（累计 394s）
[sidecar pid=461894] 窗 #5651 起点 707 耗时 0 ms（累计 395s）
[sidecar pid=461897] 窗 #6151 起点 112 耗时 0 ms（累计 395s）
[sidecar pid=461921] 窗 #6251 起点 317 耗时 0 ms（累计 395s）
[sidecar pid=462381] 窗 #5501 起点 368 耗时 0 ms（累计 396s）
[sidecar pid=461895] 窗 #6201 起点 745 耗时 0 ms（累计 397s）
[sidecar pid=461914] 窗 #5751 起点 128 耗时 0 ms（累计 397s）
[sidecar pid=462378] 窗 #5551 起点 482 耗时 0 ms（累计 397s）
[sidecar pid=461922] 窗 #6301 起点 160 耗时 0 ms（累计 398s）
[sidecar pid=461897] 窗 #6201 起点 382 耗时 0 ms（累计 398s）
[sidecar pid=461921] 窗 #6301 起点 502 耗时 0 ms（累计 398s）
[sidecar pid=461894] 窗 #5701 起点 615 耗时 0 ms（累计 399s）
[sidecar pid=461895] 窗 #6251 起点 686 耗时 0 ms（累计 400s）
[sidecar pid=461914] 窗 #5801 起点 240 耗时 0 ms（累计 401s）
[sidecar pid=462381] 窗 #5551 起点 192 耗时 0 ms（累计 401s）
[sidecar pid=461922] 窗 #6351 起点 96 耗时 0 ms（累计 401s）
[sidecar pid=461897] 窗 #6251 起点 577 耗时 0 ms（累计 401s）
[sidecar pid=462378] 窗 #5601 起点 0 耗时 0 ms（累计 402s）
[sidecar pid=461921] 窗 #6351 起点 256 耗时 0 ms（累计 402s）
[sidecar pid=461894] 窗 #5751 起点 192 耗时 0 ms（累计 403s）
[sidecar pid=461895] 窗 #6301 起点 650 耗时 0 ms（累计 403s）
[sidecar pid=461922] 窗 #6401 起点 48 耗时 0 ms（累计 404s）
[sidecar pid=461914] 窗 #5851 起点 240 耗时 0 ms（累计 404s）
[sidecar pid=461897] 窗 #6301 起点 525 耗时 0 ms（累计 405s）
ONLINE_PROGRESS shard=4 episodes=120/200 rows=6302 real=0 mismatches=0
[sidecar pid=462378] 窗 #5651 起点 289 耗时 0 ms（累计 404s）
[sidecar pid=462381] 窗 #5601 起点 112 耗时 0 ms（累计 405s）
[sidecar pid=461921] 窗 #6401 起点 0 耗时 0 ms（累计 406s）
[sidecar pid=461894] 窗 #5801 起点 417 耗时 0 ms（累计 407s）
[sidecar pid=461922] 窗 #6451 起点 160 耗时 0 ms（累计 407s）
[sidecar pid=461914] 窗 #5901 起点 298 耗时 0 ms（累计 408s）
[sidecar pid=461897] 窗 #6351 起点 769 耗时 0 ms（累计 408s）
[sidecar pid=461895] 窗 #6351 起点 0 耗时 0 ms（累计 408s）
[sidecar pid=462378] 窗 #5701 起点 588 耗时 0 ms（累计 408s）
[sidecar pid=461921] 窗 #6451 起点 48 耗时 0 ms（累计 409s）
[sidecar pid=462381] 窗 #5651 起点 32 耗时 0 ms（累计 410s）
[sidecar pid=461922] 窗 #6501 起点 96 耗时 0 ms（累计 410s）
[sidecar pid=461894] 窗 #5851 起点 469 耗时 0 ms（累计 411s）
[sidecar pid=461914] 窗 #5951 起点 331 耗时 0 ms（累计 411s）
[sidecar pid=461895] 窗 #6401 起点 64 耗时 0 ms（累计 411s）
[sidecar pid=461897] 窗 #6401 起点 176 耗时 0 ms（累计 412s）
[sidecar pid=461921] 窗 #6501 起点 176 耗时 0 ms（累计 412s）
[sidecar pid=462378] 窗 #5751 起点 176 耗时 0 ms（累计 413s）
[sidecar pid=461922] 窗 #6551 起点 80 耗时 0 ms（累计 414s）
[sidecar pid=462381] 窗 #5701 起点 80 耗时 0 ms（累计 414s）
[sidecar pid=461894] 窗 #5901 起点 561 耗时 0 ms（累计 415s）
[sidecar pid=461895] 窗 #6451 起点 64 耗时 0 ms（累计 415s）
[sidecar pid=461921] 窗 #6551 起点 240 耗时 0 ms（累计 415s）
[sidecar pid=461897] 窗 #6451 起点 397 耗时 0 ms（累计 415s）
[sidecar pid=461914] 窗 #6001 起点 144 耗时 0 ms（累计 415s）
ONLINE_PROGRESS shard=0 episodes=100/200 rows=5750 real=0 mismatches=0
[sidecar pid=462378] 窗 #5801 起点 208 耗时 0 ms（累计 417s）
ONLINE_PROGRESS shard=7 episodes=120/200 rows=6586 real=0 mismatches=0
[sidecar pid=461922] 窗 #6601 起点 272 耗时 0 ms（累计 417s）
[sidecar pid=461895] 窗 #6501 起点 865 耗时 0 ms（累计 417s）
[sidecar pid=462381] 窗 #5751 起点 0 耗时 0 ms（累计 418s）
[sidecar pid=461894] 窗 #5951 起点 518 耗时 0 ms（累计 419s）
[sidecar pid=461921] 窗 #6601 起点 224 耗时 0 ms（累计 418s）
[sidecar pid=461897] 窗 #6501 起点 445 耗时 0 ms（累计 419s）
[sidecar pid=461914] 窗 #6051 起点 128 耗时 0 ms（累计 419s）
[sidecar pid=461922] 窗 #6651 起点 347 耗时 0 ms（累计 420s）
[sidecar pid=462378] 窗 #5851 起点 315 耗时 0 ms（累计 420s）
[sidecar pid=461895] 窗 #6551 起点 0 耗时 0 ms（累计 422s）
[sidecar pid=462381] 窗 #5801 起点 96 耗时 0 ms（累计 421s）
[sidecar pid=461921] 窗 #6651 起点 272 耗时 0 ms（累计 422s）
[sidecar pid=461897] 窗 #6551 起点 461 耗时 0 ms（累计 422s）
[sidecar pid=461914] 窗 #6101 起点 0 耗时 0 ms（累计 423s）
[sidecar pid=461894] 窗 #6001 起点 160 耗时 0 ms（累计 423s）
[sidecar pid=461922] 窗 #6701 起点 365 耗时 0 ms（累计 423s）
[sidecar pid=462378] 窗 #5901 起点 347 耗时 0 ms（累计 424s）
[sidecar pid=461895] 窗 #6601 起点 80 耗时 0 ms（累计 425s）
[sidecar pid=461921] 窗 #6701 起点 304 耗时 0 ms（累计 425s）
[sidecar pid=461897] 窗 #6601 起点 499 耗时 0 ms（累计 425s）
[sidecar pid=461914] 窗 #6151 起点 192 耗时 0 ms（累计 425s）
[sidecar pid=462381] 窗 #5851 起点 144 耗时 0 ms（累计 425s）
[sidecar pid=461922] 窗 #6751 起点 352 耗时 0 ms（累计 426s）
[sidecar pid=461894] 窗 #6051 起点 208 耗时 0 ms（累计 427s）
[sidecar pid=461895] 窗 #6651 起点 342 耗时 0 ms（累计 427s）
[sidecar pid=462378] 窗 #5951 起点 370 耗时 0 ms（累计 428s）
[sidecar pid=461921] 窗 #6751 起点 288 耗时 0 ms（累计 428s）
[sidecar pid=461897] 窗 #6651 起点 585 耗时 0 ms（累计 428s）
[sidecar pid=461914] 窗 #6201 起点 437 耗时 0 ms（累计 429s）
[sidecar pid=462381] 窗 #5901 起点 176 耗时 0 ms（累计 429s）
[sidecar pid=461922] 窗 #6801 起点 272 耗时 0 ms（累计 429s）
ONLINE_PROGRESS shard=6 episodes=120/200 rows=6219 real=0 mismatches=0
[sidecar pid=461895] 窗 #6701 起点 620 耗时 0 ms（累计 431s）
[sidecar pid=461897] 窗 #6701 起点 604 耗时 0 ms（累计 431s）
[sidecar pid=461894] 窗 #6101 起点 160 耗时 0 ms（累计 431s）
[sidecar pid=461921] 窗 #6801 起点 208 耗时 0 ms（累计 431s）
[sidecar pid=462378] 窗 #6001 起点 446 耗时 0 ms（累计 432s）
[sidecar pid=461914] 窗 #6251 起点 501 耗时 0 ms（累计 432s）
[sidecar pid=461922] 窗 #6851 起点 425 耗时 0 ms（累计 433s）
[sidecar pid=462381] 窗 #5951 起点 408 耗时 0 ms（累计 433s）
[sidecar pid=461921] 窗 #6851 起点 272 耗时 0 ms（累计 434s）
[sidecar pid=461897] 窗 #6751 起点 705 耗时 0 ms（累计 434s）
[sidecar pid=461895] 窗 #6751 起点 0 耗时 0 ms（累计 435s）
[sidecar pid=461894] 窗 #6151 起点 128 耗时 0 ms（累计 436s）
[sidecar pid=462378] 窗 #6051 起点 645 耗时 0 ms（累计 436s）
[sidecar pid=461914] 窗 #6301 起点 451 耗时 0 ms（累计 436s）
[sidecar pid=461922] 窗 #6901 起点 527 耗时 0 ms（累计 436s）
[sidecar pid=461921] 窗 #6901 起点 522 耗时 0 ms（累计 437s）
[sidecar pid=461897] 窗 #6801 起点 681 耗时 0 ms（累计 437s）
[sidecar pid=462381] 窗 #6001 起点 16 耗时 0 ms（累计 438s）
[sidecar pid=461895] 窗 #6801 起点 80 耗时 0 ms（累计 439s）
[sidecar pid=461894] 窗 #6201 起点 316 耗时 0 ms（累计 439s）
[sidecar pid=461914] 窗 #6351 起点 548 耗时 0 ms（累计 439s）
[sidecar pid=461922] 窗 #6951 起点 336 耗时 0 ms（累计 439s）
[sidecar pid=461921] 窗 #6951 起点 128 耗时 0 ms（累计 441s）
[sidecar pid=462378] 窗 #6101 起点 64 耗时 0 ms（累计 441s）
[sidecar pid=461895] 窗 #6851 起点 176 耗时 0 ms（累计 442s）
[sidecar pid=461897] 窗 #6851 起点 32 耗时 0 ms（累计 442s）
[sidecar pid=462381] 窗 #6051 起点 192 耗时 0 ms（累计 441s）
[sidecar pid=461922] 窗 #7001 起点 320 耗时 0 ms（累计 443s）
[sidecar pid=461914] 窗 #6401 起点 647 耗时 0 ms（累计 443s）
[sidecar pid=461894] 窗 #6251 起点 358 耗时 0 ms（累计 443s）
[sidecar pid=461921] 窗 #7001 起点 160 耗时 0 ms（累计 444s）
[sidecar pid=461897] 窗 #6901 起点 112 耗时 0 ms（累计 445s）
[sidecar pid=461895] 窗 #6901 起点 16 耗时 0 ms（累计 445s）
[sidecar pid=462381] 窗 #6101 起点 502 耗时 0 ms（累计 445s）
[sidecar pid=462378] 窗 #6151 起点 16 耗时 0 ms（累计 445s）
[sidecar pid=461922] 窗 #7051 起点 256 耗时 0 ms（累计 446s）
[sidecar pid=461894] 窗 #6301 起点 336 耗时 0 ms（累计 447s）
[sidecar pid=461921] 窗 #7051 起点 112 耗时 0 ms（累计 447s）
[sidecar pid=461895] 窗 #6951 起点 818 耗时 0 ms（累计 448s）
[sidecar pid=461914] 窗 #6451 起点 160 耗时 0 ms（累计 448s）
[sidecar pid=462378] 窗 #6201 起点 830 耗时 0 ms（累计 448s）
[sidecar pid=461897] 窗 #6951 起点 80 耗时 0 ms（累计 449s）
ONLINE_PROGRESS shard=1 episodes=120/200 rows=6324 real=0 mismatches=0
[sidecar pid=462381] 窗 #6151 起点 567 耗时 0 ms（累计 449s）
[sidecar pid=461922] 窗 #7101 起点 192 耗时 0 ms（累计 449s）
[sidecar pid=461921] 窗 #7101 起点 192 耗时 0 ms（累计 450s）
[sidecar pid=461897] 窗 #7001 起点 895 耗时 0 ms（累计 451s）
[sidecar pid=461895] 窗 #7001 起点 705 耗时 0 ms（累计 451s）
[sidecar pid=461894] 窗 #6351 起点 429 耗时 0 ms（累计 451s）
[sidecar pid=461914] 窗 #6501 起点 128 耗时 0 ms（累计 451s）
ONLINE_PROGRESS shard=5 episodes=120/200 rows=6242 real=0 mismatches=0
[sidecar pid=461922] 窗 #7151 起点 176 耗时 0 ms（累计 453s）
[sidecar pid=461921] 窗 #7151 起点 192 耗时 0 ms（累计 453s）
[sidecar pid=462381] 窗 #6201 起点 626 耗时 0 ms（累计 453s）
[sidecar pid=462378] 窗 #6251 起点 128 耗时 0 ms（累计 454s）
[sidecar pid=461897] 窗 #7051 起点 746 耗时 0 ms（累计 454s）
[sidecar pid=461914] 窗 #6551 起点 311 耗时 0 ms（累计 454s）
[sidecar pid=461895] 窗 #7051 起点 615 耗时 0 ms（累计 455s）
[sidecar pid=461894] 窗 #6401 起点 537 耗时 0 ms（累计 455s）
ONLINE_PROGRESS shard=2 episodes=140/200 rows=7057 real=0 mismatches=0
ONLINE_PROGRESS shard=3 episodes=140/200 rows=7200 real=0 mismatches=0
[sidecar pid=461921] 窗 #7201 起点 384 耗时 0 ms（累计 456s）
[sidecar pid=461922] 窗 #7201 起点 0 耗时 0 ms（累计 456s）
[sidecar pid=462381] 窗 #6251 起点 567 耗时 0 ms（累计 457s）
[sidecar pid=462378] 窗 #6301 起点 348 耗时 0 ms（累计 457s）
[sidecar pid=461914] 窗 #6601 起点 288 耗时 0 ms（累计 458s）
[sidecar pid=461895] 窗 #7101 起点 699 耗时 0 ms（累计 458s）
[sidecar pid=461897] 窗 #7101 起点 32 耗时 0 ms（累计 459s）
[sidecar pid=461922] 窗 #7251 起点 160 耗时 0 ms（累计 459s）
[sidecar pid=461894] 窗 #6451 起点 48 耗时 0 ms（累计 460s）
[sidecar pid=461921] 窗 #7251 起点 96 耗时 0 ms（累计 460s）
[sidecar pid=461897] 窗 #7151 起点 837 耗时 0 ms（累计 461s）
[sidecar pid=462378] 窗 #6351 起点 459 耗时 0 ms（累计 461s）
[sidecar pid=462381] 窗 #6301 起点 208 耗时 0 ms（累计 461s）
[sidecar pid=461895] 窗 #7151 起点 633 耗时 0 ms（累计 461s）
[sidecar pid=461914] 窗 #6651 起点 382 耗时 0 ms（累计 461s）
[sidecar pid=461921] 窗 #7301 起点 912 耗时 0 ms（累计 462s）
[sidecar pid=461894] 窗 #6501 起点 309 耗时 0 ms（累计 463s）
[sidecar pid=461922] 窗 #7301 起点 64 耗时 0 ms（累计 463s）
[sidecar pid=461895] 窗 #7201 起点 661 耗时 0 ms（累计 465s）
[sidecar pid=462381] 窗 #6351 起点 515 耗时 0 ms（累计 464s）
[sidecar pid=461914] 窗 #6701 起点 424 耗时 0 ms（累计 465s）
[sidecar pid=461922] 窗 #7351 起点 874 耗时 0 ms（累计 465s）
[sidecar pid=461897] 窗 #7201 起点 96 耗时 0 ms（累计 465s）
[sidecar pid=461894] 窗 #6551 起点 340 耗时 0 ms（累计 466s）
[sidecar pid=461921] 窗 #7351 起点 80 耗时 0 ms（累计 466s）
[sidecar pid=462378] 窗 #6401 起点 96 耗时 0 ms（累计 466s）
ONLINE_PROGRESS shard=4 episodes=140/200 rows=7245 real=0 mismatches=0
[sidecar pid=461895] 窗 #7251 起点 641 耗时 0 ms（累计 468s）
[sidecar pid=461914] 窗 #6751 起点 374 耗时 0 ms（累计 468s）
[sidecar pid=461922] 窗 #7401 起点 713 耗时 0 ms（累计 468s）
[sidecar pid=461897] 窗 #7251 起点 80 耗时 0 ms（累计 469s）
[sidecar pid=462381] 窗 #6401 起点 32 耗时 0 ms（累计 469s）
[sidecar pid=461921] 窗 #7401 起点 48 耗时 0 ms（累计 469s）
[sidecar pid=461894] 窗 #6601 起点 358 耗时 0 ms（累计 470s）
[sidecar pid=462378] 窗 #6451 起点 144 耗时 0 ms（累计 470s）
[sidecar pid=461897] 窗 #7301 起点 891 耗时 0 ms（累计 471s）
[sidecar pid=461914] 窗 #6801 起点 483 耗时 0 ms（累计 471s）
[sidecar pid=461921] 窗 #7451 起点 851 耗时 0 ms（累计 471s）
[sidecar pid=461922] 窗 #7451 起点 623 耗时 0 ms（累计 471s）
[sidecar pid=461895] 窗 #7301 起点 96 耗时 0 ms（累计 473s）
[sidecar pid=461894] 窗 #6651 起点 352 耗时 0 ms（累计 473s）
[sidecar pid=462381] 窗 #6451 起点 48 耗时 0 ms（累计 473s）
[sidecar pid=462378] 窗 #6501 起点 373 耗时 0 ms（累计 474s）
[sidecar pid=461914] 窗 #6851 起点 459 耗时 0 ms（累计 474s）
[sidecar pid=461921] 窗 #7501 起点 662 耗时 0 ms（累计 474s）
[sidecar pid=461897] 窗 #7351 起点 32 耗时 0 ms（累计 476s）
[sidecar pid=461895] 窗 #7351 起点 176 耗时 0 ms（累计 476s）
[sidecar pid=461922] 窗 #7501 起点 32 耗时 0 ms（累计 476s）
[sidecar pid=462381] 窗 #6501 起点 860 耗时 0 ms（累计 476s）
[sidecar pid=461894] 窗 #6701 起点 465 耗时 0 ms（累计 477s）
ONLINE_PROGRESS shard=7 episodes=140/200 rows=7550 real=0 mismatches=0
[sidecar pid=461914] 窗 #6901 起点 516 耗时 0 ms（累计 478s）
[sidecar pid=461897] 窗 #7401 起点 0 耗时 0 ms（累计 480s）
[sidecar pid=461921] 窗 #7551 起点 0 耗时 0 ms（累计 479s）
[sidecar pid=462378] 窗 #6551 起点 32 耗时 0 ms（累计 479s）
[sidecar pid=461922] 窗 #7551 起点 80 耗时 0 ms（累计 480s）
[sidecar pid=461895] 窗 #7401 起点 64 耗时 0 ms（累计 480s）
[sidecar pid=461921] 窗 #7601 起点 808 耗时 0 ms（累计 481s）
[sidecar pid=462381] 窗 #6551 起点 112 耗时 0 ms（累计 481s）
[sidecar pid=461897] 窗 #7451 起点 803 耗时 0 ms（累计 481s）
[sidecar pid=461914] 窗 #6951 起点 491 耗时 0 ms（累计 482s）
[sidecar pid=461894] 窗 #6751 起点 96 耗时 0 ms（累计 482s）
[sidecar pid=461895] 窗 #7451 起点 871 耗时 0 ms（累计 482s）
[sidecar pid=461922] 窗 #7601 起点 144 耗时 0 ms（累计 483s）
[sidecar pid=462378] 窗 #6601 起点 256 耗时 0 ms（累计 483s）
ONLINE_PROGRESS shard=0 episodes=120/200 rows=6593 real=0 mismatches=0
[sidecar pid=461921] 窗 #7651 起点 733 耗时 0 ms（累计 484s）
[sidecar pid=461897] 窗 #7501 起点 622 耗时 0 ms（累计 485s）
[sidecar pid=461894] 窗 #6801 起点 176 耗时 0 ms（累计 485s）
[sidecar pid=461914] 窗 #7001 起点 587 耗时 0 ms（累计 485s）
[sidecar pid=461895] 窗 #7501 起点 694 耗时 0 ms（累计 485s）
[sidecar pid=462381] 窗 #6601 起点 112 耗时 0 ms（累计 485s）
[sidecar pid=461922] 窗 #7651 起点 288 耗时 0 ms（累计 485s）
[sidecar pid=462378] 窗 #6651 起点 434 耗时 0 ms（累计 487s）
[sidecar pid=461921] 窗 #7701 起点 604 耗时 0 ms（累计 487s）
[sidecar pid=461897] 窗 #7551 起点 562 耗时 0 ms（累计 488s）
[sidecar pid=461894] 窗 #6851 起点 417 耗时 0 ms（累计 488s）
[sidecar pid=461922] 窗 #7701 起点 290 耗时 0 ms（累计 488s）
[sidecar pid=461895] 窗 #7551 起点 780 耗时 0 ms（累计 489s）
[sidecar pid=462381] 窗 #6651 起点 32 耗时 0 ms（累计 489s）
[sidecar pid=461914] 窗 #7051 起点 64 耗时 0 ms（累计 490s）
[sidecar pid=461921] 窗 #7751 起点 474 耗时 0 ms（累计 490s）
[sidecar pid=462378] 窗 #6701 起点 336 耗时 0 ms（累计 490s）
[sidecar pid=461897] 窗 #7601 起点 416 耗时 0 ms（累计 491s）
[sidecar pid=461922] 窗 #7751 起点 96 耗时 0 ms（累计 491s）
[sidecar pid=461894] 窗 #6901 起点 371 耗时 0 ms（累计 492s）
[sidecar pid=461895] 窗 #7601 起点 96 耗时 0 ms（累计 492s）
[sidecar pid=462381] 窗 #6701 起点 176 耗时 0 ms（累计 493s）
[sidecar pid=461914] 窗 #7101 起点 160 耗时 0 ms（累计 493s）
[sidecar pid=461921] 窗 #7801 起点 368 耗时 0 ms（累计 493s）
[sidecar pid=462378] 窗 #6751 起点 556 耗时 0 ms（累计 494s）
[sidecar pid=461922] 窗 #7801 起点 258 耗时 0 ms（累计 494s）
[sidecar pid=461897] 窗 #7651 起点 240 耗时 0 ms（累计 495s）
ONLINE_PROGRESS shard=6 episodes=140/200 rows=7147 real=0 mismatches=0
[sidecar pid=461895] 窗 #7651 起点 162 耗时 0 ms（累计 495s）
[sidecar pid=461894] 窗 #6951 起点 450 耗时 0 ms（累计 495s）
[sidecar pid=462381] 窗 #6751 起点 392 耗时 0 ms（累计 496s）
[sidecar pid=461921] 窗 #7851 起点 416 耗时 0 ms（累计 497s）
[sidecar pid=461914] 窗 #7151 起点 48 耗时 0 ms（累计 497s）
[sidecar pid=461922] 窗 #7851 起点 130 耗时 0 ms（累计 497s）
[sidecar pid=461897] 窗 #7701 起点 96 耗时 0 ms（累计 498s）
[sidecar pid=461895] 窗 #7701 起点 130 耗时 0 ms（累计 498s）
[sidecar pid=462378] 窗 #6801 起点 769 耗时 0 ms（累计 498s）
[sidecar pid=461914] 窗 #7201 起点 849 耗时 0 ms（累计 499s）
ONLINE_PROGRESS shard=3 episodes=160/200 rows=7870 real=0 mismatches=0
[sidecar pid=461894] 窗 #7001 起点 469 耗时 0 ms（累计 499s）
[sidecar pid=461921] 窗 #7901 起点 384 耗时 0 ms（累计 500s）
[sidecar pid=462381] 窗 #6801 起点 436 耗时 0 ms（累计 500s）
ONLINE_PROGRESS shard=2 episodes=160/200 rows=7728 real=0 mismatches=0
[sidecar pid=461922] 窗 #7901 起点 296 耗时 0 ms（累计 500s）
[sidecar pid=461895] 窗 #7751 起点 360 耗时 0 ms（累计 502s）
[sidecar pid=461897] 窗 #7751 起点 0 耗时 0 ms（累计 502s）
[sidecar pid=461914] 窗 #7251 起点 673 耗时 0 ms（累计 502s）
[sidecar pid=462378] 窗 #6851 起点 557 耗时 0 ms（累计 502s）
[sidecar pid=461894] 窗 #7051 起点 578 耗时 0 ms（累计 503s）
[sidecar pid=461921] 窗 #7951 起点 256 耗时 0 ms（累计 503s）
[sidecar pid=462381] 窗 #6851 起点 430 耗时 0 ms（累计 503s）
[sidecar pid=461897] 窗 #7801 起点 80 耗时 0 ms（累计 504s）
[sidecar pid=461922] 窗 #7951 起点 128 耗时 0 ms（累计 504s）
[sidecar pid=461895] 窗 #7801 起点 162 耗时 0 ms（累计 505s）
[sidecar pid=461914] 窗 #7301 起点 636 耗时 0 ms（累计 506s）
[sidecar pid=462378] 窗 #6901 起点 644 耗时 0 ms（累计 506s）
[sidecar pid=461894] 窗 #7101 起点 546 耗时 0 ms（累计 507s）
[sidecar pid=461897] 窗 #7851 起点 32 耗时 0 ms（累计 507s）
[sidecar pid=462381] 窗 #6901 起点 624 耗时 0 ms（累计 507s）
[sidecar pid=461921] 窗 #8001 起点 160 耗时 0 ms（累计 507s）
[sidecar pid=461922] 窗 #8001 起点 48 耗时 0 ms（累计 507s）
[sidecar pid=461895] 窗 #7851 起点 80 耗时 0 ms（累计 509s）
[sidecar pid=461914] 窗 #7351 起点 645 耗时 0 ms（累计 509s）
[sidecar pid=461897] 窗 #7901 起点 312 耗时 1 ms（累计 510s）
[sidecar pid=461921] 窗 #8051 起点 112 耗时 0 ms（累计 510s）
[sidecar pid=461894] 窗 #7151 起点 490 耗时 0 ms（累计 511s）
[sidecar pid=461922] 窗 #8051 起点 184 耗时 0 ms（累计 510s）
[sidecar pid=462378] 窗 #6951 起点 517 耗时 0 ms（累计 511s）
[sidecar pid=462381] 窗 #6951 起点 80 耗时 0 ms（累计 512s）
[sidecar pid=461895] 窗 #7901 起点 96 耗时 0 ms（累计 512s）
[sidecar pid=461921] 窗 #8101 起点 248 耗时 0 ms（累计 512s）
[sidecar pid=461914] 窗 #7401 起点 491 耗时 0 ms（累计 512s）
[sidecar pid=461897] 窗 #7951 起点 290 耗时 0 ms（累计 513s）
[sidecar pid=461922] 窗 #8101 起点 160 耗时 0 ms（累计 514s）
[sidecar pid=461894] 窗 #7201 起点 416 耗时 0 ms（累计 514s）
[sidecar pid=461895] 窗 #7951 起点 162 耗时 0 ms（累计 515s）
ONLINE_PROGRESS shard=1 episodes=140/200 rows=7217 real=0 mismatches=0
[sidecar pid=462381] 窗 #7001 起点 192 耗时 0 ms（累计 515s）
[sidecar pid=462378] 窗 #7001 起点 384 耗时 0 ms（累计 515s）
[sidecar pid=461921] 窗 #8151 起点 112 耗时 0 ms（累计 516s）
ONLINE_PROGRESS shard=4 episodes=160/200 rows=7994 real=0 mismatches=0
[sidecar pid=461914] 窗 #7451 起点 516 耗时 0 ms（累计 516s）
[sidecar pid=461897] 窗 #8001 起点 96 耗时 0 ms（累计 517s）
[sidecar pid=461922] 窗 #8151 起点 64 耗时 0 ms（累计 517s）
[sidecar pid=461894] 窗 #7251 起点 538 耗时 0 ms（累计 518s）
[sidecar pid=461895] 窗 #8001 起点 264 耗时 0 ms（累计 518s）
[sidecar pid=461921] 窗 #8201 起点 322 耗时 0 ms（累计 518s）
[sidecar pid=462381] 窗 #7051 起点 272 耗时 0 ms（累计 518s）
[sidecar pid=461914] 窗 #7501 起点 448 耗时 0 ms（累计 520s）
[sidecar pid=462378] 窗 #7051 起点 416 耗时 0 ms（累计 520s）
[sidecar pid=461897] 窗 #8051 起点 146 耗时 0 ms（累计 520s）
[sidecar pid=461922] 窗 #8201 起点 0 耗时 0 ms（累计 520s）
ONLINE_PROGRESS shard=3 episodes=180/200 rows=8225 real=0 mismatches=0
[sidecar pid=461895] 窗 #8051 起点 216 耗时 0 ms（累计 522s）
[sidecar pid=461894] 窗 #7301 起点 480 耗时 0 ms（累计 522s）
[sidecar pid=462381] 窗 #7101 起点 508 耗时 0 ms（累计 522s）
[sidecar pid=461921] 窗 #8251 起点 0 耗时 0 ms（累计 522s）
ONLINE_PROGRESS shard=7 episodes=160/200 rows=8262 real=0 mismatches=0
[sidecar pid=461922] 窗 #8251 起点 408 耗时 0 ms（累计 523s）
[sidecar pid=461897] 窗 #8101 起点 200 耗时 0 ms（累计 524s）
ONLINE_PROGRESS shard=2 episodes=180/200 rows=8089 real=0 mismatches=0
[sidecar pid=461914] 窗 #7551 起点 384 耗时 0 ms（累计 524s）
[sidecar pid=462378] 窗 #7101 起点 240 耗时 0 ms（累计 524s）
[sidecar pid=461895] 窗 #8101 起点 184 耗时 0 ms（累计 525s）
ONLINE_PROGRESS shard=5 episodes=140/200 rows=7126 real=0 mismatches=0
[sidecar pid=461894] 窗 #7351 起点 272 耗时 0 ms（累计 526s）
[sidecar pid=461921] 窗 #8301 起点 112 耗时 0 ms（累计 526s）
[sidecar pid=461922] 窗 #8301 起点 376 耗时 0 ms（累计 526s）
[sidecar pid=462381] 窗 #7151 起点 756 耗时 0 ms（累计 526s）
[sidecar pid=461897] 窗 #8151 起点 80 耗时 0 ms（累计 528s）
[sidecar pid=461914] 窗 #7601 起点 320 耗时 0 ms（累计 528s）
[sidecar pid=462378] 窗 #7151 起点 384 耗时 0 ms（累计 528s）
[sidecar pid=461895] 窗 #8151 起点 144 耗时 0 ms（累计 529s）
[sidecar pid=461921] 窗 #8351 起点 194 耗时 0 ms（累计 529s）
[sidecar pid=461894] 窗 #7401 起点 400 耗时 0 ms（累计 529s）
[sidecar pid=461922] 窗 #8351 起点 376 耗时 0 ms（累计 529s）
[sidecar pid=462381] 窗 #7201 起点 667 耗时 0 ms（累计 530s）
[sidecar pid=461897] 窗 #8201 起点 0 耗时 0 ms（累计 531s）
[sidecar pid=461895] 窗 #8201 起点 64 耗时 0 ms（累计 532s）
[sidecar pid=461914] 窗 #7651 起点 160 耗时 0 ms（累计 532s）
[sidecar pid=461921] 窗 #8401 起点 64 耗时 0 ms（累计 532s）
[sidecar pid=461922] 窗 #8401 起点 408 耗时 0 ms（累计 533s）
[sidecar pid=462378] 窗 #7201 起点 420 耗时 0 ms（累计 532s）
[sidecar pid=461894] 窗 #7451 起点 437 耗时 0 ms（累计 533s）
[sidecar pid=461897] 窗 #8251 起点 360 耗时 0 ms（累计 534s）
[sidecar pid=462381] 窗 #7251 起点 780 耗时 0 ms（累计 534s）
[sidecar pid=461914] 窗 #7701 起点 178 耗时 0 ms（累计 535s）
[sidecar pid=461895] 窗 #8251 起点 0 耗时 0 ms（累计 536s）
[sidecar pid=461921] 窗 #8451 起点 0 耗时 0 ms（累计 536s）
[sidecar pid=461922] 窗 #8451 起点 392 耗时 0 ms（累计 536s）
[sidecar pid=461894] 窗 #7501 起点 304 耗时 0 ms（累计 537s）
[sidecar pid=462378] 窗 #7251 起点 320 耗时 0 ms（累计 537s）
[sidecar pid=461897] 窗 #8301 起点 184 耗时 0 ms（累计 538s）
[sidecar pid=462381] 窗 #7301 起点 628 耗时 0 ms（累计 538s）
[sidecar pid=461895] 窗 #8301 起点 376 耗时 0 ms（累计 538s）
[sidecar pid=461921] 窗 #8501 起点 328 耗时 0 ms（累计 538s）
[sidecar pid=461914] 窗 #7751 起点 184 耗时 0 ms（累计 539s）
[sidecar pid=461922] 窗 #8501 起点 144 耗时 0 ms（累计 539s）
[sidecar pid=461894] 窗 #7551 起点 208 耗时 0 ms（累计 540s）
[sidecar pid=461897] 窗 #8351 起点 160 耗时 0 ms（累计 541s）
[sidecar pid=462378] 窗 #7301 起点 304 耗时 0 ms（累计 541s）
[sidecar pid=461921] 窗 #8551 起点 232 耗时 0 ms（累计 541s）
ONLINE_PROGRESS shard=4 episodes=180/200 rows=8366 real=0 mismatches=0
[sidecar pid=462381] 窗 #7351 起点 570 耗时 0 ms（累计 542s）
[sidecar pid=461895] 窗 #8351 起点 256 耗时 0 ms（累计 542s）
[sidecar pid=461922] 窗 #8551 起点 446 耗时 0 ms（累计 542s）
[sidecar pid=461914] 窗 #7801 起点 80 耗时 0 ms（累计 543s）
[sidecar pid=461894] 窗 #7601 起点 160 耗时 0 ms（累计 544s）
[sidecar pid=461897] 窗 #8401 起点 96 耗时 0 ms（累计 544s）
[sidecar pid=461921] 窗 #8601 起点 248 耗时 0 ms（累计 544s）
ONLINE_PROGRESS shard=7 episodes=180/200 rows=8610 real=0 mismatches=0
[sidecar pid=461914] 窗 #7851 起点 306 耗时 0 ms（累计 545s）
[sidecar pid=462378] 窗 #7351 起点 160 耗时 0 ms（累计 545s）
[sidecar pid=462381] 窗 #7401 起点 700 耗时 0 ms（累计 545s）
[sidecar pid=461922] 窗 #8601 起点 224 耗时 0 ms（累计 545s）
[sidecar pid=461895] 窗 #8401 起点 32 耗时 0 ms（累计 546s）
ONLINE_PROGRESS shard=6 episodes=160/200 rows=7864 real=0 mismatches=0
[sidecar pid=461894] 窗 #7651 起点 304 耗时 0 ms（累计 547s）
[sidecar pid=461897] 窗 #8451 起点 112 耗时 0 ms（累计 547s）
[sidecar pid=461921] 窗 #8651 起点 216 耗时 0 ms（累计 547s）
[sidecar pid=461922] 窗 #8651 起点 526 耗时 0 ms（累计 548s）
[sidecar pid=461914] 窗 #7901 起点 226 耗时 0 ms（累计 548s）
[sidecar pid=461895] 窗 #8451 起点 350 耗时 0 ms（累计 549s）
[sidecar pid=462381] 窗 #7451 起点 569 耗时 0 ms（累计 549s）
[sidecar pid=462378] 窗 #7401 起点 144 耗时 0 ms（累计 549s）
[sidecar pid=461897] 窗 #8501 起点 80 耗时 0 ms（累计 550s）
[sidecar pid=461921] 窗 #8701 起点 168 耗时 0 ms（累计 550s）
[sidecar pid=461894] 窗 #7701 起点 288 耗时 0 ms（累计 550s）
[sidecar pid=461922] 窗 #8701 起点 224 耗时 0 ms（累计 551s）
[sidecar pid=461914] 窗 #7951 起点 162 耗时 0 ms（累计 552s）
[sidecar pid=462381] 窗 #7501 起点 650 耗时 0 ms（累计 552s）
[sidecar pid=461895] 窗 #8501 起点 64 耗时 0 ms（累计 553s）
[sidecar pid=462378] 窗 #7451 起点 304 耗时 0 ms（累计 552s）
[sidecar pid=461921] 窗 #8751 起点 192 耗时 0 ms（累计 553s）
[sidecar pid=461894] 窗 #7751 起点 146 耗时 0 ms（累计 553s）
ONLINE_PROGRESS shard=0 episodes=140/200 rows=7518 real=0 mismatches=0
[sidecar pid=461897] 窗 #8551 起点 96 耗时 0 ms（累计 554s）
[sidecar pid=461914] 窗 #8001 起点 144 耗时 0 ms（累计 555s）
[sidecar pid=461895] 窗 #8551 起点 344 耗时 0 ms（累计 556s）
[sidecar pid=461922] 窗 #8751 起点 0 耗时 0 ms（累计 555s）
[sidecar pid=462381] 窗 #7551 起点 517 耗时 0 ms（累计 556s）
[sidecar pid=462378] 窗 #7501 起点 448 耗时 0 ms（累计 556s）
[sidecar pid=461897] 窗 #8601 起点 288 耗时 0 ms（累计 556s）
[sidecar pid=461921] 窗 #8801 起点 112 耗时 0 ms（累计 556s）
[sidecar pid=461894] 窗 #7801 起点 32 耗时 0 ms（累计 557s）
[sidecar pid=461922] 窗 #8801 起点 328 耗时 0 ms（累计 558s）
[sidecar pid=461914] 窗 #8051 起点 16 耗时 0 ms（累计 558s）
ONLINE_PROGRESS shard=3 episodes=200/200 rows=8810 real=0 mismatches=0
[sidecar pid=461922] 收到关闭请求，已服务 8810 窗，退出
ONLINE_START_SET=PASS
ONLINE_POS=PASS
ONLINE_ORDER=PASS
ONLINE_ENC_BITEXACT=SKIP(stub) compared_real=0 mismatches=0
PROVENANCE=SKIP(stub)
P5_ONLINE=PASS episodes=200 windows=8810 assembly_checked=0 compared_real=0 padded_covered=200 stub=True
[sidecar pid=461921] 窗 #8851 起点 288 耗时 0 ms（累计 559s）
[sidecar pid=461895] 窗 #8601 起点 112 耗时 0 ms（累计 559s）
[sidecar pid=462381] 窗 #7601 起点 432 耗时 0 ms（累计 559s）
[sidecar pid=461894] 窗 #7851 起点 16 耗时 0 ms（累计 560s）
[sidecar pid=462378] 窗 #7551 起点 432 耗时 0 ms（累计 560s）
[sidecar pid=461897] 窗 #8651 起点 0 耗时 0 ms（累计 561s）
[sidecar pid=461914] 窗 #8101 起点 200 耗时 0 ms（累计 561s）
[sidecar pid=461895] 窗 #8651 起点 446 耗时 0 ms（累计 562s）
SHARD_EXIT_CODE=0 shard=3 phase=stub
[sidecar pid=461921] 窗 #8901 起点 64 耗时 0 ms（累计 562s）
[sidecar pid=461897] 窗 #8701 起点 272 耗时 0 ms（累计 563s）
[sidecar pid=462381] 窗 #7651 起点 552 耗时 0 ms（累计 563s）
[sidecar pid=461894] 窗 #7901 起点 64 耗时 0 ms（累计 563s）
ONLINE_PROGRESS shard=2 episodes=200/200 rows=8691 real=0 mismatches=0
[sidecar pid=461895] 收到关闭请求，已服务 8691 窗，退出
[sidecar pid=462378] 窗 #7601 起点 548 耗时 0 ms（累计 564s）
ONLINE_START_SET=PASS
ONLINE_POS=PASS
ONLINE_ORDER=PASS
ONLINE_ENC_BITEXACT=SKIP(stub) compared_real=0 mismatches=0
PROVENANCE=SKIP(stub)
P5_ONLINE=PASS episodes=200 windows=8691 assembly_checked=0 compared_real=0 padded_covered=200 stub=True
ONLINE_PROGRESS shard=1 episodes=160/200 rows=7921 real=0 mismatches=0
[sidecar pid=461914] 窗 #8151 起点 232 耗时 0 ms（累计 564s）
[sidecar pid=461921] 窗 #8951 起点 288 耗时 0 ms（累计 564s）
[sidecar pid=461894] 窗 #7951 起点 274 耗时 0 ms（累计 566s）
[sidecar pid=461897] 窗 #8751 起点 32 耗时 0 ms（累计 566s）
[sidecar pid=462381] 窗 #7701 起点 647 耗时 0 ms（累计 566s）
[sidecar pid=461914] 窗 #8201 起点 216 耗时 0 ms（累计 567s）
[sidecar pid=462378] 窗 #7651 起点 440 耗时 0 ms（累计 567s）
[sidecar pid=461921] 窗 #9001 起点 64 耗时 0 ms（累计 567s）
ONLINE_PROGRESS shard=6 episodes=180/200 rows=8214 real=0 mismatches=0
SHARD_EXIT_CODE=0 shard=2 phase=stub
[sidecar pid=461897] 窗 #8801 起点 360 耗时 0 ms（累计 568s）
[sidecar pid=461894] 窗 #8001 起点 184 耗时 0 ms（累计 569s）
[sidecar pid=461921] 窗 #9051 起点 350 耗时 0 ms（累计 570s）
[sidecar pid=461914] 窗 #8251 起点 184 耗时 0 ms（累计 570s）
[sidecar pid=462378] 窗 #7701 起点 32 耗时 0 ms（累计 571s）
[sidecar pid=461897] 窗 #8851 起点 144 耗时 0 ms（累计 571s）
[sidecar pid=462381] 窗 #7751 起点 96 耗时 0 ms（累计 571s）
[sidecar pid=461894] 窗 #8051 起点 96 耗时 0 ms（累计 572s）
[sidecar pid=461921] 窗 #9101 起点 128 耗时 0 ms（累计 572s）
[sidecar pid=461914] 窗 #8301 起点 216 耗时 0 ms（累计 573s）
[sidecar pid=461897] 窗 #8901 起点 472 耗时 0 ms（累计 573s）
[sidecar pid=462378] 窗 #7751 起点 168 耗时 0 ms（累计 574s）
[sidecar pid=462381] 窗 #7801 起点 176 耗时 0 ms（累计 574s）
[sidecar pid=461921] 窗 #9151 起点 382 耗时 0 ms（累计 575s）
[sidecar pid=461894] 窗 #8101 起点 64 耗时 0 ms（累计 575s）
[sidecar pid=461914] 窗 #8351 起点 168 耗时 0 ms（累计 576s）
[sidecar pid=461897] 窗 #8951 起点 224 耗时 0 ms（累计 576s）
[sidecar pid=462381] 窗 #7851 起点 304 耗时 0 ms（累计 576s）
[sidecar pid=462378] 窗 #7801 起点 216 耗时 0 ms（累计 577s）
ONLINE_PROGRESS shard=4 episodes=200/200 rows=8970 real=0 mismatches=0
[sidecar pid=461897] 收到关闭请求，已服务 8970 窗，退出
ONLINE_START_SET=PASS
ONLINE_POS=PASS
ONLINE_ORDER=PASS
ONLINE_ENC_BITEXACT=SKIP(stub) compared_real=0 mismatches=0
PROVENANCE=SKIP(stub)
P5_ONLINE=PASS episodes=200 windows=8970 assembly_checked=0 compared_real=0 padded_covered=200 stub=True
[sidecar pid=461894] 窗 #8151 起点 280 耗时 0 ms（累计 578s）
[sidecar pid=461921] 窗 #9201 起点 80 耗时 0 ms（累计 578s）
ONLINE_PROGRESS shard=7 episodes=200/200 rows=9230 real=0 mismatches=0
[sidecar pid=461921] 收到关闭请求，已服务 9230 窗，退出
[sidecar pid=461914] 窗 #8401 起点 160 耗时 0 ms（累计 579s）
ONLINE_START_SET=PASS
ONLINE_POS=PASS
ONLINE_ORDER=PASS
ONLINE_ENC_BITEXACT=SKIP(stub) compared_real=0 mismatches=0
PROVENANCE=SKIP(stub)
P5_ONLINE=PASS episodes=200 windows=9230 assembly_checked=0 compared_real=0 padded_covered=200 stub=True
[sidecar pid=462381] 窗 #7901 起点 424 耗时 0 ms（累计 579s）
ONLINE_PROGRESS shard=5 episodes=160/200 rows=7835 real=0 mismatches=0
SHARD_EXIT_CODE=0 shard=4 phase=stub
[sidecar pid=462378] 窗 #7851 起点 48 耗时 0 ms（累计 580s）
[sidecar pid=461894] 窗 #8201 起点 168 耗时 0 ms（累计 580s）
[sidecar pid=461914] 窗 #8451 起点 424 耗时 0 ms（累计 581s）
[sidecar pid=462381] 窗 #7951 起点 563 耗时 0 ms（累计 581s）
SHARD_EXIT_CODE=0 shard=7 phase=stub
[sidecar pid=461894] 窗 #8251 起点 128 耗时 0 ms（累计 583s）
[sidecar pid=462378] 窗 #7901 起点 184 耗时 0 ms（累计 583s）
ONLINE_PROGRESS shard=1 episodes=180/200 rows=8269 real=0 mismatches=0
[sidecar pid=462381] 窗 #8001 起点 216 耗时 0 ms（累计 584s）
[sidecar pid=461914] 窗 #8501 起点 192 耗时 0 ms（累计 585s）
[sidecar pid=461894] 窗 #8301 起点 128 耗时 0 ms（累计 585s）
[sidecar pid=462378] 窗 #7951 起点 32 耗时 0 ms（累计 586s）
[sidecar pid=461914] 窗 #8551 起点 456 耗时 0 ms（累计 587s）
[sidecar pid=462381] 窗 #8051 起点 32 耗时 0 ms（累计 587s）
[sidecar pid=461894] 窗 #8351 起点 128 耗时 0 ms（累计 588s）
[sidecar pid=462378] 窗 #8001 起点 168 耗时 0 ms（累计 589s）
[sidecar pid=462381] 窗 #8101 起点 280 耗时 0 ms（累计 590s）
[sidecar pid=461914] 窗 #8601 起点 264 耗时 0 ms（累计 590s）
[sidecar pid=461894] 窗 #8401 起点 64 耗时 0 ms（累计 590s）
[sidecar pid=462378] 窗 #8051 起点 16 耗时 0 ms（累计 592s）
[sidecar pid=462381] 窗 #8151 起点 130 耗时 0 ms（累计 592s）
[sidecar pid=461894] 窗 #8451 起点 32 耗时 0 ms（累计 593s）
ONLINE_PROGRESS shard=0 episodes=160/200 rows=8155 real=0 mismatches=0
[sidecar pid=461914] 窗 #8651 起点 16 耗时 0 ms（累计 594s）
[sidecar pid=462378] 窗 #8101 起点 328 耗时 0 ms（累计 595s）
[sidecar pid=461894] 窗 #8501 起点 366 耗时 0 ms（累计 595s）
[sidecar pid=462381] 窗 #8201 起点 80 耗时 0 ms（累计 596s）
[sidecar pid=461914] 窗 #8701 起点 344 耗时 0 ms（累计 596s）
[sidecar pid=461894] 窗 #8551 起点 1166 耗时 0 ms（累计 597s）
[sidecar pid=462378] 窗 #8151 起点 264 耗时 0 ms（累计 598s）
[sidecar pid=462381] 窗 #8251 起点 178 耗时 0 ms（累计 598s）
[sidecar pid=461914] 窗 #8751 起点 160 耗时 0 ms（累计 599s）
[sidecar pid=461894] 窗 #8601 起点 160 耗时 0 ms（累计 600s）
ONLINE_PROGRESS shard=5 episodes=180/200 rows=8186 real=0 mismatches=0
[sidecar pid=462378] 窗 #8201 起点 232 耗时 0 ms（累计 601s）
[sidecar pid=462381] 窗 #8301 起点 162 耗时 0 ms（累计 601s）
[sidecar pid=461914] 窗 #8801 起点 472 耗时 0 ms（累计 602s）
ONLINE_PROGRESS shard=6 episodes=200/200 rows=8802 real=0 mismatches=0
[sidecar pid=461914] 收到关闭请求，已服务 8802 窗，退出
ONLINE_START_SET=PASS
ONLINE_POS=PASS
ONLINE_ORDER=PASS
ONLINE_ENC_BITEXACT=SKIP(stub) compared_real=0 mismatches=0
PROVENANCE=SKIP(stub)
P5_ONLINE=PASS episodes=200 windows=8802 assembly_checked=0 compared_real=0 padded_covered=200 stub=True
[sidecar pid=461894] 窗 #8651 起点 0 耗时 0 ms（累计 603s）
[sidecar pid=462378] 窗 #8251 起点 216 耗时 0 ms（累计 604s）
[sidecar pid=462381] 窗 #8351 起点 96 耗时 0 ms（累计 604s）
[sidecar pid=461894] 窗 #8701 起点 264 耗时 0 ms（累计 605s）
SHARD_EXIT_CODE=0 shard=6 phase=stub
[sidecar pid=462378] 窗 #8301 起点 112 耗时 0 ms（累计 606s）
[sidecar pid=462381] 窗 #8401 起点 456 耗时 0 ms（累计 607s）
[sidecar pid=461894] 窗 #8751 起点 16 耗时 0 ms（累计 607s）
[sidecar pid=462378] 窗 #8351 起点 80 耗时 0 ms（累计 609s）
[sidecar pid=461894] 窗 #8801 起点 344 耗时 0 ms（累计 609s）
[sidecar pid=462381] 窗 #8451 起点 344 耗时 0 ms（累计 610s）
[sidecar pid=462378] 窗 #8401 起点 456 耗时 0 ms（累计 611s）
[sidecar pid=461894] 窗 #8851 起点 96 耗时 0 ms（累计 612s）
[sidecar pid=462381] 窗 #8501 起点 264 耗时 0 ms（累计 612s）
ONLINE_PROGRESS shard=0 episodes=180/200 rows=8509 real=0 mismatches=0
[sidecar pid=462378] 窗 #8451 起点 208 耗时 0 ms（累计 613s）
[sidecar pid=461894] 窗 #8901 起点 360 耗时 0 ms（累计 614s）
ONLINE_PROGRESS shard=1 episodes=200/200 rows=8909 real=0 mismatches=0
[sidecar pid=461894] 收到关闭请求，已服务 8909 窗，退出
ONLINE_START_SET=PASS
ONLINE_POS=PASS
ONLINE_ORDER=PASS
ONLINE_ENC_BITEXACT=SKIP(stub) compared_real=0 mismatches=0
PROVENANCE=SKIP(stub)
P5_ONLINE=PASS episodes=200 windows=8909 assembly_checked=0 compared_real=0 padded_covered=200 stub=True
[sidecar pid=462381] 窗 #8551 起点 216 耗时 0 ms（累计 615s）
[sidecar pid=462378] 窗 #8501 起点 526 耗时 0 ms（累计 616s）
SHARD_EXIT_CODE=0 shard=1 phase=stub
[sidecar pid=462381] 窗 #8601 起点 160 耗时 0 ms（累计 618s）
[sidecar pid=462378] 窗 #8551 起点 224 耗时 0 ms（累计 618s）
[sidecar pid=462378] 窗 #8601 起点 494 耗时 0 ms（累计 620s）
[sidecar pid=462381] 窗 #8651 起点 96 耗时 0 ms（累计 620s）
[sidecar pid=462378] 窗 #8651 起点 280 耗时 0 ms（累计 623s）
[sidecar pid=462381] 窗 #8701 起点 16 耗时 0 ms（累计 623s）
[sidecar pid=462378] 窗 #8701 起点 128 耗时 0 ms（累计 625s）
[sidecar pid=462381] 窗 #8751 起点 414 耗时 0 ms（累计 625s）
[sidecar pid=462378] 窗 #8751 起点 440 耗时 0 ms（累计 627s）
[sidecar pid=462381] 窗 #8801 起点 96 耗时 0 ms（累计 628s）
ONLINE_PROGRESS shard=5 episodes=200/200 rows=8785 real=0 mismatches=0
[sidecar pid=462378] 收到关闭请求，已服务 8785 窗，退出
ONLINE_START_SET=PASS
ONLINE_POS=PASS
ONLINE_ORDER=PASS
ONLINE_ENC_BITEXACT=SKIP(stub) compared_real=0 mismatches=0
PROVENANCE=SKIP(stub)
P5_ONLINE=PASS episodes=200 windows=8785 assembly_checked=0 compared_real=0 padded_covered=200 stub=True
[sidecar pid=462381] 窗 #8851 起点 408 耗时 0 ms（累计 630s）
SHARD_EXIT_CODE=0 shard=5 phase=stub
[sidecar pid=462381] 窗 #8901 起点 224 耗时 0 ms（累计 632s）
[sidecar pid=462381] 窗 #8951 起点 0 耗时 0 ms（累计 635s）
[sidecar pid=462381] 窗 #9001 起点 288 耗时 0 ms（累计 637s）
[sidecar pid=462381] 窗 #9051 起点 542 耗时 0 ms（累计 639s）
[sidecar pid=462381] 窗 #9101 起点 224 耗时 0 ms（累计 641s）
ONLINE_PROGRESS shard=0 episodes=200/200 rows=9119 real=0 mismatches=0
[sidecar pid=462381] 收到关闭请求，已服务 9119 窗，退出
ONLINE_START_SET=PASS
ONLINE_POS=PASS
ONLINE_ORDER=PASS
ONLINE_ENC_BITEXACT=SKIP(stub) compared_real=0 mismatches=0
PROVENANCE=SKIP(stub)
P5_ONLINE=PASS episodes=200 windows=9119 assembly_checked=0 compared_real=0 padded_covered=200 stub=True
SHARD_EXIT_CODE=0 shard=0 phase=stub
warning: The `tool.uv.dev-dependencies` field (used in `packages/openpi-client/pyproject.toml`) is deprecated and will be removed in a future release; use `dependency-groups.dev` instead
SHARD_SET=PASS shards=8 eps=1600 disjoint=1
ONLINE_START_SET=PASS
ONLINE_POS=PASS
ONLINE_ORDER=PASS
P5_ONLINE=PASS episodes=1600 windows=71316 assembly_checked=0 compared_real=0 padded_covered=1600 stub=True
END_UTC=2026-09-18T04:43:03Z
EXIT_CODE=0
