START_HEAD=9006d4a49cd99dd4d99ab376d8053341ff99e3ba
START_UTC=2026-09-14T11:29:04Z
GRAD_START profile=c32 side=a head=99faacb1319adfc63c0cf9a15187e24c34e38fd1 impl=packed
warning: The `tool.uv.dev-dependencies` field (used in `packages/openpi-client/pyproject.toml`) is deprecated and will be removed in a future release; use `dependency-groups.dev` instead
OK 指纹写入 /scratch/hongze/robomme_policy_learning_MotionJEPA/v1-store/bench/8x8/grad/c32-a/env.json
warning: The `tool.uv.dev-dependencies` field (used in `packages/openpi-client/pyproject.toml`) is deprecated and will be removed in a future release; use `dependency-groups.dev` instead
BASELINE_ENV=PASS
warning: The `tool.uv.dev-dependencies` field (used in `packages/openpi-client/pyproject.toml`) is deprecated and will be removed in a future release; use `dependency-groups.dev` instead
max_token_len: 64
[fixture] mixed1 batch 已构造并落盘（16 键）
[fixture] allshort batch 已构造并落盘（16 键）
[fixture] allfull batch 已构造并落盘（16 键）
max_token_len:  64
====== Using History, Representation Type: perceptual , Integration Type: context ======
Perceptual Memory using frame_sampling type

max_token_len:  64
====== Using History, Representation Type: perceptual , Integration Type: context ======
Perceptual Memory using frame_sampling type

/scratch/hongze/robomme_policy_learning_MotionJEPA/.venv/lib/python3.11/site-packages/jax/_src/interpreters/mlir.py:1178: UserWarning: Some donated buffers were not usable: ShapedArray(bfloat16[27,1152,4304]), ShapedArray(bfloat16[27,4304,1152]), ShapedArray(bfloat16[27,1152,16,72]), ShapedArray(bfloat16[27,16,72,1152]), ShapedArray(bfloat16[27,1152,16,72]), ShapedArray(bfloat16[27,1152,16,72]), ShapedArray(bfloat16[1152,2048]), ShapedArray(float32[257152,2048]), ShapedArray(float32[1024,3072]), ShapedArray(float32[18,8,256,2048]), ShapedArray(float32[18,2,1,2048,256]), ShapedArray(float32[18,8,2048,256]), ShapedArray(float32[18,2,2048,16384]), ShapedArray(float32[18,16384,2048]), ShapedArray(float32[18,2,1024,4096]), ShapedArray(float32[18,4096,1024]), ShapedArray(float32[18,1024,3072]), ShapedArray(float32[18,1024,3072]), ShapedArray(float32[1024,1024]), ShapedArray(float32[1024,1024]).
See an explanation at https://jax.readthedocs.io/en/latest/faq.html#buffer-donation.
  warnings.warn("Some donated buffers were not usable:"
[state] init_train_state 完成，用时 14.9s
[state] 同源校验 PASS（177 叶子）
2026-09-14 11:40:21.434426: E external/xla/xla/service/slow_operation_alarm.cc:73] Constant folding an instruction is taking > 1s:

  %reduce-window.12 = s32[8,1108]{1,0} reduce-window(%broadcast.4598, %constant.2572), window={size=1x1108 pad=0_0x1107_0}, to_apply=%region_33.10304, metadata={op_name="jit(<unnamed wrapped function>)/jit(main)/jvp(jit(cumsum))/reduce_window_sum" source_file="/scratch/hongze/robomme_policy_learning_MotionJEPA/v1-store/worktrees/ref-8x8/src/mme_vla_suite/models/integration/history_pi0.py" source_line=57}

This isn't necessarily a bug; constant-folding is inherently a trade-off between compilation time and speed at runtime. XLA has some guards that attempt to keep constant folding from taking too long, but fundamentally you'll always be able to come up with an input program that takes a long time.

If you'd like to file a bug, run with envvar XLA_FLAGS=--xla_dump_to=/tmp/foo and attach the results.
2026-09-14 11:40:21.619491: E external/xla/xla/service/slow_operation_alarm.cc:140] The operation took 1.185194443s
Constant folding an instruction is taking > 1s:

  %reduce-window.12 = s32[8,1108]{1,0} reduce-window(%broadcast.4598, %constant.2572), window={size=1x1108 pad=0_0x1107_0}, to_apply=%region_33.10304, metadata={op_name="jit(<unnamed wrapped function>)/jit(main)/jvp(jit(cumsum))/reduce_window_sum" source_file="/scratch/hongze/robomme_policy_learning_MotionJEPA/v1-store/worktrees/ref-8x8/src/mme_vla_suite/models/integration/history_pi0.py" source_line=57}

This isn't necessarily a bug; constant-folding is inherently a trade-off between compilation time and speed at runtime. XLA has some guards that attempt to keep constant folding from taking too long, but fundamentally you'll always be able to come up with an input program that takes a long time.

If you'd like to file a bug, run with envvar XLA_FLAGS=--xla_dump_to=/tmp/foo and attach the results.
[grad] mixed1: loss=0.633969 叶子 32 用时 455.8s
[grad] allshort: loss=0.263697 叶子 32 用时 286.2s
[grad] allfull: loss=0.559610 叶子 32 用时 72.4s
GRAD_DONE kinds=3 out=/scratch/hongze/robomme_policy_learning_MotionJEPA/v1-store/bench/8x8/grad/c32-a
warning: The `tool.uv.dev-dependencies` field (used in `packages/openpi-client/pyproject.toml`) is deprecated and will be removed in a future release; use `dependency-groups.dev` instead
OK BASELINE_MANIFEST.json: 2 个产物
GRAD_START profile=c32 side=b head=ec6a43dc30e3cc6d8f3baaf2799a02441cd18e8b impl=packed
warning: The `tool.uv.dev-dependencies` field (used in `packages/openpi-client/pyproject.toml`) is deprecated and will be removed in a future release; use `dependency-groups.dev` instead
OK 指纹写入 /scratch/hongze/robomme_policy_learning_MotionJEPA/v1-store/bench/8x8/grad/c32-b/env.json
warning: The `tool.uv.dev-dependencies` field (used in `packages/openpi-client/pyproject.toml`) is deprecated and will be removed in a future release; use `dependency-groups.dev` instead
BASELINE_ENV=PASS
warning: The `tool.uv.dev-dependencies` field (used in `packages/openpi-client/pyproject.toml`) is deprecated and will be removed in a future release; use `dependency-groups.dev` instead
max_token_len: 64
[fixture] mixed1 batch 已构造并落盘（16 键）
[fixture] allshort batch 已构造并落盘（16 键）
[fixture] allfull batch 已构造并落盘（16 键）
max_token_len:  64
====== Using History, Representation Type: perceptual , Integration Type: context ======
Perceptual Memory using frame_sampling type

max_token_len:  64
====== Using History, Representation Type: perceptual , Integration Type: context ======
Perceptual Memory using frame_sampling type

/scratch/hongze/robomme_policy_learning_MotionJEPA/.venv/lib/python3.11/site-packages/jax/_src/interpreters/mlir.py:1178: UserWarning: Some donated buffers were not usable: ShapedArray(bfloat16[27,1152,4304]), ShapedArray(bfloat16[27,4304,1152]), ShapedArray(bfloat16[27,1152,16,72]), ShapedArray(bfloat16[27,16,72,1152]), ShapedArray(bfloat16[27,1152,16,72]), ShapedArray(bfloat16[27,1152,16,72]), ShapedArray(bfloat16[1152,2048]), ShapedArray(float32[257152,2048]), ShapedArray(float32[1024,3072]), ShapedArray(float32[18,8,256,2048]), ShapedArray(float32[18,2,1,2048,256]), ShapedArray(float32[18,8,2048,256]), ShapedArray(float32[18,2,2048,16384]), ShapedArray(float32[18,16384,2048]), ShapedArray(float32[18,2,1024,4096]), ShapedArray(float32[18,4096,1024]), ShapedArray(float32[18,1024,3072]), ShapedArray(float32[18,1024,3072]), ShapedArray(float32[1024,1024]), ShapedArray(float32[1024,1024]).
See an explanation at https://jax.readthedocs.io/en/latest/faq.html#buffer-donation.
  warnings.warn("Some donated buffers were not usable:"
[state] init_train_state 完成，用时 15.7s
[state] 同源校验 PASS（177 叶子）
2026-09-14 11:57:20.550153: E external/xla/xla/service/slow_operation_alarm.cc:73] Constant folding an instruction is taking > 1s:

  %reduce-window.12 = s32[8,1108]{1,0} reduce-window(%broadcast.4598, %constant.2572), window={size=1x1108 pad=0_0x1107_0}, to_apply=%region_33.10304, metadata={op_name="jit(<unnamed wrapped function>)/jit(main)/jvp(jit(cumsum))/reduce_window_sum" source_file="/scratch/hongze/robomme_policy_learning_MotionJEPA/src/mme_vla_suite/models/integration/history_pi0.py" source_line=57}

This isn't necessarily a bug; constant-folding is inherently a trade-off between compilation time and speed at runtime. XLA has some guards that attempt to keep constant folding from taking too long, but fundamentally you'll always be able to come up with an input program that takes a long time.

If you'd like to file a bug, run with envvar XLA_FLAGS=--xla_dump_to=/tmp/foo and attach the results.
2026-09-14 11:57:20.569007: E external/xla/xla/service/slow_operation_alarm.cc:140] The operation took 1.018969383s
Constant folding an instruction is taking > 1s:

  %reduce-window.12 = s32[8,1108]{1,0} reduce-window(%broadcast.4598, %constant.2572), window={size=1x1108 pad=0_0x1107_0}, to_apply=%region_33.10304, metadata={op_name="jit(<unnamed wrapped function>)/jit(main)/jvp(jit(cumsum))/reduce_window_sum" source_file="/scratch/hongze/robomme_policy_learning_MotionJEPA/src/mme_vla_suite/models/integration/history_pi0.py" source_line=57}

This isn't necessarily a bug; constant-folding is inherently a trade-off between compilation time and speed at runtime. XLA has some guards that attempt to keep constant folding from taking too long, but fundamentally you'll always be able to come up with an input program that takes a long time.

If you'd like to file a bug, run with envvar XLA_FLAGS=--xla_dump_to=/tmp/foo and attach the results.
[grad] mixed1: loss=0.633969 叶子 32 用时 96.9s
[grad] allshort: loss=0.263697 叶子 32 用时 66.5s
[grad] allfull: loss=0.559610 叶子 32 用时 67.1s
GRAD_DONE kinds=3 out=/scratch/hongze/robomme_policy_learning_MotionJEPA/v1-store/bench/8x8/grad/c32-b
warning: The `tool.uv.dev-dependencies` field (used in `packages/openpi-client/pyproject.toml`) is deprecated and will be removed in a future release; use `dependency-groups.dev` instead
OK BASELINE_MANIFEST.json: 2 个产物
warning: The `tool.uv.dev-dependencies` field (used in `packages/openpi-client/pyproject.toml`) is deprecated and will be removed in a future release; use `dependency-groups.dev` instead
BASELINE_ENV=PASS
warning: The `tool.uv.dev-dependencies` field (used in `packages/openpi-client/pyproject.toml`) is deprecated and will be removed in a future release; use `dependency-groups.dev` instead
GRAD_EQ=PASS kinds=3 leaves=32 mismatches=0
warning: The `tool.uv.dev-dependencies` field (used in `packages/openpi-client/pyproject.toml`) is deprecated and will be removed in a future release; use `dependency-groups.dev` instead
GRAD_FINITE=PASS profile=c32 kinds=3
END_UTC=2026-09-14T12:01:11Z
EXIT_CODE=0
