warning: The `tool.uv.dev-dependencies` field (used in `packages/openpi-client/pyproject.toml`) is deprecated and will be removed in a future release; use `dependency-groups.dev` instead
BASE_SOURCE=PASS stage=v2 head=2126b1b1c436166662ff89a629985ecd4524fc42 clean=1 pid=4117419
warning: The `tool.uv.dev-dependencies` field (used in `packages/openpi-client/pyproject.toml`) is deprecated and will be removed in a future release; use `dependency-groups.dev` instead
max_token_len: 64
[samples] 100 个已 dump，用时 9.0s
[samples] 200 个已 dump，用时 18.1s
[samples] 300 个已 dump，用时 27.2s
[samples] 400 个已 dump，用时 36.5s
[samples] 500 个已 dump，用时 45.7s
[samples] 600 个已 dump，用时 54.9s
[samples] 700 个已 dump，用时 63.9s
[samples] 800 个已 dump，用时 73.0s
[samples] 900 个已 dump，用时 82.0s
[samples] 1000 个已 dump，用时 91.0s
[samples] 1100 个已 dump，用时 100.0s
[samples] 1200 个已 dump，用时 109.2s
[samples] 完成 1200 个，用时 109.2s
[batches] 20 个已 dump，用时 5.5s
[batches] 40 个已 dump，用时 11.1s
[batches] 60 个已 dump，用时 16.6s
[batches] 80 个已 dump，用时 22.1s
[batches] 100 个已 dump，用时 27.5s
[batches] 120 个已 dump，用时 33.1s
[batches] 140 个已 dump，用时 38.8s
[batches] 160 个已 dump，用时 44.4s
[batches] 180 个已 dump，用时 50.1s
[batches] 200 个已 dump，用时 55.6s
[batches] 完成 200 个，用时 55.6s
DUMP_DONE samples=1200 batches=200 out=/scratch/hongze/robomme_policy_learning_MotionJEPA/v1-store/bench/mv2/v2-base
BASE_STAGE_DONE=v2 head=2126b1b1c436166662ff89a629985ecd4524fc42
END_UTC=2026-09-17T19:36:47Z
EXIT_CODE=0
