warning: The `tool.uv.dev-dependencies` field (used in `packages/openpi-client/pyproject.toml`) is deprecated and will be removed in a future release; use `dependency-groups.dev` instead
CAND_SOURCE=PASS stage=v2 head=c0be292c40c4a971161e7233540f4dc5c0c1c7cc clean=1 pid=4185146
warning: The `tool.uv.dev-dependencies` field (used in `packages/openpi-client/pyproject.toml`) is deprecated and will be removed in a future release; use `dependency-groups.dev` instead
max_token_len: 64
[samples] 100 个已 dump，用时 8.9s
[samples] 200 个已 dump，用时 18.1s
[samples] 300 个已 dump，用时 27.3s
[samples] 400 个已 dump，用时 36.4s
[samples] 500 个已 dump，用时 45.6s
[samples] 600 个已 dump，用时 54.8s
[samples] 700 个已 dump，用时 63.9s
[samples] 800 个已 dump，用时 73.2s
[samples] 900 个已 dump，用时 82.6s
[samples] 1000 个已 dump，用时 91.7s
[samples] 1100 个已 dump，用时 101.0s
[samples] 1200 个已 dump，用时 110.3s
[samples] 完成 1200 个，用时 110.3s
[batches] 20 个已 dump，用时 6.5s
[batches] 40 个已 dump，用时 12.9s
[batches] 60 个已 dump，用时 19.3s
[batches] 80 个已 dump，用时 25.8s
[batches] 100 个已 dump，用时 32.2s
[batches] 120 个已 dump，用时 38.6s
[batches] 140 个已 dump，用时 44.8s
[batches] 160 个已 dump，用时 51.1s
[batches] 180 个已 dump，用时 57.6s
[batches] 200 个已 dump，用时 64.0s
[batches] 完成 200 个，用时 64.0s
DUMP_DONE samples=1200 batches=200 out=/scratch/hongze/robomme_policy_learning_MotionJEPA/v1-store/bench/mv2/v2-cand
warning: The `tool.uv.dev-dependencies` field (used in `packages/openpi-client/pyproject.toml`) is deprecated and will be removed in a future release; use `dependency-groups.dev` instead
SOURCE_PAIR=PASS stage=v2 base=2126b1b1c436166662ff89a629985ecd4524fc42 candidate=c0be292c40c4a971161e7233540f4dc5c0c1c7cc
warning: The `tool.uv.dev-dependencies` field (used in `packages/openpi-client/pyproject.toml`) is deprecated and will be removed in a future release; use `dependency-groups.dev` instead
SOURCE_IDENTITY=PASS episodes=40 samples=11530
FRAME_INDEX_EXACT=PASS steps=13756 max_frames=32
SAMPLE_RAW_EXACT=PASS samples=1200 per_step=20 mismatches=0
BATCH_RAW_EXACT=PASS batches=200 mismatches=0
CAND_STAGE_DONE=v2 head=c0be292c40c4a971161e7233540f4dc5c0c1c7cc
END_UTC=2026-09-17T21:05:54Z
EXIT_CODE=0
