INFO:root:Checking history config
INFO:absl:orbax-checkpoint version: 0.11.13
INFO:absl:Created BasePyTreeCheckpointHandler: use_ocdbt=True, use_zarr3=False, pytree_metadata_options=PyTreeMetadataOptions(support_rich_types=False), array_metadata_store=<orbax.checkpoint._src.metadata.array_metadata_store.Store object at 0x7f15b8968350>
INFO:absl:Restoring checkpoint from /scratch/hongze/robomme_policy_learning_MotionJEPA/v1-store/train-runs/t8-c8-b/mme_vla_suite/t8-c8-b/999/params.
INFO:absl:[thread=MainThread] Failed to get flag value for EXPERIMENTAL_ORBAX_USE_DISTRIBUTED_PROCESS_ID.
INFO:absl:[process=0] /jax/checkpoint/read/bytes_per_sec: 963.9 MiB/s (total bytes: 6.3 GiB) (time elapsed: 6 seconds) (per-host)
INFO:absl:Finished restoring checkpoint in 6.65 seconds from /scratch/hongze/robomme_policy_learning_MotionJEPA/v1-store/train-runs/t8-c8-b/mme_vla_suite/t8-c8-b/999/params.
INFO:root:Loading model...
max_token_len:  64
====== Using History, Representation Type: perceptual , Integration Type: context ======
Perceptual Memory using frame_sampling type

max_token_len: 64
INFO:root:Norm stats not found in /scratch/hongze/robomme_policy_learning_MotionJEPA/runs/assets/mme_vla_suite/robomme, skipping.
INFO:root:Loaded norm stats from /scratch/hongze/robomme_policy_learning_MotionJEPA/v1-store/train-runs/t8-c8-b/mme_vla_suite/t8-c8-b/999/assets/robomme
Training config:  TrainConfig(name='mme_vla_suite', project_name='openpi', exp_name=<PropagatingMissingType id='139724196616400'>, model=HistoryPi0Config(action_dim=32, action_horizon=20, max_token_len=64, dtype='bfloat16', paligemma_variant='gemma_2b', action_expert_variant='gemma_300m', pi05=True, discrete_state_input=False, memory_expert_variant='gemma_150m', use_history=True, history_config={'budget': 512, 'num_views': 1, 'token_per_image': 64, 'streaming_obs_horizon': 16, 'pool_type': 'mean', 'use_pos_emb': True, 'use_state_emb': False, 'memory_feature': {'img': {'net': 'identity', 'input_dim': 2048}, 'pos': {'input_dim': 768, 'hidden_dim': 768}, 'state': {'input_dim': 8, 'hidden_dim': 512}}, 'integration_type': 'context', 'memory_token_dim': 2048, 'representation_type': 'perceptual', 'perceptual_memory': {'type': 'frame_sampling'}, 'motion': {'enabled': False, 'dim': 768, 'budget': 96, 'stride': 16, 'window_frames': 33, 'window_direction': 'forward', 'grid_origin': 'segment_start', 'store_path': 'v1-store/datasets/4task-motion-40ep/motion', 'source_run': 'wan-v8-filter10-72ep-a/checkpoint_epoch_72.pt#encoder', 'pos_dim': 256, 'frame_size': 256, 'online_gpu': 1}}), weight_loader=CheckpointWeightLoader(params_path='/scratch/hongze/robomme_policy_learning_MotionJEPA/v1-store/models/openpi-assets/checkpoints/pi05_base/params'), pytorch_weight_path=None, pytorch_training_precision='bfloat16', lr_schedule=CosineDecaySchedule(warmup_steps=10000, peak_lr=5e-05, decay_steps=100000, decay_lr=5e-05), optimizer=AdamW(b1=0.9, b2=0.95, eps=1e-08, weight_decay=1e-10, clip_gradient_norm=1.0), ema_decay=0.999, freeze_filter=PathRegex(pattern=re.compile('.*img.*'), sep='/'), data=RoboMMEDataConfig(repo_id='robomme', assets=AssetsConfig(assets_dir=None, asset_id=None), base_config=DataConfig(repo_id=None, asset_id=None, norm_stats=None, repack_transforms=Group(inputs=(), outputs=()), data_transforms=Group(inputs=(), outputs=()), model_transforms=Group(inputs=(), outputs=()), use_quantile_norm=False, action_sequence_keys=('actions',), prompt_from_task=True, rlds_data_dir=None, action_space=None, filter_dict_path=None)), assets_base_dir='runs/assets', checkpoint_base_dir='runs/ckpts', seed=42, batch_size=64, num_workers=4, num_train_steps=80000, log_interval=100, save_interval=10000, keep_period=10000, overwrite=False, resume=False, wandb_enabled=True, policy_metadata=None, fsdp_devices=4, resum_ckpt_id=None, dataset_path='data/robomme')
Data config:  DataConfig(repo_id='robomme', asset_id='robomme', norm_stats=None, repack_transforms=Group(inputs=[RepackTransform(structure={'observation/image': 'image', 'observation/wrist_image': 'wrist_image', 'observation/state': 'state', 'actions': 'actions', 'prompt': 'prompt', 'static_image_emb': 'static_image_emb', 'static_pos_emb': 'static_pos_emb', 'static_state_emb': 'static_state_emb', 'static_mask': 'static_mask', 'motion_emb': 'motion_emb', 'motion_pos': 'motion_pos', 'motion_mask': 'motion_mask', 'mem_order': 'mem_order'})], outputs=()), data_transforms=Group(inputs=(RoboMMEInputs(model_type=<ModelType.PI05: 'pi05'>), DeltaActions(mask=(True, True, True, True, True, True, True, False))), outputs=(AbsoluteActions(mask=(True, True, True, True, True, True, True, False)), RoboMMEOutputs())), model_transforms=Group(inputs=[InjectDefaultPrompt(prompt=None), ResizeImages(height=224, width=224), TokenizePromptWithState(tokenizer=<mme_vla_suite.training.config.PaligemmaTokenizer object at 0x7f13e81b28d0>, discrete_state_input=False), PadStatesAndActions(model_action_dim=32)], outputs=()), use_quantile_norm=True, action_sequence_keys=('actions',), prompt_from_task=True, rlds_data_dir=None, action_space=None, filter_dict_path=None)
PROBE_ENV backend=gpu devices=cuda:0 pos_rows=586 pos_table_sha=8ff424a7fc097ef2ff63412be96e756302e7b0cb78327e199d6618e7410fa6b1 store_pos_sha=8ff424a7fc097ef2ff63412be96e756302e7b0cb78327e199d6618e7410fa6b1 pos_table_full_sha=f501b84960ed96b862b207f60c86f3568f3f4ee9eb2323d5e781ba9f446ea559 pos_table_full_rows=4096 motion_enabled=0 motion_gpu_override=none budget=512 token_per_image=64 num_views=1 motion_budget=0 max_token_len=64 discrete_state_input=0 state_dim=8 config=mme_vla_suite ckpt=/scratch/hongze/robomme_policy_learning_MotionJEPA/v1-store/train-runs/t8-c8-b/mme_vla_suite/t8-c8-b/999 lib=/scratch/hongze/robomme_policy_learning_MotionJEPA/v1-store/datasets/4task-motion-400ep probe_out=/scratch/hongze/robomme_policy_learning_MotionJEPA/v1-store/reports/t8-infer-c8/probe/probe.jsonl seed=42
INFO:root:Creating probe server (host: ip-10-242-11-177.us-west-2.compute.internal, ip: 10.242.11.177)
INFO:websockets.server:server listening on 127.0.0.1:9378
INFO:websockets.server:connection open
INFO:mme_vla_suite.serving.websocket_policy_server:Connection from ('127.0.0.1', 59778) opened
INFO:mme_vla_suite.serving.websocket_policy_server:TIMING add_buffer_ms=1042.6 frames=1 exec_start_idx=0
INFO:mme_vla_suite.serving.websocket_policy_server:TIMING infer_ms=2827.9
INFO:mme_vla_suite.serving.websocket_policy_server:TIMING add_buffer_ms=927.0 frames=16 exec_start_idx=0
INFO:mme_vla_suite.serving.websocket_policy_server:TIMING infer_ms=225.9
INFO:mme_vla_suite.serving.websocket_policy_server:TIMING add_buffer_ms=39.9 frames=16 exec_start_idx=0
INFO:mme_vla_suite.serving.websocket_policy_server:TIMING infer_ms=66.5
INFO:mme_vla_suite.serving.websocket_policy_server:TIMING add_buffer_ms=38.3 frames=16 exec_start_idx=0
INFO:mme_vla_suite.serving.websocket_policy_server:TIMING infer_ms=66.4
INFO:mme_vla_suite.serving.websocket_policy_server:TIMING add_buffer_ms=39.2 frames=16 exec_start_idx=0
INFO:mme_vla_suite.serving.websocket_policy_server:TIMING infer_ms=66.5
INFO:mme_vla_suite.serving.websocket_policy_server:TIMING add_buffer_ms=38.3 frames=16 exec_start_idx=0
INFO:mme_vla_suite.serving.websocket_policy_server:TIMING infer_ms=66.4
INFO:mme_vla_suite.serving.websocket_policy_server:TIMING add_buffer_ms=38.4 frames=16 exec_start_idx=0
INFO:mme_vla_suite.serving.websocket_policy_server:TIMING infer_ms=66.5
INFO:mme_vla_suite.serving.websocket_policy_server:TIMING add_buffer_ms=38.3 frames=16 exec_start_idx=0
INFO:mme_vla_suite.serving.websocket_policy_server:TIMING infer_ms=66.4
INFO:mme_vla_suite.serving.websocket_policy_server:TIMING add_buffer_ms=40.1 frames=16 exec_start_idx=0
INFO:mme_vla_suite.serving.websocket_policy_server:TIMING infer_ms=66.5
INFO:mme_vla_suite.serving.websocket_policy_server:TIMING add_buffer_ms=38.4 frames=16 exec_start_idx=0
INFO:mme_vla_suite.serving.websocket_policy_server:TIMING infer_ms=66.4
INFO:mme_vla_suite.serving.websocket_policy_server:TIMING add_buffer_ms=38.4 frames=16 exec_start_idx=0
INFO:mme_vla_suite.serving.websocket_policy_server:TIMING infer_ms=66.4
INFO:mme_vla_suite.serving.websocket_policy_server:TIMING add_buffer_ms=39.0 frames=16 exec_start_idx=0
INFO:mme_vla_suite.serving.websocket_policy_server:TIMING infer_ms=66.4
INFO:mme_vla_suite.serving.websocket_policy_server:TIMING add_buffer_ms=38.7 frames=16 exec_start_idx=0
INFO:mme_vla_suite.serving.websocket_policy_server:TIMING infer_ms=66.5
INFO:mme_vla_suite.serving.websocket_policy_server:TIMING add_buffer_ms=38.4 frames=16 exec_start_idx=0
INFO:mme_vla_suite.serving.websocket_policy_server:TIMING infer_ms=66.7
INFO:mme_vla_suite.serving.websocket_policy_server:TIMING add_buffer_ms=38.3 frames=16 exec_start_idx=0
INFO:mme_vla_suite.serving.websocket_policy_server:TIMING infer_ms=66.4
INFO:mme_vla_suite.serving.websocket_policy_server:TIMING add_buffer_ms=38.3 frames=16 exec_start_idx=0
INFO:mme_vla_suite.serving.websocket_policy_server:TIMING infer_ms=66.4
INFO:mme_vla_suite.serving.websocket_policy_server:TIMING add_buffer_ms=38.4 frames=16 exec_start_idx=0
INFO:mme_vla_suite.serving.websocket_policy_server:TIMING infer_ms=66.5
INFO:mme_vla_suite.serving.websocket_policy_server:TIMING add_buffer_ms=38.6 frames=16 exec_start_idx=0
INFO:mme_vla_suite.serving.websocket_policy_server:TIMING infer_ms=66.5
INFO:mme_vla_suite.serving.websocket_policy_server:TIMING add_buffer_ms=38.4 frames=16 exec_start_idx=0
INFO:mme_vla_suite.serving.websocket_policy_server:TIMING infer_ms=66.5
INFO:mme_vla_suite.serving.websocket_policy_server:TIMING add_buffer_ms=38.5 frames=16 exec_start_idx=0
INFO:mme_vla_suite.serving.websocket_policy_server:TIMING infer_ms=69.8
INFO:mme_vla_suite.serving.websocket_policy_server:TIMING add_buffer_ms=39.3 frames=16 exec_start_idx=0
INFO:mme_vla_suite.serving.websocket_policy_server:TIMING infer_ms=67.4
INFO:mme_vla_suite.serving.websocket_policy_server:TIMING add_buffer_ms=39.2 frames=16 exec_start_idx=0
INFO:mme_vla_suite.serving.websocket_policy_server:TIMING infer_ms=66.6
INFO:mme_vla_suite.serving.websocket_policy_server:TIMING add_buffer_ms=38.5 frames=16 exec_start_idx=0
INFO:mme_vla_suite.serving.websocket_policy_server:TIMING infer_ms=66.4
INFO:mme_vla_suite.serving.websocket_policy_server:TIMING add_buffer_ms=38.8 frames=16 exec_start_idx=0
INFO:mme_vla_suite.serving.websocket_policy_server:TIMING infer_ms=66.5
INFO:mme_vla_suite.serving.websocket_policy_server:TIMING add_buffer_ms=38.5 frames=16 exec_start_idx=0
INFO:mme_vla_suite.serving.websocket_policy_server:TIMING infer_ms=66.5
INFO:mme_vla_suite.serving.websocket_policy_server:TIMING add_buffer_ms=38.6 frames=16 exec_start_idx=0
INFO:mme_vla_suite.serving.websocket_policy_server:TIMING infer_ms=66.8
INFO:mme_vla_suite.serving.websocket_policy_server:TIMING add_buffer_ms=38.7 frames=16 exec_start_idx=0
INFO:mme_vla_suite.serving.websocket_policy_server:TIMING infer_ms=66.5
INFO:mme_vla_suite.serving.websocket_policy_server:TIMING add_buffer_ms=38.5 frames=16 exec_start_idx=0
INFO:mme_vla_suite.serving.websocket_policy_server:TIMING infer_ms=66.4
INFO:mme_vla_suite.serving.websocket_policy_server:TIMING add_buffer_ms=38.9 frames=16 exec_start_idx=0
INFO:mme_vla_suite.serving.websocket_policy_server:TIMING infer_ms=67.4
INFO:mme_vla_suite.serving.websocket_policy_server:TIMING add_buffer_ms=38.8 frames=16 exec_start_idx=0
INFO:mme_vla_suite.serving.websocket_policy_server:TIMING infer_ms=66.6
INFO:mme_vla_suite.serving.websocket_policy_server:TIMING add_buffer_ms=38.5 frames=16 exec_start_idx=0
INFO:mme_vla_suite.serving.websocket_policy_server:TIMING infer_ms=66.4
INFO:mme_vla_suite.serving.websocket_policy_server:TIMING add_buffer_ms=38.3 frames=16 exec_start_idx=0
INFO:mme_vla_suite.serving.websocket_policy_server:TIMING infer_ms=66.5
INFO:mme_vla_suite.serving.websocket_policy_server:TIMING add_buffer_ms=38.4 frames=16 exec_start_idx=0
INFO:mme_vla_suite.serving.websocket_policy_server:TIMING infer_ms=66.5
INFO:mme_vla_suite.serving.websocket_policy_server:TIMING add_buffer_ms=38.5 frames=16 exec_start_idx=0
INFO:mme_vla_suite.serving.websocket_policy_server:TIMING infer_ms=66.5
INFO:mme_vla_suite.serving.websocket_policy_server:TIMING add_buffer_ms=38.5 frames=16 exec_start_idx=0
INFO:mme_vla_suite.serving.websocket_policy_server:TIMING infer_ms=66.5
INFO:mme_vla_suite.serving.websocket_policy_server:TIMING add_buffer_ms=38.3 frames=16 exec_start_idx=0
INFO:mme_vla_suite.serving.websocket_policy_server:TIMING infer_ms=66.5
INFO:mme_vla_suite.serving.websocket_policy_server:TIMING add_buffer_ms=38.8 frames=16 exec_start_idx=0
INFO:mme_vla_suite.serving.websocket_policy_server:TIMING infer_ms=66.5
INFO:mme_vla_suite.serving.websocket_policy_server:TIMING add_buffer_ms=39.1 frames=16 exec_start_idx=0
INFO:mme_vla_suite.serving.websocket_policy_server:TIMING infer_ms=66.5
INFO:mme_vla_suite.serving.websocket_policy_server:TIMING add_buffer_ms=38.5 frames=16 exec_start_idx=0
INFO:mme_vla_suite.serving.websocket_policy_server:TIMING infer_ms=66.6
INFO:mme_vla_suite.serving.websocket_policy_server:TIMING add_buffer_ms=38.3 frames=16 exec_start_idx=0
INFO:mme_vla_suite.serving.websocket_policy_server:TIMING infer_ms=66.4
INFO:mme_vla_suite.serving.websocket_policy_server:TIMING add_buffer_ms=38.5 frames=16 exec_start_idx=0
INFO:mme_vla_suite.serving.websocket_policy_server:TIMING infer_ms=66.5
INFO:mme_vla_suite.serving.websocket_policy_server:TIMING add_buffer_ms=38.5 frames=16 exec_start_idx=0
INFO:mme_vla_suite.serving.websocket_policy_server:TIMING infer_ms=66.5
INFO:mme_vla_suite.serving.websocket_policy_server:TIMING add_buffer_ms=38.4 frames=16 exec_start_idx=0
INFO:mme_vla_suite.serving.websocket_policy_server:TIMING infer_ms=66.5
INFO:mme_vla_suite.serving.websocket_policy_server:TIMING add_buffer_ms=38.0 frames=16 exec_start_idx=0
INFO:mme_vla_suite.serving.websocket_policy_server:TIMING infer_ms=66.5
INFO:mme_vla_suite.serving.websocket_policy_server:TIMING add_buffer_ms=38.6 frames=16 exec_start_idx=0
INFO:mme_vla_suite.serving.websocket_policy_server:TIMING infer_ms=66.4
INFO:mme_vla_suite.serving.websocket_policy_server:TIMING add_buffer_ms=39.0 frames=16 exec_start_idx=0
INFO:mme_vla_suite.serving.websocket_policy_server:TIMING infer_ms=66.5
INFO:mme_vla_suite.serving.websocket_policy_server:TIMING add_buffer_ms=44.3 frames=16 exec_start_idx=0
INFO:mme_vla_suite.serving.websocket_policy_server:TIMING infer_ms=67.2
INFO:mme_vla_suite.serving.websocket_policy_server:TIMING add_buffer_ms=39.2 frames=16 exec_start_idx=0
INFO:mme_vla_suite.serving.websocket_policy_server:TIMING infer_ms=66.5
INFO:mme_vla_suite.serving.websocket_policy_server:TIMING add_buffer_ms=39.1 frames=16 exec_start_idx=0
INFO:mme_vla_suite.serving.websocket_policy_server:TIMING infer_ms=66.5
INFO:mme_vla_suite.serving.websocket_policy_server:TIMING add_buffer_ms=38.6 frames=16 exec_start_idx=0
INFO:mme_vla_suite.serving.websocket_policy_server:TIMING infer_ms=66.4
INFO:mme_vla_suite.serving.websocket_policy_server:TIMING add_buffer_ms=38.5 frames=16 exec_start_idx=0
INFO:mme_vla_suite.serving.websocket_policy_server:TIMING infer_ms=66.4
INFO:mme_vla_suite.serving.websocket_policy_server:TIMING add_buffer_ms=38.5 frames=16 exec_start_idx=0
INFO:mme_vla_suite.serving.websocket_policy_server:TIMING infer_ms=66.5
INFO:mme_vla_suite.serving.websocket_policy_server:TIMING add_buffer_ms=38.4 frames=16 exec_start_idx=0
INFO:mme_vla_suite.serving.websocket_policy_server:TIMING infer_ms=66.4
INFO:mme_vla_suite.serving.websocket_policy_server:TIMING add_buffer_ms=38.9 frames=16 exec_start_idx=0
INFO:mme_vla_suite.serving.websocket_policy_server:TIMING infer_ms=66.5
INFO:mme_vla_suite.serving.websocket_policy_server:TIMING add_buffer_ms=38.9 frames=16 exec_start_idx=0
INFO:mme_vla_suite.serving.websocket_policy_server:TIMING infer_ms=66.6
INFO:mme_vla_suite.serving.websocket_policy_server:TIMING add_buffer_ms=38.4 frames=16 exec_start_idx=0
INFO:mme_vla_suite.serving.websocket_policy_server:TIMING infer_ms=66.7
INFO:mme_vla_suite.serving.websocket_policy_server:TIMING add_buffer_ms=38.4 frames=16 exec_start_idx=0
INFO:mme_vla_suite.serving.websocket_policy_server:TIMING infer_ms=66.4
INFO:mme_vla_suite.serving.websocket_policy_server:TIMING add_buffer_ms=38.5 frames=16 exec_start_idx=0
INFO:mme_vla_suite.serving.websocket_policy_server:TIMING infer_ms=66.5
INFO:mme_vla_suite.serving.websocket_policy_server:TIMING add_buffer_ms=38.4 frames=16 exec_start_idx=0
INFO:mme_vla_suite.serving.websocket_policy_server:TIMING infer_ms=66.5
INFO:mme_vla_suite.serving.websocket_policy_server:TIMING add_buffer_ms=38.4 frames=16 exec_start_idx=0
INFO:mme_vla_suite.serving.websocket_policy_server:TIMING infer_ms=66.5
INFO:mme_vla_suite.serving.websocket_policy_server:TIMING add_buffer_ms=38.5 frames=16 exec_start_idx=0
INFO:mme_vla_suite.serving.websocket_policy_server:TIMING infer_ms=66.5
INFO:mme_vla_suite.serving.websocket_policy_server:TIMING add_buffer_ms=39.1 frames=16 exec_start_idx=0
INFO:mme_vla_suite.serving.websocket_policy_server:TIMING infer_ms=66.5
INFO:mme_vla_suite.serving.websocket_policy_server:TIMING add_buffer_ms=38.7 frames=16 exec_start_idx=0
INFO:mme_vla_suite.serving.websocket_policy_server:TIMING infer_ms=66.5
INFO:mme_vla_suite.serving.websocket_policy_server:TIMING add_buffer_ms=38.7 frames=16 exec_start_idx=0
INFO:mme_vla_suite.serving.websocket_policy_server:TIMING infer_ms=66.6
INFO:mme_vla_suite.serving.websocket_policy_server:TIMING add_buffer_ms=38.5 frames=16 exec_start_idx=0
INFO:mme_vla_suite.serving.websocket_policy_server:TIMING infer_ms=66.4
INFO:mme_vla_suite.serving.websocket_policy_server:TIMING add_buffer_ms=38.8 frames=16 exec_start_idx=0
INFO:mme_vla_suite.serving.websocket_policy_server:TIMING infer_ms=66.5
INFO:mme_vla_suite.serving.websocket_policy_server:TIMING add_buffer_ms=38.5 frames=16 exec_start_idx=0
INFO:mme_vla_suite.serving.websocket_policy_server:TIMING infer_ms=66.4
INFO:mme_vla_suite.serving.websocket_policy_server:TIMING add_buffer_ms=38.8 frames=16 exec_start_idx=0
INFO:mme_vla_suite.serving.websocket_policy_server:TIMING infer_ms=66.5
INFO:mme_vla_suite.serving.websocket_policy_server:TIMING add_buffer_ms=38.7 frames=16 exec_start_idx=0
INFO:mme_vla_suite.serving.websocket_policy_server:TIMING infer_ms=66.5
INFO:mme_vla_suite.serving.websocket_policy_server:TIMING add_buffer_ms=38.6 frames=16 exec_start_idx=0
INFO:mme_vla_suite.serving.websocket_policy_server:TIMING infer_ms=66.5
INFO:mme_vla_suite.serving.websocket_policy_server:TIMING add_buffer_ms=39.7 frames=16 exec_start_idx=0
INFO:mme_vla_suite.serving.websocket_policy_server:TIMING infer_ms=66.8
INFO:mme_vla_suite.serving.websocket_policy_server:TIMING add_buffer_ms=39.6 frames=16 exec_start_idx=0
INFO:mme_vla_suite.serving.websocket_policy_server:TIMING infer_ms=66.5
INFO:mme_vla_suite.serving.websocket_policy_server:TIMING add_buffer_ms=39.0 frames=16 exec_start_idx=0
INFO:mme_vla_suite.serving.websocket_policy_server:TIMING infer_ms=66.7
INFO:mme_vla_suite.serving.websocket_policy_server:TIMING add_buffer_ms=38.5 frames=16 exec_start_idx=0
INFO:mme_vla_suite.serving.websocket_policy_server:TIMING infer_ms=66.5
INFO:mme_vla_suite.serving.websocket_policy_server:TIMING add_buffer_ms=38.6 frames=16 exec_start_idx=0
INFO:mme_vla_suite.serving.websocket_policy_server:TIMING infer_ms=66.5
INFO:mme_vla_suite.serving.websocket_policy_server:TIMING add_buffer_ms=38.5 frames=16 exec_start_idx=0
INFO:mme_vla_suite.serving.websocket_policy_server:TIMING infer_ms=66.5
INFO:mme_vla_suite.serving.websocket_policy_server:TIMING add_buffer_ms=38.7 frames=16 exec_start_idx=0
INFO:mme_vla_suite.serving.websocket_policy_server:TIMING infer_ms=66.5
INFO:mme_vla_suite.serving.websocket_policy_server:TIMING add_buffer_ms=38.6 frames=16 exec_start_idx=0
INFO:mme_vla_suite.serving.websocket_policy_server:TIMING infer_ms=66.5
INFO:mme_vla_suite.serving.websocket_policy_server:TIMING add_buffer_ms=38.5 frames=16 exec_start_idx=0
INFO:mme_vla_suite.serving.websocket_policy_server:TIMING infer_ms=66.4
INFO:mme_vla_suite.serving.websocket_policy_server:TIMING add_buffer_ms=39.2 frames=16 exec_start_idx=0
INFO:mme_vla_suite.serving.websocket_policy_server:TIMING infer_ms=66.6
INFO:mme_vla_suite.serving.websocket_policy_server:TIMING add_buffer_ms=38.5 frames=16 exec_start_idx=0
INFO:mme_vla_suite.serving.websocket_policy_server:TIMING infer_ms=66.6
INFO:mme_vla_suite.serving.websocket_policy_server:TIMING add_buffer_ms=38.6 frames=16 exec_start_idx=0
INFO:mme_vla_suite.serving.websocket_policy_server:TIMING infer_ms=66.5
INFO:mme_vla_suite.serving.websocket_policy_server:Connection from ('127.0.0.1', 59778) closed
