warning: The `tool.uv.dev-dependencies` field (used in `packages/openpi-client/pyproject.toml`) is deprecated and will be removed in a future release; use `dependency-groups.dev` instead
  ✓ siglip_params          level=cheap   0.00s
  ✓ paligemma_tokenizer    level=cheap   0.00s
  ✓ pi05_base              level=cheap   0.03s
ASSETS=PASS assets=3 mismatches=0
=== MV_SHARD shard=w2 cond=normal split=test seed=42 HEAD=a0db6bf53fb5b46b0cb3f0dcbbbe53c670866496 DIRTY_TREE=0 ckpt=/scratch/hongze/robomme_policy_learning_MotionJEPA/v1-store/train-runs/t8-m8-b/mme_vla_suite/t8-m8-b/999 gpu=6 port=9372 tasks=ButtonUnmask,VideoUnmask,ButtonUnmaskSwap,VideoUnmaskSwap ep_start=2 ep_stride=4 ep_count=10 expected=12 policy_name=mv-normal-s42-test-t8m8-w2 mem_fraction=0.55 xla_flags='--xla_gpu_deterministic_ops=true --xla_gpu_autotune_level=0' start=2026-09-14 13:04:33 ===
server pid=830680 log=/scratch/hongze/robomme_policy_learning_MotionJEPA/v1-store/logs/mv-t42-normal-t8m8-w2.server.log
server 端口就绪 13:05:05
/scratch/hongze/micromamba/envs/robomme/lib/python3.11/site-packages/sapien/_vulkan_tricks.py:42: UserWarning: Failed to find system libvulkan. Fallback to SAPIEN builtin libvulkan.
  warn("Failed to find system libvulkan. Fallback to SAPIEN builtin libvulkan.")
/scratch/hongze/micromamba/envs/robomme/lib/python3.11/site-packages/sapien/_vulkan_tricks.py:78: UserWarning: Failed to find Vulkan ICD file. This is probably due to an incorrect or partial installation of the NVIDIA driver. SAPIEN will attempt to provide an ICD file anyway but it may not work.
  warn(
/scratch/hongze/micromamba/envs/robomme/lib/python3.11/site-packages/torch/cuda/__init__.py:63: FutureWarning: The pynvml package is deprecated. Please install nvidia-ml-py instead. If you did not install pynvml directly, please report this to the maintainers of the package that installed pynvml for you.
  import pynvml  # type: ignore[import]
[robomme] task ButtonUnmask: 3 episodes [2, 6, 10]
EVAL_EPISODE split=test task=ButtonUnmask ep=2 env_seed=580201 difficulty=medium

[robomme] env for task ButtonUnmask episode 2 setup finished
task_goal: first press the button, then pick up the container hiding the green cube
exec_start_idx: 0
MV_EP_START split=test task=ButtonUnmask ep=2 exec_start_idx=0 start=2026-09-14 13:05:15
MV_EP_DONE split=test task=ButtonUnmask ep=2 flag=timeout steps=1301 infers=82 exec_start_idx=0 wall_s=148.4 difficulty=medium
EVAL_EPISODE split=test task=ButtonUnmask ep=6 env_seed=580600 difficulty=medium

[robomme] env for task ButtonUnmask episode 6 setup finished
task_goal: first press the button, then pick up the container hiding the red cube
exec_start_idx: 0
MV_EP_START split=test task=ButtonUnmask ep=6 exec_start_idx=0 start=2026-09-14 13:07:48
MV_EP_DONE split=test task=ButtonUnmask ep=6 flag=timeout steps=1301 infers=82 exec_start_idx=0 wall_s=143.7 difficulty=medium
EVAL_EPISODE split=test task=ButtonUnmask ep=10 env_seed=581000 difficulty=medium

[robomme] env for task ButtonUnmask episode 10 setup finished
task_goal: first press the button, then pick up the container hiding the green cube
exec_start_idx: 0
MV_EP_START split=test task=ButtonUnmask ep=10 exec_start_idx=0 start=2026-09-14 13:10:17
MV_EP_DONE split=test task=ButtonUnmask ep=10 flag=timeout steps=1301 infers=82 exec_start_idx=0 wall_s=142.6 difficulty=medium
[robomme] task VideoUnmask: 3 episodes [2, 6, 10]
EVAL_EPISODE split=test task=VideoUnmask ep=2 env_seed=560200 difficulty=medium

[robomme] env for task VideoUnmask episode 2 setup finished
task_goal: watch the video carefully, then pick up the container hiding the green cube
exec_start_idx: 66
MV_EP_START split=test task=VideoUnmask ep=2 exec_start_idx=66 start=2026-09-14 13:12:48
MV_EP_DONE split=test task=VideoUnmask ep=2 flag=timeout steps=1301 infers=82 exec_start_idx=66 wall_s=150.1 difficulty=medium
EVAL_EPISODE split=test task=VideoUnmask ep=6 env_seed=560600 difficulty=medium

[robomme] env for task VideoUnmask episode 6 setup finished
task_goal: watch the video carefully, then pick up the container hiding the blue cube
exec_start_idx: 66
MV_EP_START split=test task=VideoUnmask ep=6 exec_start_idx=66 start=2026-09-14 13:15:23
MV_EP_DONE split=test task=VideoUnmask ep=6 flag=timeout steps=1301 infers=82 exec_start_idx=66 wall_s=148.8 difficulty=medium
EVAL_EPISODE split=test task=VideoUnmask ep=10 env_seed=561000 difficulty=medium

[robomme] env for task VideoUnmask episode 10 setup finished
task_goal: watch the video carefully, then pick up the container hiding the green cube
exec_start_idx: 66
MV_EP_START split=test task=VideoUnmask ep=10 exec_start_idx=66 start=2026-09-14 13:17:57
MV_EP_DONE split=test task=VideoUnmask ep=10 flag=timeout steps=1301 infers=82 exec_start_idx=66 wall_s=147.2 difficulty=medium
[robomme] task ButtonUnmaskSwap: 3 episodes [2, 6, 10]
EVAL_EPISODE split=test task=ButtonUnmaskSwap ep=2 env_seed=570200 difficulty=medium

[robomme] env for task ButtonUnmaskSwap episode 2 setup finished
task_goal: first press both buttons on the table, then pick up the container hiding the blue cube
exec_start_idx: 0
MV_EP_START split=test task=ButtonUnmaskSwap ep=2 exec_start_idx=0 start=2026-09-14 13:20:29
MV_EP_DONE split=test task=ButtonUnmaskSwap ep=2 flag=timeout steps=1301 infers=82 exec_start_idx=0 wall_s=145.0 difficulty=medium
EVAL_EPISODE split=test task=ButtonUnmaskSwap ep=6 env_seed=570600 difficulty=medium

[robomme] env for task ButtonUnmaskSwap episode 6 setup finished
task_goal: first press both buttons on the table, then pick up the container hiding the red cube
exec_start_idx: 0
MV_EP_START split=test task=ButtonUnmaskSwap ep=6 exec_start_idx=0 start=2026-09-14 13:22:59
MV_EP_DONE split=test task=ButtonUnmaskSwap ep=6 flag=timeout steps=1301 infers=82 exec_start_idx=0 wall_s=145.9 difficulty=medium
EVAL_EPISODE split=test task=ButtonUnmaskSwap ep=10 env_seed=571000 difficulty=medium

[robomme] env for task ButtonUnmaskSwap episode 10 setup finished
task_goal: first press both buttons on the table, then pick up the container hiding the green cube
exec_start_idx: 0
MV_EP_START split=test task=ButtonUnmaskSwap ep=10 exec_start_idx=0 start=2026-09-14 13:25:30
MV_EP_DONE split=test task=ButtonUnmaskSwap ep=10 flag=timeout steps=1301 infers=82 exec_start_idx=0 wall_s=144.8 difficulty=medium
[robomme] task VideoUnmaskSwap: 3 episodes [2, 6, 10]
EVAL_EPISODE split=test task=VideoUnmaskSwap ep=2 env_seed=550200 difficulty=medium

[robomme] env for task VideoUnmaskSwap episode 2 setup finished
task_goal: watch the video carefully, then pick up the container hiding the red cube
exec_start_idx: 114
MV_EP_START split=test task=VideoUnmaskSwap ep=2 exec_start_idx=114 start=2026-09-14 13:28:02
MV_EP_DONE split=test task=VideoUnmaskSwap ep=2 flag=timeout steps=1301 infers=82 exec_start_idx=114 wall_s=155.4 difficulty=medium
EVAL_EPISODE split=test task=VideoUnmaskSwap ep=6 env_seed=550600 difficulty=medium

[robomme] env for task VideoUnmaskSwap episode 6 setup finished
task_goal: watch the video carefully, then pick up the container hiding the blue cube
exec_start_idx: 168
MV_EP_START split=test task=VideoUnmaskSwap ep=6 exec_start_idx=168 start=2026-09-14 13:30:43
MV_EP_DONE split=test task=VideoUnmaskSwap ep=6 flag=timeout steps=1301 infers=82 exec_start_idx=168 wall_s=160.7 difficulty=medium
EVAL_EPISODE split=test task=VideoUnmaskSwap ep=10 env_seed=551000 difficulty=medium

[robomme] env for task VideoUnmaskSwap episode 10 setup finished
task_goal: watch the video carefully, then pick up the container hiding the green cube
exec_start_idx: 114
MV_EP_START split=test task=VideoUnmaskSwap ep=10 exec_start_idx=114 start=2026-09-14 13:33:28
MV_EP_DONE split=test task=VideoUnmaskSwap ep=10 flag=timeout steps=1301 infers=82 exec_start_idx=114 wall_s=154.1 difficulty=medium
EVAL_RC=0 end=2026-09-14 13:36:05
TIMING_SUMMARY add_buffer(<=16帧) n=978 mean=1440 median=1464 p90=1469 max=1482 | add_buffer(首批>16帧) n=6 mean=7830 median=7228 p90=nan max=14047 | infer n=984 mean=73 median=70 p90=70 max=2576
MV_SHARD_SUMMARY shard=w2 cond=normal split=test seed=42 expected=12 progress=12 ep_done=12 episode_begin=12 infers=984 eval_rc=0 dirty=0 progress_json=/scratch/hongze/robomme_policy_learning_MotionJEPA/v1-store/evaluation/mv-normal-s42-test-t8m8-w2/ckpt999/seed42/progress.json
EXIT_CODE=0
EXIT_CODE=0
