START_HEAD=0c877c7495dfe5db8b83f033442013c6d6fd8552
START_UTC=2026-09-21T04:09:18Z
warning: The `tool.uv.dev-dependencies` field (used in `packages/openpi-client/pyproject.toml`) is deprecated and will be removed in a future release; use `dependency-groups.dev` instead
max_token_len: 64
[samples] 100 个已 dump，用时 21.9s
[samples] 200 个已 dump，用时 43.7s
[samples] 300 个已 dump，用时 65.4s
[samples] 400 个已 dump，用时 87.3s
[samples] 500 个已 dump，用时 109.0s
[samples] 600 个已 dump，用时 130.8s
[samples] 700 个已 dump，用时 152.6s
[samples] 800 个已 dump，用时 174.4s
[samples] 900 个已 dump，用时 196.2s
[samples] 1000 个已 dump，用时 217.9s
[samples] 1100 个已 dump，用时 239.7s
[samples] 1200 个已 dump，用时 261.4s
[samples] 1300 个已 dump，用时 283.1s
[samples] 1400 个已 dump，用时 304.9s
[samples] 1500 个已 dump，用时 326.5s
[samples] 1600 个已 dump，用时 348.2s
[samples] 1700 个已 dump，用时 370.0s
[samples] 1800 个已 dump，用时 391.8s
[samples] 1900 个已 dump，用时 413.5s
[samples] 2000 个已 dump，用时 435.3s
[samples] 2100 个已 dump，用时 457.0s
[samples] 2200 个已 dump，用时 478.8s
[samples] 2300 个已 dump，用时 500.7s
[samples] 2400 个已 dump，用时 522.7s
[samples] 2500 个已 dump，用时 544.5s
[samples] 2600 个已 dump，用时 566.4s
[samples] 2700 个已 dump，用时 588.3s
[samples] 2800 个已 dump，用时 610.2s
[samples] 2900 个已 dump，用时 632.1s
[samples] 3000 个已 dump，用时 654.0s
[samples] 完成 3000 个，用时 654.0s
[batches] 20 个已 dump，用时 19.6s
[batches] 40 个已 dump，用时 38.8s
[batches] 60 个已 dump，用时 58.4s
[batches] 80 个已 dump，用时 77.9s
[batches] 100 个已 dump，用时 97.5s
[batches] 120 个已 dump，用时 116.4s
[batches] 140 个已 dump，用时 135.8s
[batches] 160 个已 dump，用时 154.9s
[batches] 180 个已 dump，用时 174.2s
[batches] 200 个已 dump，用时 193.6s
[batches] 完成 200 个，用时 193.6s
DUMP_DONE samples=3000 batches=200 out=/scratch/hongze/robomme_policy_learning_MotionJEPA/v1-store/bench/m2048/m2048-dump-packed

EXIT_CODE=0
