SESSION=orig80k-input-count-b-20260926T170654Z
WRAPPER_PID=31448
BODY_PID=31450
INPUT_HEAD=3a1582db39c723c735e04752e5027bfe40ecc3e1
COMMAND_FILE=/scratch/hongze/robomme_policy_learning_MotionJEPA/v1-store/bench/orig80k-equiv-0925/commands-20260926T170654Z/orig80k-input-count-b-20260926T170654Z.command
COMMAND_FILE_SHA256_EXPECTED=367f50c0a020742121dd01bece128ba0eaea4486a0ef5b96b68bf362213c629c
START_UTC=2026-09-26T17:07:21Z
COMMAND_FILE_SHA256_ACTUAL=367f50c0a020742121dd01bece128ba0eaea4486a0ef5b96b68bf362213c629c
COMMAND=env -u PYTHONPATH -u PYTHONHOME -u JAX_PLATFORM_NAME -u XLA_FLAGS CUDA_VISIBLE_DEVICES= JAX_PLATFORMS=cpu JAX_ENABLE_X64=0 PYTHONUNBUFFERED=1 PYTHONDONTWRITEBYTECODE=1 OMP_NUM_THREADS=1 OPENBLAS_NUM_THREADS=1 OPENPI_DATA_HOME=/scratch/hongze/robomme_policy_learning_MotionJEPA/v1-store/models UV_CACHE_DIR=/scratch/hongze/robomme_policy_learning_MotionJEPA/v1-store/cache/uv XDG_CACHE_HOME=/scratch/hongze/robomme_policy_learning_MotionJEPA/v1-store/cache/xdg HF_HOME=/scratch/hongze/robomme_policy_learning_MotionJEPA/v1-store/cache/hf HF_HUB_OFFLINE=1 JAX_COMPILATION_CACHE_DIR=/scratch/hongze/robomme_policy_learning_MotionJEPA/v1-store/cache/orig80k-input-20260926T170654Z/count-b uv run --no-sync python -B /scratch/hongze/robomme_policy_learning_MotionJEPA/scripts/training/tests/check_orig80k_inputs.py collect --side current --expect-root /scratch/hongze/robomme_policy_learning_MotionJEPA --expect-head 3a1582db39c723c735e04752e5027bfe40ecc3e1 --forbid-root /scratch/hongze/robomme_policy_learning_MotionJEPA/v1-store/worktrees/orig-ecf086c --dataset-path /scratch/hongze/robomme_policy_learning_MotionJEPA/v1-store/datasets/4task-counting-pub-400ep/framesamp --source /scratch/hongze/robomme_policy_learning_MotionJEPA/v1-store/datasets/4task-counting-pub-400ep/source --manifest /scratch/hongze/robomme_policy_learning_MotionJEPA/v1-store/datasets/4task-counting-pub-400ep/meta/episode_manifest.json --input-manifest /scratch/hongze/robomme_policy_learning_MotionJEPA/v1-store/datasets/4task-counting-pub-400ep/meta/input_manifest.json --assets-dir /scratch/hongze/robomme_policy_learning_MotionJEPA/v1-store/train-assets/mme_vla_suite/4task-counting-pub-400ep --out /scratch/hongze/robomme_policy_learning_MotionJEPA/v1-store/bench/orig80k-equiv-0925/input-20260926T170654Z/count/b
warning: The `tool.uv.dev-dependencies` field (used in `packages/openpi-client/pyproject.toml`) is deprecated and will be removed in a future release; use `dependency-groups.dev` instead
max_token_len: 64
INPUT_IDENTITY_PROGRESS samples=10000/189035
INPUT_IDENTITY_PROGRESS samples=20000/189035
INPUT_IDENTITY_PROGRESS samples=30000/189035
INPUT_IDENTITY_PROGRESS samples=40000/189035
INPUT_IDENTITY_PROGRESS samples=50000/189035
INPUT_IDENTITY_PROGRESS samples=60000/189035
INPUT_IDENTITY_PROGRESS samples=70000/189035
INPUT_IDENTITY_PROGRESS samples=80000/189035
INPUT_IDENTITY_PROGRESS samples=90000/189035
INPUT_IDENTITY_PROGRESS samples=100000/189035
INPUT_IDENTITY_PROGRESS samples=110000/189035
INPUT_IDENTITY_PROGRESS samples=120000/189035
INPUT_IDENTITY_PROGRESS samples=130000/189035
INPUT_IDENTITY_PROGRESS samples=140000/189035
INPUT_IDENTITY_PROGRESS samples=150000/189035
INPUT_IDENTITY_PROGRESS samples=160000/189035
INPUT_IDENTITY_PROGRESS samples=170000/189035
INPUT_IDENTITY_PROGRESS samples=180000/189035
INPUT_SAMPLE_PROGRESS samples=100/2400
INPUT_SAMPLE_PROGRESS samples=200/2400
INPUT_SAMPLE_PROGRESS samples=300/2400
INPUT_SAMPLE_PROGRESS samples=400/2400
INPUT_SAMPLE_PROGRESS samples=500/2400
INPUT_SAMPLE_PROGRESS samples=600/2400
INPUT_SAMPLE_PROGRESS samples=700/2400
INPUT_SAMPLE_PROGRESS samples=800/2400
INPUT_SAMPLE_PROGRESS samples=900/2400
INPUT_SAMPLE_PROGRESS samples=1000/2400
INPUT_SAMPLE_PROGRESS samples=1100/2400
INPUT_SAMPLE_PROGRESS samples=1200/2400
INPUT_SAMPLE_PROGRESS samples=1300/2400
INPUT_SAMPLE_PROGRESS samples=1400/2400
INPUT_SAMPLE_PROGRESS samples=1500/2400
INPUT_SAMPLE_PROGRESS samples=1600/2400
INPUT_SAMPLE_PROGRESS samples=1700/2400
INPUT_SAMPLE_PROGRESS samples=1800/2400
INPUT_SAMPLE_PROGRESS samples=1900/2400
INPUT_SAMPLE_PROGRESS samples=2000/2400
INPUT_SAMPLE_PROGRESS samples=2100/2400
INPUT_SAMPLE_PROGRESS samples=2200/2400
INPUT_SAMPLE_PROGRESS samples=2300/2400
INPUT_SAMPLE_PROGRESS samples=2400/2400
INPUT_BATCH epoch=0 batch=0 samples=64
INPUT_BATCH epoch=0 batch=1 samples=64
INPUT_BATCH epoch=0 batch=2 samples=64
INPUT_BATCH epoch=0 batch=3 samples=64
INPUT_BATCH epoch=0 batch=4 samples=64
INPUT_BATCH epoch=0 batch=5 samples=64
INPUT_BATCH epoch=0 batch=6 samples=64
INPUT_BATCH epoch=0 batch=7 samples=64
INPUT_BATCH epoch=0 batch=8 samples=64
INPUT_BATCH epoch=0 batch=9 samples=64
INPUT_BATCH epoch=0 batch=10 samples=64
INPUT_BATCH epoch=0 batch=11 samples=64
INPUT_BATCH epoch=0 batch=12 samples=64
INPUT_BATCH epoch=0 batch=13 samples=64
INPUT_BATCH epoch=0 batch=14 samples=64
INPUT_BATCH epoch=0 batch=15 samples=64
INPUT_BATCH epoch=0 batch=16 samples=64
INPUT_BATCH epoch=0 batch=17 samples=64
INPUT_BATCH epoch=0 batch=18 samples=64
INPUT_BATCH epoch=0 batch=19 samples=64
INPUT_BATCH epoch=0 batch=20 samples=64
INPUT_BATCH epoch=0 batch=21 samples=64
INPUT_BATCH epoch=0 batch=22 samples=64
INPUT_BATCH epoch=0 batch=23 samples=64
INPUT_BATCH epoch=0 batch=24 samples=64
INPUT_BATCH epoch=0 batch=25 samples=64
INPUT_BATCH epoch=0 batch=26 samples=64
INPUT_BATCH epoch=0 batch=27 samples=64
INPUT_BATCH epoch=0 batch=28 samples=64
INPUT_BATCH epoch=0 batch=29 samples=64
INPUT_BATCH epoch=0 batch=30 samples=64
INPUT_BATCH epoch=0 batch=31 samples=64
INPUT_BATCH epoch=0 batch=32 samples=64
INPUT_BATCH epoch=0 batch=33 samples=64
INPUT_BATCH epoch=0 batch=34 samples=64
INPUT_BATCH epoch=0 batch=35 samples=64
INPUT_BATCH epoch=0 batch=36 samples=64
INPUT_BATCH epoch=0 batch=37 samples=64
INPUT_BATCH epoch=0 batch=38 samples=64
INPUT_BATCH epoch=0 batch=39 samples=64
INPUT_BATCH epoch=0 batch=40 samples=64
INPUT_BATCH epoch=0 batch=41 samples=64
INPUT_BATCH epoch=0 batch=42 samples=64
INPUT_BATCH epoch=0 batch=43 samples=64
INPUT_BATCH epoch=0 batch=44 samples=64
INPUT_BATCH epoch=0 batch=45 samples=64
INPUT_BATCH epoch=0 batch=46 samples=64
INPUT_BATCH epoch=0 batch=47 samples=64
INPUT_BATCH epoch=0 batch=48 samples=64
INPUT_BATCH epoch=0 batch=49 samples=64
INPUT_BATCH epoch=0 batch=50 samples=64
INPUT_BATCH epoch=0 batch=51 samples=64
INPUT_BATCH epoch=0 batch=52 samples=64
INPUT_BATCH epoch=0 batch=53 samples=64
INPUT_BATCH epoch=0 batch=54 samples=64
INPUT_BATCH epoch=0 batch=55 samples=64
INPUT_BATCH epoch=0 batch=56 samples=64
INPUT_BATCH epoch=0 batch=57 samples=64
INPUT_BATCH epoch=0 batch=58 samples=64
INPUT_BATCH epoch=0 batch=59 samples=64
INPUT_BATCH epoch=0 batch=60 samples=64
INPUT_BATCH epoch=0 batch=61 samples=64
INPUT_BATCH epoch=0 batch=62 samples=64
INPUT_BATCH epoch=0 batch=63 samples=64
INPUT_BATCH epoch=0 batch=64 samples=64
INPUT_BATCH epoch=0 batch=65 samples=64
INPUT_BATCH epoch=0 batch=66 samples=64
INPUT_BATCH epoch=0 batch=67 samples=64
INPUT_BATCH epoch=0 batch=68 samples=64
INPUT_BATCH epoch=0 batch=69 samples=64
INPUT_BATCH epoch=0 batch=70 samples=64
INPUT_BATCH epoch=0 batch=71 samples=64
INPUT_BATCH epoch=0 batch=72 samples=64
INPUT_BATCH epoch=0 batch=73 samples=64
INPUT_BATCH epoch=0 batch=74 samples=64
INPUT_BATCH epoch=0 batch=75 samples=64
INPUT_BATCH epoch=0 batch=76 samples=64
INPUT_BATCH epoch=0 batch=77 samples=64
INPUT_BATCH epoch=0 batch=78 samples=64
INPUT_BATCH epoch=0 batch=79 samples=64
INPUT_BATCH epoch=0 batch=80 samples=64
INPUT_BATCH epoch=0 batch=81 samples=64
INPUT_BATCH epoch=0 batch=82 samples=64
INPUT_BATCH epoch=0 batch=83 samples=64
INPUT_BATCH epoch=0 batch=84 samples=64
INPUT_BATCH epoch=0 batch=85 samples=64
INPUT_BATCH epoch=0 batch=86 samples=64
INPUT_BATCH epoch=0 batch=87 samples=64
INPUT_BATCH epoch=0 batch=88 samples=64
INPUT_BATCH epoch=0 batch=89 samples=64
INPUT_BATCH epoch=0 batch=90 samples=64
INPUT_BATCH epoch=0 batch=91 samples=64
INPUT_BATCH epoch=0 batch=92 samples=64
INPUT_BATCH epoch=0 batch=93 samples=64
INPUT_BATCH epoch=0 batch=94 samples=64
INPUT_BATCH epoch=0 batch=95 samples=64
INPUT_BATCH epoch=0 batch=96 samples=64
INPUT_BATCH epoch=0 batch=97 samples=64
INPUT_BATCH epoch=0 batch=98 samples=64
INPUT_BATCH epoch=0 batch=99 samples=64
INPUT_BATCH epoch=0 batch=2951 samples=64
INPUT_BATCH epoch=0 batch=2952 samples=64
INPUT_BATCH epoch=1 batch=0 samples=64
INPUT_BATCH epoch=1 batch=1 samples=64
INPUT_COLLECT=PASS side=current samples=2400 batches=104
SESSION_END=orig80k-input-count-b-20260926T170654Z
INPUT_HEAD_END=3a1582db39c723c735e04752e5027bfe40ecc3e1
END_UTC=2026-09-26T18:22:36Z
COMMAND_EXIT=0
TEE_EXIT=0
FOOTER_PRINTF_EXIT=0
FOOTER_TEE_EXIT=0
EXIT_CODE=0
