SESSION=orig80k-input-full-b-20260926T170654Z
WRAPPER_PID=31422
BODY_PID=31426
INPUT_HEAD=3a1582db39c723c735e04752e5027bfe40ecc3e1
COMMAND_FILE=/scratch/hongze/robomme_policy_learning_MotionJEPA/v1-store/bench/orig80k-equiv-0925/commands-20260926T170654Z/orig80k-input-full-b-20260926T170654Z.command
COMMAND_FILE_SHA256_EXPECTED=35f9e8d5d1a5df0e63d036f136a3899d56e03845d1c62790f150eb21b02fceaa
START_UTC=2026-09-26T17:07:21Z
COMMAND_FILE_SHA256_ACTUAL=35f9e8d5d1a5df0e63d036f136a3899d56e03845d1c62790f150eb21b02fceaa
COMMAND=env -u PYTHONPATH -u PYTHONHOME -u JAX_PLATFORM_NAME -u XLA_FLAGS CUDA_VISIBLE_DEVICES= JAX_PLATFORMS=cpu JAX_ENABLE_X64=0 PYTHONUNBUFFERED=1 PYTHONDONTWRITEBYTECODE=1 OMP_NUM_THREADS=1 OPENBLAS_NUM_THREADS=1 OPENPI_DATA_HOME=/scratch/hongze/robomme_policy_learning_MotionJEPA/v1-store/models UV_CACHE_DIR=/scratch/hongze/robomme_policy_learning_MotionJEPA/v1-store/cache/uv XDG_CACHE_HOME=/scratch/hongze/robomme_policy_learning_MotionJEPA/v1-store/cache/xdg HF_HOME=/scratch/hongze/robomme_policy_learning_MotionJEPA/v1-store/cache/hf HF_HUB_OFFLINE=1 JAX_COMPILATION_CACHE_DIR=/scratch/hongze/robomme_policy_learning_MotionJEPA/v1-store/cache/orig80k-input-20260926T170654Z/full-b uv run --no-sync python -B /scratch/hongze/robomme_policy_learning_MotionJEPA/scripts/training/tests/check_orig80k_inputs.py collect --side current --expect-root /scratch/hongze/robomme_policy_learning_MotionJEPA --expect-head 3a1582db39c723c735e04752e5027bfe40ecc3e1 --forbid-root /scratch/hongze/robomme_policy_learning_MotionJEPA/v1-store/worktrees/orig-ecf086c --dataset-path /scratch/hongze/robomme_policy_learning_MotionJEPA/v1-store/datasets/16task-pub-1600ep/framesamp --source /scratch/hongze/robomme_policy_learning_MotionJEPA/v1-store/datasets/16task-pub-1600ep/source --manifest /scratch/hongze/robomme_policy_learning_MotionJEPA/v1-store/datasets/16task-pub-1600ep/meta/episode_manifest.json --input-manifest /scratch/hongze/robomme_policy_learning_MotionJEPA/v1-store/datasets/16task-pub-1600ep/meta/input_manifest.json --assets-dir /scratch/hongze/robomme_policy_learning_MotionJEPA/v1-store/train-assets/mme_vla_suite --out /scratch/hongze/robomme_policy_learning_MotionJEPA/v1-store/bench/orig80k-equiv-0925/input-20260926T170654Z/full/b
warning: The `tool.uv.dev-dependencies` field (used in `packages/openpi-client/pyproject.toml`) is deprecated and will be removed in a future release; use `dependency-groups.dev` instead
max_token_len: 64
INPUT_IDENTITY_PROGRESS samples=10000/476857
INPUT_IDENTITY_PROGRESS samples=20000/476857
INPUT_IDENTITY_PROGRESS samples=30000/476857
INPUT_IDENTITY_PROGRESS samples=40000/476857
INPUT_IDENTITY_PROGRESS samples=50000/476857
INPUT_IDENTITY_PROGRESS samples=60000/476857
INPUT_IDENTITY_PROGRESS samples=70000/476857
INPUT_IDENTITY_PROGRESS samples=80000/476857
INPUT_IDENTITY_PROGRESS samples=90000/476857
INPUT_IDENTITY_PROGRESS samples=100000/476857
INPUT_IDENTITY_PROGRESS samples=110000/476857
INPUT_IDENTITY_PROGRESS samples=120000/476857
INPUT_IDENTITY_PROGRESS samples=130000/476857
INPUT_IDENTITY_PROGRESS samples=140000/476857
INPUT_IDENTITY_PROGRESS samples=150000/476857
INPUT_IDENTITY_PROGRESS samples=160000/476857
INPUT_IDENTITY_PROGRESS samples=170000/476857
INPUT_IDENTITY_PROGRESS samples=180000/476857
INPUT_IDENTITY_PROGRESS samples=190000/476857
INPUT_IDENTITY_PROGRESS samples=200000/476857
INPUT_IDENTITY_PROGRESS samples=210000/476857
INPUT_IDENTITY_PROGRESS samples=220000/476857
INPUT_IDENTITY_PROGRESS samples=230000/476857
INPUT_IDENTITY_PROGRESS samples=240000/476857
INPUT_IDENTITY_PROGRESS samples=250000/476857
INPUT_IDENTITY_PROGRESS samples=260000/476857
INPUT_IDENTITY_PROGRESS samples=270000/476857
INPUT_IDENTITY_PROGRESS samples=280000/476857
INPUT_IDENTITY_PROGRESS samples=290000/476857
INPUT_IDENTITY_PROGRESS samples=300000/476857
INPUT_IDENTITY_PROGRESS samples=310000/476857
INPUT_IDENTITY_PROGRESS samples=320000/476857
INPUT_IDENTITY_PROGRESS samples=330000/476857
INPUT_IDENTITY_PROGRESS samples=340000/476857
INPUT_IDENTITY_PROGRESS samples=350000/476857
INPUT_IDENTITY_PROGRESS samples=360000/476857
INPUT_IDENTITY_PROGRESS samples=370000/476857
INPUT_IDENTITY_PROGRESS samples=380000/476857
INPUT_IDENTITY_PROGRESS samples=390000/476857
INPUT_IDENTITY_PROGRESS samples=400000/476857
INPUT_IDENTITY_PROGRESS samples=410000/476857
INPUT_IDENTITY_PROGRESS samples=420000/476857
INPUT_IDENTITY_PROGRESS samples=430000/476857
INPUT_IDENTITY_PROGRESS samples=440000/476857
INPUT_IDENTITY_PROGRESS samples=450000/476857
INPUT_IDENTITY_PROGRESS samples=460000/476857
INPUT_IDENTITY_PROGRESS samples=470000/476857
INPUT_SAMPLE_PROGRESS samples=100/6906
INPUT_SAMPLE_PROGRESS samples=200/6906
INPUT_SAMPLE_PROGRESS samples=300/6906
INPUT_SAMPLE_PROGRESS samples=400/6906
INPUT_SAMPLE_PROGRESS samples=500/6906
INPUT_SAMPLE_PROGRESS samples=600/6906
INPUT_SAMPLE_PROGRESS samples=700/6906
INPUT_SAMPLE_PROGRESS samples=800/6906
INPUT_SAMPLE_PROGRESS samples=900/6906
INPUT_SAMPLE_PROGRESS samples=1000/6906
INPUT_SAMPLE_PROGRESS samples=1100/6906
INPUT_SAMPLE_PROGRESS samples=1200/6906
INPUT_SAMPLE_PROGRESS samples=1300/6906
INPUT_SAMPLE_PROGRESS samples=1400/6906
INPUT_SAMPLE_PROGRESS samples=1500/6906
INPUT_SAMPLE_PROGRESS samples=1600/6906
INPUT_SAMPLE_PROGRESS samples=1700/6906
INPUT_SAMPLE_PROGRESS samples=1800/6906
INPUT_SAMPLE_PROGRESS samples=1900/6906
INPUT_SAMPLE_PROGRESS samples=2000/6906
INPUT_SAMPLE_PROGRESS samples=2100/6906
INPUT_SAMPLE_PROGRESS samples=2200/6906
INPUT_SAMPLE_PROGRESS samples=2300/6906
INPUT_SAMPLE_PROGRESS samples=2400/6906
INPUT_SAMPLE_PROGRESS samples=2500/6906
INPUT_SAMPLE_PROGRESS samples=2600/6906
INPUT_SAMPLE_PROGRESS samples=2700/6906
INPUT_SAMPLE_PROGRESS samples=2800/6906
INPUT_SAMPLE_PROGRESS samples=2900/6906
INPUT_SAMPLE_PROGRESS samples=3000/6906
INPUT_SAMPLE_PROGRESS samples=3100/6906
INPUT_SAMPLE_PROGRESS samples=3200/6906
INPUT_SAMPLE_PROGRESS samples=3300/6906
INPUT_SAMPLE_PROGRESS samples=3400/6906
INPUT_SAMPLE_PROGRESS samples=3500/6906
INPUT_SAMPLE_PROGRESS samples=3600/6906
INPUT_SAMPLE_PROGRESS samples=3700/6906
INPUT_SAMPLE_PROGRESS samples=3800/6906
INPUT_SAMPLE_PROGRESS samples=3900/6906
INPUT_SAMPLE_PROGRESS samples=4000/6906
INPUT_SAMPLE_PROGRESS samples=4100/6906
INPUT_SAMPLE_PROGRESS samples=4200/6906
INPUT_SAMPLE_PROGRESS samples=4300/6906
INPUT_SAMPLE_PROGRESS samples=4400/6906
INPUT_SAMPLE_PROGRESS samples=4500/6906
INPUT_SAMPLE_PROGRESS samples=4600/6906
INPUT_SAMPLE_PROGRESS samples=4700/6906
INPUT_SAMPLE_PROGRESS samples=4800/6906
INPUT_SAMPLE_PROGRESS samples=4900/6906
INPUT_SAMPLE_PROGRESS samples=5000/6906
INPUT_SAMPLE_PROGRESS samples=5100/6906
INPUT_SAMPLE_PROGRESS samples=5200/6906
INPUT_SAMPLE_PROGRESS samples=5300/6906
INPUT_SAMPLE_PROGRESS samples=5400/6906
INPUT_SAMPLE_PROGRESS samples=5500/6906
INPUT_SAMPLE_PROGRESS samples=5600/6906
INPUT_SAMPLE_PROGRESS samples=5700/6906
INPUT_SAMPLE_PROGRESS samples=5800/6906
INPUT_SAMPLE_PROGRESS samples=5900/6906
INPUT_SAMPLE_PROGRESS samples=6000/6906
INPUT_SAMPLE_PROGRESS samples=6100/6906
INPUT_SAMPLE_PROGRESS samples=6200/6906
INPUT_SAMPLE_PROGRESS samples=6300/6906
INPUT_SAMPLE_PROGRESS samples=6400/6906
INPUT_SAMPLE_PROGRESS samples=6500/6906
INPUT_SAMPLE_PROGRESS samples=6600/6906
INPUT_SAMPLE_PROGRESS samples=6700/6906
INPUT_SAMPLE_PROGRESS samples=6800/6906
INPUT_SAMPLE_PROGRESS samples=6900/6906
INPUT_BATCH epoch=0 batch=0 samples=64
INPUT_BATCH epoch=0 batch=1 samples=64
INPUT_BATCH epoch=0 batch=2 samples=64
INPUT_BATCH epoch=0 batch=3 samples=64
INPUT_BATCH epoch=0 batch=4 samples=64
INPUT_BATCH epoch=0 batch=5 samples=64
INPUT_BATCH epoch=0 batch=6 samples=64
INPUT_BATCH epoch=0 batch=7 samples=64
INPUT_BATCH epoch=0 batch=8 samples=64
INPUT_BATCH epoch=0 batch=9 samples=64
INPUT_BATCH epoch=0 batch=10 samples=64
INPUT_BATCH epoch=0 batch=11 samples=64
INPUT_BATCH epoch=0 batch=12 samples=64
INPUT_BATCH epoch=0 batch=13 samples=64
INPUT_BATCH epoch=0 batch=14 samples=64
INPUT_BATCH epoch=0 batch=15 samples=64
INPUT_BATCH epoch=0 batch=16 samples=64
INPUT_BATCH epoch=0 batch=17 samples=64
INPUT_BATCH epoch=0 batch=18 samples=64
INPUT_BATCH epoch=0 batch=19 samples=64
INPUT_BATCH epoch=0 batch=20 samples=64
INPUT_BATCH epoch=0 batch=21 samples=64
INPUT_BATCH epoch=0 batch=22 samples=64
INPUT_BATCH epoch=0 batch=23 samples=64
INPUT_BATCH epoch=0 batch=24 samples=64
INPUT_BATCH epoch=0 batch=25 samples=64
INPUT_BATCH epoch=0 batch=26 samples=64
INPUT_BATCH epoch=0 batch=27 samples=64
INPUT_BATCH epoch=0 batch=28 samples=64
INPUT_BATCH epoch=0 batch=29 samples=64
INPUT_BATCH epoch=0 batch=30 samples=64
INPUT_BATCH epoch=0 batch=31 samples=64
INPUT_BATCH epoch=0 batch=32 samples=64
INPUT_BATCH epoch=0 batch=33 samples=64
INPUT_BATCH epoch=0 batch=34 samples=64
INPUT_BATCH epoch=0 batch=35 samples=64
INPUT_BATCH epoch=0 batch=36 samples=64
INPUT_BATCH epoch=0 batch=37 samples=64
INPUT_BATCH epoch=0 batch=38 samples=64
INPUT_BATCH epoch=0 batch=39 samples=64
INPUT_BATCH epoch=0 batch=40 samples=64
INPUT_BATCH epoch=0 batch=41 samples=64
INPUT_BATCH epoch=0 batch=42 samples=64
INPUT_BATCH epoch=0 batch=43 samples=64
INPUT_BATCH epoch=0 batch=44 samples=64
INPUT_BATCH epoch=0 batch=45 samples=64
INPUT_BATCH epoch=0 batch=46 samples=64
INPUT_BATCH epoch=0 batch=47 samples=64
INPUT_BATCH epoch=0 batch=48 samples=64
INPUT_BATCH epoch=0 batch=49 samples=64
INPUT_BATCH epoch=0 batch=50 samples=64
INPUT_BATCH epoch=0 batch=51 samples=64
INPUT_BATCH epoch=0 batch=52 samples=64
INPUT_BATCH epoch=0 batch=53 samples=64
INPUT_BATCH epoch=0 batch=54 samples=64
INPUT_BATCH epoch=0 batch=55 samples=64
INPUT_BATCH epoch=0 batch=56 samples=64
INPUT_BATCH epoch=0 batch=57 samples=64
INPUT_BATCH epoch=0 batch=58 samples=64
INPUT_BATCH epoch=0 batch=59 samples=64
INPUT_BATCH epoch=0 batch=60 samples=64
INPUT_BATCH epoch=0 batch=61 samples=64
INPUT_BATCH epoch=0 batch=62 samples=64
INPUT_BATCH epoch=0 batch=63 samples=64
INPUT_BATCH epoch=0 batch=64 samples=64
INPUT_BATCH epoch=0 batch=65 samples=64
INPUT_BATCH epoch=0 batch=66 samples=64
INPUT_BATCH epoch=0 batch=67 samples=64
INPUT_BATCH epoch=0 batch=68 samples=64
INPUT_BATCH epoch=0 batch=69 samples=64
INPUT_BATCH epoch=0 batch=70 samples=64
INPUT_BATCH epoch=0 batch=71 samples=64
INPUT_BATCH epoch=0 batch=72 samples=64
INPUT_BATCH epoch=0 batch=73 samples=64
INPUT_BATCH epoch=0 batch=74 samples=64
INPUT_BATCH epoch=0 batch=75 samples=64
INPUT_BATCH epoch=0 batch=76 samples=64
INPUT_BATCH epoch=0 batch=77 samples=64
INPUT_BATCH epoch=0 batch=78 samples=64
INPUT_BATCH epoch=0 batch=79 samples=64
INPUT_BATCH epoch=0 batch=80 samples=64
INPUT_BATCH epoch=0 batch=81 samples=64
INPUT_BATCH epoch=0 batch=82 samples=64
INPUT_BATCH epoch=0 batch=83 samples=64
INPUT_BATCH epoch=0 batch=84 samples=64
INPUT_BATCH epoch=0 batch=85 samples=64
INPUT_BATCH epoch=0 batch=86 samples=64
INPUT_BATCH epoch=0 batch=87 samples=64
INPUT_BATCH epoch=0 batch=88 samples=64
INPUT_BATCH epoch=0 batch=89 samples=64
INPUT_BATCH epoch=0 batch=90 samples=64
INPUT_BATCH epoch=0 batch=91 samples=64
INPUT_BATCH epoch=0 batch=92 samples=64
INPUT_BATCH epoch=0 batch=93 samples=64
INPUT_BATCH epoch=0 batch=94 samples=64
INPUT_BATCH epoch=0 batch=95 samples=64
INPUT_BATCH epoch=0 batch=96 samples=64
INPUT_BATCH epoch=0 batch=97 samples=64
INPUT_BATCH epoch=0 batch=98 samples=64
INPUT_BATCH epoch=0 batch=99 samples=64
INPUT_BATCH epoch=0 batch=7448 samples=64
INPUT_BATCH epoch=0 batch=7449 samples=64
INPUT_BATCH epoch=1 batch=0 samples=64
INPUT_BATCH epoch=1 batch=1 samples=64
INPUT_COLLECT=PASS side=current samples=6906 batches=104
SESSION_END=orig80k-input-full-b-20260926T170654Z
INPUT_HEAD_END=3a1582db39c723c735e04752e5027bfe40ecc3e1
END_UTC=2026-09-26T19:25:33Z
COMMAND_EXIT=0
TEE_EXIT=0
FOOTER_PRINTF_EXIT=0
FOOTER_TEE_EXIT=0
EXIT_CODE=0
