warning: The `tool.uv.dev-dependencies` field (used in `packages/openpi-client/pyproject.toml`) is deprecated and will be removed in a future release; use `dependency-groups.dev` instead
  ✓ siglip_params          level=cheap   0.00s
  ✓ paligemma_tokenizer    level=cheap   0.00s
  ✓ pi05_base              level=cheap   0.03s
ASSETS=PASS assets=3 mismatches=0
=== MV_SHARD shard=w1 cond=normal split=test seed=42 HEAD=a0db6bf53fb5b46b0cb3f0dcbbbe53c670866496 DIRTY_TREE=0 ckpt=/scratch/hongze/robomme_policy_learning_MotionJEPA/v1-store/train-runs/t8-c8-b/mme_vla_suite/t8-c8-b/999 gpu=5 port=9371 tasks=ButtonUnmask,VideoUnmask,ButtonUnmaskSwap,VideoUnmaskSwap ep_start=1 ep_stride=4 ep_count=10 expected=12 policy_name=mv-normal-s42-test-t8c8-w1 mem_fraction=0.55 xla_flags='--xla_gpu_deterministic_ops=true --xla_gpu_autotune_level=0' start=2026-09-14 13:37:31 ===
server pid=883813 log=/scratch/hongze/robomme_policy_learning_MotionJEPA/v1-store/logs/mv-t42-normal-t8c8-w1.server.log
server 端口就绪 13:37:51
/scratch/hongze/micromamba/envs/robomme/lib/python3.11/site-packages/sapien/_vulkan_tricks.py:42: UserWarning: Failed to find system libvulkan. Fallback to SAPIEN builtin libvulkan.
  warn("Failed to find system libvulkan. Fallback to SAPIEN builtin libvulkan.")
/scratch/hongze/micromamba/envs/robomme/lib/python3.11/site-packages/sapien/_vulkan_tricks.py:78: UserWarning: Failed to find Vulkan ICD file. This is probably due to an incorrect or partial installation of the NVIDIA driver. SAPIEN will attempt to provide an ICD file anyway but it may not work.
  warn(
/scratch/hongze/micromamba/envs/robomme/lib/python3.11/site-packages/torch/cuda/__init__.py:63: FutureWarning: The pynvml package is deprecated. Please install nvidia-ml-py instead. If you did not install pynvml directly, please report this to the maintainers of the package that installed pynvml for you.
  import pynvml  # type: ignore[import]
[robomme] task ButtonUnmask: 3 episodes [1, 5, 9]
EVAL_EPISODE split=test task=ButtonUnmask ep=1 env_seed=580100 difficulty=easy

[robomme] env for task ButtonUnmask episode 1 setup finished
task_goal: first press the button, then pick up the container hiding the blue cube
exec_start_idx: 0
MV_EP_START split=test task=ButtonUnmask ep=1 exec_start_idx=0 start=2026-09-14 13:38:01
MV_EP_DONE split=test task=ButtonUnmask ep=1 flag=timeout steps=1301 infers=82 exec_start_idx=0 wall_s=40.9 difficulty=easy
EVAL_EPISODE split=test task=ButtonUnmask ep=5 env_seed=580500 difficulty=easy

[robomme] env for task ButtonUnmask episode 5 setup finished
task_goal: first press the button, then pick up the container hiding the red cube
exec_start_idx: 0
MV_EP_START split=test task=ButtonUnmask ep=5 exec_start_idx=0 start=2026-09-14 13:38:47
MV_EP_DONE split=test task=ButtonUnmask ep=5 flag=timeout steps=1301 infers=82 exec_start_idx=0 wall_s=28.4 difficulty=easy
EVAL_EPISODE split=test task=ButtonUnmask ep=9 env_seed=580900 difficulty=easy

[robomme] env for task ButtonUnmask episode 9 setup finished
task_goal: first press the button, then pick up the container hiding the green cube
exec_start_idx: 0
MV_EP_START split=test task=ButtonUnmask ep=9 exec_start_idx=0 start=2026-09-14 13:39:21
MV_EP_DONE split=test task=ButtonUnmask ep=9 flag=timeout steps=1301 infers=82 exec_start_idx=0 wall_s=27.3 difficulty=easy
[robomme] task VideoUnmask: 3 episodes [1, 5, 9]
EVAL_EPISODE split=test task=VideoUnmask ep=1 env_seed=560100 difficulty=easy

[robomme] env for task VideoUnmask episode 1 setup finished
task_goal: watch the video carefully, then pick up the container hiding the green cube
exec_start_idx: 66
MV_EP_START split=test task=VideoUnmask ep=1 exec_start_idx=66 start=2026-09-14 13:39:55
MV_EP_DONE split=test task=VideoUnmask ep=1 flag=timeout steps=1301 infers=82 exec_start_idx=66 wall_s=29.7 difficulty=easy
EVAL_EPISODE split=test task=VideoUnmask ep=5 env_seed=560500 difficulty=easy

[robomme] env for task VideoUnmask episode 5 setup finished
task_goal: watch the video carefully, then pick up the container hiding the blue cube
exec_start_idx: 66
MV_EP_START split=test task=VideoUnmask ep=5 exec_start_idx=66 start=2026-09-14 13:40:30
MV_EP_DONE split=test task=VideoUnmask ep=5 flag=timeout steps=1301 infers=82 exec_start_idx=66 wall_s=28.7 difficulty=easy
EVAL_EPISODE split=test task=VideoUnmask ep=9 env_seed=560900 difficulty=easy

[robomme] env for task VideoUnmask episode 9 setup finished
task_goal: watch the video carefully, then pick up the container hiding the red cube
exec_start_idx: 66
MV_EP_START split=test task=VideoUnmask ep=9 exec_start_idx=66 start=2026-09-14 13:41:04
MV_EP_DONE split=test task=VideoUnmask ep=9 flag=timeout steps=1301 infers=82 exec_start_idx=66 wall_s=27.8 difficulty=easy
[robomme] task ButtonUnmaskSwap: 3 episodes [1, 5, 9]
EVAL_EPISODE split=test task=ButtonUnmaskSwap ep=1 env_seed=570100 difficulty=easy

[robomme] env for task ButtonUnmaskSwap episode 1 setup finished
task_goal: first press both buttons on the table, then pick up the container hiding the red cube, finally pick up another container hiding the green cube
exec_start_idx: 0
MV_EP_START split=test task=ButtonUnmaskSwap ep=1 exec_start_idx=0 start=2026-09-14 13:41:37
MV_EP_DONE split=test task=ButtonUnmaskSwap ep=1 flag=timeout steps=1301 infers=82 exec_start_idx=0 wall_s=27.9 difficulty=easy
EVAL_EPISODE split=test task=ButtonUnmaskSwap ep=5 env_seed=570500 difficulty=easy

[robomme] env for task ButtonUnmaskSwap episode 5 setup finished
task_goal: first press both buttons on the table, then pick up the container hiding the red cube, finally pick up another container hiding the blue cube
exec_start_idx: 0
MV_EP_START split=test task=ButtonUnmaskSwap ep=5 exec_start_idx=0 start=2026-09-14 13:42:10
MV_EP_DONE split=test task=ButtonUnmaskSwap ep=5 flag=timeout steps=1301 infers=82 exec_start_idx=0 wall_s=28.4 difficulty=easy
EVAL_EPISODE split=test task=ButtonUnmaskSwap ep=9 env_seed=570900 difficulty=easy

[robomme] env for task ButtonUnmaskSwap episode 9 setup finished
task_goal: first press both buttons on the table, then pick up the container hiding the blue cube, finally pick up another container hiding the green cube
exec_start_idx: 0
MV_EP_START split=test task=ButtonUnmaskSwap ep=9 exec_start_idx=0 start=2026-09-14 13:42:44
MV_EP_DONE split=test task=ButtonUnmaskSwap ep=9 flag=timeout steps=1301 infers=82 exec_start_idx=0 wall_s=27.9 difficulty=easy
[robomme] task VideoUnmaskSwap: 3 episodes [1, 5, 9]
EVAL_EPISODE split=test task=VideoUnmaskSwap ep=1 env_seed=550100 difficulty=easy

[robomme] env for task VideoUnmaskSwap episode 1 setup finished
task_goal: watch the video carefully, then pick up the container hiding the green cube
exec_start_idx: 168
MV_EP_START split=test task=VideoUnmaskSwap ep=1 exec_start_idx=168 start=2026-09-14 13:43:20
MV_EP_DONE split=test task=VideoUnmaskSwap ep=1 flag=timeout steps=1301 infers=82 exec_start_idx=168 wall_s=30.8 difficulty=easy
EVAL_EPISODE split=test task=VideoUnmaskSwap ep=5 env_seed=550500 difficulty=easy

[robomme] env for task VideoUnmaskSwap episode 5 setup finished
task_goal: watch the video carefully, then pick up the container hiding the red cube
exec_start_idx: 114
MV_EP_START split=test task=VideoUnmaskSwap ep=5 exec_start_idx=114 start=2026-09-14 13:43:56
MV_EP_DONE split=test task=VideoUnmaskSwap ep=5 flag=timeout steps=1301 infers=82 exec_start_idx=114 wall_s=31.2 difficulty=easy
EVAL_EPISODE split=test task=VideoUnmaskSwap ep=9 env_seed=550900 difficulty=easy

[robomme] env for task VideoUnmaskSwap episode 9 setup finished
task_goal: watch the video carefully, then pick up the container hiding the red cube, finally pick up another container hiding the blue cube
exec_start_idx: 114
MV_EP_START split=test task=VideoUnmaskSwap ep=9 exec_start_idx=114 start=2026-09-14 13:44:33
MV_EP_DONE split=test task=VideoUnmaskSwap ep=9 flag=timeout steps=1301 infers=82 exec_start_idx=114 wall_s=41.1 difficulty=easy
EVAL_RC=0 end=2026-09-14 13:45:17
TIMING_SUMMARY add_buffer(<=16帧) n=978 mean=41 median=39 p90=40 max=1030 | add_buffer(首批>16帧) n=6 mean=711 median=647 p90=nan max=1538 | infer n=984 mean=77 median=67 p90=68 max=9941
MV_SHARD_SUMMARY shard=w1 cond=normal split=test seed=42 expected=12 progress=12 ep_done=12 episode_begin=12 infers=984 eval_rc=0 dirty=0 progress_json=/scratch/hongze/robomme_policy_learning_MotionJEPA/v1-store/evaluation/mv-normal-s42-test-t8c8-w1/ckpt999/seed42/progress.json
EXIT_CODE=0
EXIT_CODE=0
