START_HEAD=d61c47ba4e9d6c53c8079ada6a8c78e83140e87f
START_UTC=2026-09-14T03:26:38Z
warning: The `tool.uv.dev-dependencies` field (used in `packages/openpi-client/pyproject.toml`) is deprecated and will be removed in a future release; use `dependency-groups.dev` instead
[pack] pos 表：episode_33（586 帧）逐位抽取拼装
[pack] state 表：48 进程 decode 40 episode / 13756 帧
[pack] state 表进度 1/40 episode (0s)
[pack] state 表进度 2/40 episode (0s)
[pack] state 表进度 3/40 episode (0s)
[pack] state 表进度 4/40 episode (0s)
[pack] state 表进度 5/40 episode (0s)
[pack] state 表进度 6/40 episode (0s)
[pack] state 表进度 7/40 episode (0s)
[pack] state 表进度 8/40 episode (0s)
[pack] state 表进度 9/40 episode (0s)
[pack] state 表进度 10/40 episode (0s)
[pack] state 表进度 11/40 episode (0s)
[pack] state 表进度 12/40 episode (0s)
[pack] state 表进度 13/40 episode (0s)
[pack] state 表进度 14/40 episode (0s)
[pack] state 表进度 15/40 episode (0s)
[pack] state 表进度 16/40 episode (0s)
[pack] state 表进度 17/40 episode (0s)
[pack] state 表进度 18/40 episode (0s)
[pack] state 表进度 19/40 episode (0s)
[pack] state 表进度 20/40 episode (0s)
[pack] state 表进度 21/40 episode (0s)
[pack] state 表进度 22/40 episode (0s)
[pack] state 表进度 23/40 episode (1s)
[pack] state 表进度 24/40 episode (1s)
[pack] state 表进度 25/40 episode (1s)
[pack] state 表进度 26/40 episode (1s)
[pack] state 表进度 27/40 episode (1s)
[pack] state 表进度 28/40 episode (1s)
[pack] state 表进度 29/40 episode (1s)
[pack] state 表进度 30/40 episode (1s)
[pack] state 表进度 31/40 episode (1s)
[pack] state 表进度 32/40 episode (1s)
[pack] state 表进度 33/40 episode (1s)
[pack] state 表进度 34/40 episode (1s)
[pack] state 表进度 35/40 episode (1s)
[pack] state 表进度 36/40 episode (1s)
[pack] state 表进度 37/40 episode (1s)
[pack] state 表进度 38/40 episode (1s)
[pack] state 表进度 39/40 episode (1s)
[pack] state 表进度 40/40 episode (1s)
[pack] 小表落盘: pos 115,212,288 B / state 440,192 B
[pack] image part: 共 22 个, 跳过已完好 0 个, 本轮 22 个 × 48 进程
[pack] part_011 完成 rows=440 (0.8s), 进度 1/22
[pack] part_009 完成 rows=451 (0.8s), 进度 2/22
[pack] part_012 完成 rows=464 (0.8s), 进度 3/22
[pack] part_010 完成 rows=470 (0.8s), 进度 4/22
[pack] part_015 完成 rows=511 (0.9s), 进度 5/22
[pack] part_005 完成 rows=519 (0.9s), 进度 6/22
[pack] part_014 完成 rows=515 (0.9s), 进度 7/22
[pack] part_007 完成 rows=532 (0.9s), 进度 8/22
[pack] part_018 完成 rows=586 (1.0s), 进度 9/22
[pack] part_000 完成 rows=585 (1.0s), 进度 10/22
[pack] part_017 完成 rows=598 (1.0s), 进度 11/22
[pack] part_003 完成 rows=597 (1.0s), 进度 12/22
[pack] part_002 完成 rows=622 (1.1s), 进度 13/22
[pack] part_013 完成 rows=627 (1.1s), 进度 14/22
[pack] part_016 完成 rows=674 (1.2s), 进度 15/22
[pack] part_008 完成 rows=690 (1.2s), 进度 16/22
[pack] part_020 完成 rows=699 (1.2s), 进度 17/22
[pack] part_001 完成 rows=719 (1.2s), 进度 18/22
[pack] part_019 完成 rows=811 (1.4s), 进度 19/22
[pack] part_021 完成 rows=790 (1.4s), 进度 20/22
[pack] part_006 完成 rows=916 (1.5s), 进度 21/22
[pack] part_004 完成 rows=940 (1.6s), 进度 22/22
[pack] meta 阶段1 落盘（status=packed）; 总耗时 3s
PACK_DONE=1 （pack.lock 保留，verify 回填后才释放——A.2）
END_UTC=2026-09-14T03:26:42Z
EXIT_CODE=0
