START_HEAD=099578174e698f5b437d2a26612ba16006f47112
START_UTC=2026-09-14T03:51:40Z
warning: The `tool.uv.dev-dependencies` field (used in `packages/openpi-client/pyproject.toml`) is deprecated and will be removed in a future release; use `dependency-groups.dev` instead
[pack] pos 表：episode_303（586 帧）逐位抽取拼装
[pack] state 表：48 进程 decode 400 episode / 123044 帧
[pack] state 表进度 2/400 episode (1s)
[pack] state 表进度 4/400 episode (1s)
[pack] state 表进度 6/400 episode (1s)
[pack] state 表进度 8/400 episode (1s)
[pack] state 表进度 10/400 episode (1s)
[pack] state 表进度 12/400 episode (1s)
[pack] state 表进度 14/400 episode (1s)
[pack] state 表进度 16/400 episode (1s)
[pack] state 表进度 18/400 episode (1s)
[pack] state 表进度 20/400 episode (1s)
[pack] state 表进度 22/400 episode (1s)
[pack] state 表进度 24/400 episode (1s)
[pack] state 表进度 26/400 episode (1s)
[pack] state 表进度 28/400 episode (1s)
[pack] state 表进度 30/400 episode (1s)
[pack] state 表进度 32/400 episode (1s)
[pack] state 表进度 34/400 episode (1s)
[pack] state 表进度 36/400 episode (1s)
[pack] state 表进度 38/400 episode (1s)
[pack] state 表进度 40/400 episode (1s)
[pack] state 表进度 42/400 episode (1s)
[pack] state 表进度 44/400 episode (1s)
[pack] state 表进度 46/400 episode (1s)
[pack] state 表进度 48/400 episode (1s)
[pack] state 表进度 50/400 episode (1s)
[pack] state 表进度 52/400 episode (1s)
[pack] state 表进度 55/400 episode (1s)
[pack] state 表进度 58/400 episode (1s)
[pack] state 表进度 60/400 episode (1s)
[pack] state 表进度 62/400 episode (1s)
[pack] state 表进度 64/400 episode (1s)
[pack] state 表进度 66/400 episode (1s)
[pack] state 表进度 69/400 episode (1s)
[pack] state 表进度 71/400 episode (1s)
[pack] state 表进度 73/400 episode (1s)
[pack] state 表进度 76/400 episode (1s)
[pack] state 表进度 78/400 episode (1s)
[pack] state 表进度 80/400 episode (1s)
[pack] state 表进度 82/400 episode (1s)
[pack] state 表进度 84/400 episode (1s)
[pack] state 表进度 87/400 episode (1s)
[pack] state 表进度 89/400 episode (1s)
[pack] state 表进度 91/400 episode (1s)
[pack] state 表进度 93/400 episode (1s)
[pack] state 表进度 95/400 episode (1s)
[pack] state 表进度 97/400 episode (1s)
[pack] state 表进度 99/400 episode (1s)
[pack] state 表进度 101/400 episode (1s)
[pack] state 表进度 103/400 episode (1s)
[pack] state 表进度 105/400 episode (1s)
[pack] state 表进度 108/400 episode (1s)
[pack] state 表进度 110/400 episode (1s)
[pack] state 表进度 112/400 episode (1s)
[pack] state 表进度 114/400 episode (1s)
[pack] state 表进度 116/400 episode (1s)
[pack] state 表进度 119/400 episode (1s)
[pack] state 表进度 121/400 episode (1s)
[pack] state 表进度 124/400 episode (1s)
[pack] state 表进度 127/400 episode (1s)
[pack] state 表进度 129/400 episode (2s)
[pack] state 表进度 131/400 episode (2s)
[pack] state 表进度 133/400 episode (2s)
[pack] state 表进度 135/400 episode (2s)
[pack] state 表进度 137/400 episode (2s)
[pack] state 表进度 140/400 episode (2s)
[pack] state 表进度 142/400 episode (2s)
[pack] state 表进度 144/400 episode (2s)
[pack] state 表进度 146/400 episode (2s)
[pack] state 表进度 148/400 episode (2s)
[pack] state 表进度 150/400 episode (2s)
[pack] state 表进度 152/400 episode (2s)
[pack] state 表进度 154/400 episode (2s)
[pack] state 表进度 156/400 episode (2s)
[pack] state 表进度 158/400 episode (2s)
[pack] state 表进度 160/400 episode (2s)
[pack] state 表进度 163/400 episode (2s)
[pack] state 表进度 165/400 episode (2s)
[pack] state 表进度 167/400 episode (2s)
[pack] state 表进度 169/400 episode (2s)
[pack] state 表进度 171/400 episode (2s)
[pack] state 表进度 173/400 episode (2s)
[pack] state 表进度 175/400 episode (2s)
[pack] state 表进度 177/400 episode (2s)
[pack] state 表进度 179/400 episode (2s)
[pack] state 表进度 181/400 episode (2s)
[pack] state 表进度 183/400 episode (2s)
[pack] state 表进度 185/400 episode (2s)
[pack] state 表进度 188/400 episode (2s)
[pack] state 表进度 191/400 episode (2s)
[pack] state 表进度 194/400 episode (2s)
[pack] state 表进度 196/400 episode (2s)
[pack] state 表进度 198/400 episode (2s)
[pack] state 表进度 201/400 episode (2s)
[pack] state 表进度 203/400 episode (2s)
[pack] state 表进度 205/400 episode (2s)
[pack] state 表进度 208/400 episode (2s)
[pack] state 表进度 210/400 episode (2s)
[pack] state 表进度 212/400 episode (2s)
[pack] state 表进度 214/400 episode (2s)
[pack] state 表进度 216/400 episode (2s)
[pack] state 表进度 218/400 episode (2s)
[pack] state 表进度 220/400 episode (2s)
[pack] state 表进度 222/400 episode (3s)
[pack] state 表进度 224/400 episode (3s)
[pack] state 表进度 226/400 episode (3s)
[pack] state 表进度 228/400 episode (3s)
[pack] state 表进度 230/400 episode (3s)
[pack] state 表进度 232/400 episode (3s)
[pack] state 表进度 234/400 episode (3s)
[pack] state 表进度 236/400 episode (3s)
[pack] state 表进度 238/400 episode (3s)
[pack] state 表进度 240/400 episode (3s)
[pack] state 表进度 242/400 episode (3s)
[pack] state 表进度 244/400 episode (3s)
[pack] state 表进度 246/400 episode (3s)
[pack] state 表进度 248/400 episode (3s)
[pack] state 表进度 250/400 episode (3s)
[pack] state 表进度 252/400 episode (3s)
[pack] state 表进度 254/400 episode (3s)
[pack] state 表进度 256/400 episode (3s)
[pack] state 表进度 258/400 episode (3s)
[pack] state 表进度 260/400 episode (3s)
[pack] state 表进度 262/400 episode (3s)
[pack] state 表进度 264/400 episode (3s)
[pack] state 表进度 266/400 episode (3s)
[pack] state 表进度 268/400 episode (3s)
[pack] state 表进度 270/400 episode (3s)
[pack] state 表进度 272/400 episode (3s)
[pack] state 表进度 274/400 episode (3s)
[pack] state 表进度 276/400 episode (3s)
[pack] state 表进度 278/400 episode (3s)
[pack] state 表进度 280/400 episode (3s)
[pack] state 表进度 282/400 episode (3s)
[pack] state 表进度 284/400 episode (3s)
[pack] state 表进度 286/400 episode (3s)
[pack] state 表进度 288/400 episode (3s)
[pack] state 表进度 290/400 episode (3s)
[pack] state 表进度 292/400 episode (3s)
[pack] state 表进度 294/400 episode (3s)
[pack] state 表进度 296/400 episode (3s)
[pack] state 表进度 298/400 episode (3s)
[pack] state 表进度 300/400 episode (3s)
[pack] state 表进度 302/400 episode (3s)
[pack] state 表进度 304/400 episode (3s)
[pack] state 表进度 306/400 episode (3s)
[pack] state 表进度 308/400 episode (3s)
[pack] state 表进度 310/400 episode (3s)
[pack] state 表进度 312/400 episode (3s)
[pack] state 表进度 314/400 episode (3s)
[pack] state 表进度 316/400 episode (3s)
[pack] state 表进度 318/400 episode (3s)
[pack] state 表进度 320/400 episode (3s)
[pack] state 表进度 322/400 episode (4s)
[pack] state 表进度 324/400 episode (4s)
[pack] state 表进度 326/400 episode (4s)
[pack] state 表进度 328/400 episode (4s)
[pack] state 表进度 330/400 episode (4s)
[pack] state 表进度 332/400 episode (4s)
[pack] state 表进度 334/400 episode (4s)
[pack] state 表进度 336/400 episode (4s)
[pack] state 表进度 338/400 episode (4s)
[pack] state 表进度 340/400 episode (4s)
[pack] state 表进度 342/400 episode (4s)
[pack] state 表进度 344/400 episode (4s)
[pack] state 表进度 346/400 episode (4s)
[pack] state 表进度 348/400 episode (4s)
[pack] state 表进度 350/400 episode (4s)
[pack] state 表进度 352/400 episode (4s)
[pack] state 表进度 354/400 episode (4s)
[pack] state 表进度 356/400 episode (4s)
[pack] state 表进度 358/400 episode (4s)
[pack] state 表进度 360/400 episode (4s)
[pack] state 表进度 362/400 episode (4s)
[pack] state 表进度 364/400 episode (4s)
[pack] state 表进度 366/400 episode (4s)
[pack] state 表进度 368/400 episode (4s)
[pack] state 表进度 370/400 episode (4s)
[pack] state 表进度 372/400 episode (4s)
[pack] state 表进度 374/400 episode (4s)
[pack] state 表进度 376/400 episode (4s)
[pack] state 表进度 378/400 episode (4s)
[pack] state 表进度 380/400 episode (4s)
[pack] state 表进度 382/400 episode (4s)
[pack] state 表进度 384/400 episode (4s)
[pack] state 表进度 386/400 episode (4s)
[pack] state 表进度 388/400 episode (4s)
[pack] state 表进度 390/400 episode (4s)
[pack] state 表进度 392/400 episode (4s)
[pack] state 表进度 394/400 episode (4s)
[pack] state 表进度 396/400 episode (4s)
[pack] state 表进度 398/400 episode (4s)
[pack] state 表进度 400/400 episode (4s)
[pack] 小表落盘: pos 115,212,288 B / state 3,937,408 B
[pack] image part: 共 31 个, 跳过已完好 0 个, 本轮 31 个 × 48 进程
[pack] part_030 完成 rows=1993 (3.9s), 进度 1/31
[pack] part_019 完成 rows=3902 (7.6s), 进度 2/31
[pack] part_000 完成 rows=4035 (7.6s), 进度 3/31
[pack] part_012 完成 rows=4141 (8.1s), 进度 4/31
[pack] part_011 完成 rows=3997 (8.0s), 进度 5/31
[pack] part_028 完成 rows=3859 (8.6s), 进度 6/31
[pack] part_026 完成 rows=3874 (8.2s), 进度 7/31
[pack] part_023 完成 rows=4150 (8.7s), 进度 8/31
[pack] part_020 完成 rows=4052 (9.6s), 进度 9/31
[pack] part_007 完成 rows=4115 (10.0s), 进度 10/31
[pack] part_009 完成 rows=3858 (9.7s), 进度 11/31
[pack] part_002 完成 rows=4016 (10.2s), 进度 12/31
[pack] part_018 完成 rows=3943 (10.3s), 进度 13/31
[pack] part_016 完成 rows=3963 (10.5s), 进度 14/31
[pack] part_025 完成 rows=3889 (10.5s), 进度 15/31
[pack] part_015 完成 rows=4020 (10.5s), 进度 16/31
[pack] part_010 完成 rows=3868 (10.6s), 进度 17/31
[pack] part_001 完成 rows=3950 (10.6s), 进度 18/31
[pack] part_013 完成 rows=4093 (10.6s), 进度 19/31
[pack] part_017 完成 rows=4056 (10.6s), 进度 20/31
[pack] part_021 完成 rows=4085 (10.7s), 进度 21/31
[pack] part_022 完成 rows=4149 (10.7s), 进度 22/31
[pack] part_003 完成 rows=4171 (10.7s), 进度 23/31
[pack] part_024 完成 rows=4104 (10.7s), 进度 24/31
[pack] part_014 完成 rows=4207 (10.8s), 进度 25/31
[pack] part_008 完成 rows=4011 (10.8s), 进度 26/31
[pack] part_006 完成 rows=4072 (10.9s), 进度 27/31
[pack] part_004 完成 rows=4173 (11.1s), 进度 28/31
[pack] part_029 完成 rows=4010 (11.1s), 进度 29/31
[pack] part_005 完成 rows=4158 (11.2s), 进度 30/31
[pack] part_027 完成 rows=4130 (11.3s), 进度 31/31
[pack] meta 阶段1 落盘（status=packed）; 总耗时 17s
PACK_DONE=1 （pack.lock 保留，verify 回填后才释放——A.2）
END_UTC=2026-09-14T03:51:58Z
EXIT_CODE=0
