CHECK_HEAD=81bd0217f890218a1134b135adcf3490cc68dd51
STAGE=v4
START_UTC=2026-09-18T02:56:23Z
warning: The `tool.uv.dev-dependencies` field (used in `packages/openpi-client/pyproject.toml`) is deprecated and will be removed in a future release; use `dependency-groups.dev` instead
HAND_CALC_PROGRESS samples=200/3232
HAND_CALC_PROGRESS samples=400/3232
HAND_CALC_PROGRESS samples=600/3232
HAND_CALC_PROGRESS samples=800/3232
HAND_CALC_PROGRESS samples=1000/3232
HAND_CALC_PROGRESS samples=1200/3232
HAND_CALC_PROGRESS samples=1400/3232
HAND_CALC_PROGRESS samples=1600/3232
HAND_CALC_PROGRESS samples=1800/3232
HAND_CALC_PROGRESS samples=2000/3232
HAND_CALC_PROGRESS samples=2200/3232
HAND_CALC_PROGRESS samples=2400/3232
HAND_CALC_PROGRESS samples=2600/3232
HAND_CALC_PROGRESS samples=2800/3232
HAND_CALC_PROGRESS samples=3000/3232
HAND_CALC_PROGRESS samples=3200/3232
HAND_CALC_8FRAME=PASS samples=3232 mismatches=0 yaml=perceptual-framesamp-modul-8frame-8x8-motion.yaml
V4_COVER=PASS cold=1600 first_exec=1600 kmax=141 kge140=32 pad_r=16/16
END_UTC=2026-09-18T02:57:04Z
EXIT_CODE=0
