START_HEAD=0c877c7495dfe5db8b83f033442013c6d6fd8552
START_UTC=2026-09-21T03:29:35Z
warning: The `tool.uv.dev-dependencies` field (used in `packages/openpi-client/pyproject.toml`) is deprecated and will be removed in a future release; use `dependency-groups.dev` instead
max_token_len: 64
[samples] 100 个已 dump，用时 5.5s
[samples] 200 个已 dump，用时 10.7s
[samples] 300 个已 dump，用时 15.9s
[samples] 400 个已 dump，用时 21.3s
[samples] 500 个已 dump，用时 26.4s
[samples] 600 个已 dump，用时 31.6s
[samples] 700 个已 dump，用时 36.9s
[samples] 800 个已 dump，用时 42.1s
[samples] 900 个已 dump，用时 47.4s
[samples] 1000 个已 dump，用时 52.6s
[samples] 1100 个已 dump，用时 57.8s
[samples] 1200 个已 dump，用时 63.2s
[samples] 1300 个已 dump，用时 68.4s
[samples] 1400 个已 dump，用时 73.5s
[samples] 1500 个已 dump，用时 78.8s
[samples] 1600 个已 dump，用时 84.0s
[samples] 1700 个已 dump，用时 89.3s
[samples] 1800 个已 dump，用时 94.5s
[samples] 1900 个已 dump，用时 99.7s
[samples] 2000 个已 dump，用时 105.0s
[samples] 2100 个已 dump，用时 110.3s
[samples] 2200 个已 dump，用时 115.5s
[samples] 2300 个已 dump，用时 120.7s
[samples] 2400 个已 dump，用时 126.0s
[samples] 2500 个已 dump，用时 131.2s
[samples] 2600 个已 dump，用时 136.4s
[samples] 2700 个已 dump，用时 141.7s
[samples] 2800 个已 dump，用时 146.9s
[samples] 2900 个已 dump，用时 152.2s
[samples] 3000 个已 dump，用时 157.5s
[samples] 3100 个已 dump，用时 162.8s
[samples] 3200 个已 dump，用时 168.0s
[samples] 完成 3200 个，用时 168.0s
[batches] 20 个已 dump，用时 5.1s
[batches] 40 个已 dump，用时 10.2s
[batches] 60 个已 dump，用时 15.3s
[batches] 80 个已 dump，用时 20.3s
[batches] 100 个已 dump，用时 25.4s
[batches] 120 个已 dump，用时 30.5s
[batches] 140 个已 dump，用时 35.6s
[batches] 160 个已 dump，用时 40.7s
[batches] 180 个已 dump，用时 45.8s
[batches] 200 个已 dump，用时 50.9s
[batches] 完成 200 个，用时 50.9s
DUMP_DONE samples=3200 batches=200 out=/scratch/hongze/robomme_policy_learning_MotionJEPA/v1-store/bench/m2048/m2048-dump-cand-8x64

EXIT_CODE=0
