START_HEAD=29a27c0be9f218ca0cfe4ab2abf1d3372ed308b6
START_UTC=2026-09-21T00:59:21Z
warning: The `tool.uv.dev-dependencies` field (used in `packages/openpi-client/pyproject.toml`) is deprecated and will be removed in a future release; use `dependency-groups.dev` instead
max_token_len: 64
[samples] 100 个已 dump，用时 5.5s
[samples] 200 个已 dump，用时 10.8s
[samples] 300 个已 dump，用时 16.1s
[samples] 400 个已 dump，用时 21.5s
[samples] 500 个已 dump，用时 26.9s
[samples] 600 个已 dump，用时 32.2s
[samples] 700 个已 dump，用时 37.6s
[samples] 800 个已 dump，用时 42.9s
[samples] 900 个已 dump，用时 48.3s
[samples] 1000 个已 dump，用时 53.6s
[samples] 1100 个已 dump，用时 59.0s
[samples] 1200 个已 dump，用时 64.3s
[samples] 1300 个已 dump，用时 69.7s
[samples] 1400 个已 dump，用时 75.2s
[samples] 1500 个已 dump，用时 80.6s
[samples] 1600 个已 dump，用时 85.9s
[samples] 1700 个已 dump，用时 91.3s
[samples] 1800 个已 dump，用时 96.6s
[samples] 1900 个已 dump，用时 102.0s
[samples] 2000 个已 dump，用时 107.3s
[samples] 2100 个已 dump，用时 112.7s
[samples] 2200 个已 dump，用时 118.0s
[samples] 2300 个已 dump，用时 123.4s
[samples] 2400 个已 dump，用时 128.8s
[samples] 2500 个已 dump，用时 134.1s
[samples] 2600 个已 dump，用时 139.5s
[samples] 2700 个已 dump，用时 144.8s
[samples] 2800 个已 dump，用时 150.2s
[samples] 2900 个已 dump，用时 155.6s
[samples] 3000 个已 dump，用时 160.9s
[samples] 完成 3000 个，用时 160.9s
[batches] 20 个已 dump，用时 5.2s
[batches] 40 个已 dump，用时 10.3s
[batches] 60 个已 dump，用时 15.4s
[batches] 80 个已 dump，用时 20.5s
[batches] 100 个已 dump，用时 25.6s
[batches] 120 个已 dump，用时 30.8s
[batches] 140 个已 dump，用时 35.9s
[batches] 160 个已 dump，用时 41.0s
[batches] 180 个已 dump，用时 46.2s
[batches] 200 个已 dump，用时 51.3s
[batches] 完成 200 个，用时 51.3s
DUMP_DONE samples=3000 batches=200 out=/scratch/hongze/robomme_policy_learning_MotionJEPA/v1-store/bench/m2048/m2048-dump-base-32x16

EXIT_CODE=0
