warning: The `tool.uv.dev-dependencies` field (used in `packages/openpi-client/pyproject.toml`) is deprecated and will be removed in a future release; use `dependency-groups.dev` instead
  ✓ siglip_params          level=cheap   0.00s
  ✓ paligemma_tokenizer    level=cheap   0.00s
  ✓ pi05_base              level=cheap   0.03s
ASSETS=PASS assets=3 mismatches=0
=== MV_SHARD shard=w0 cond=normal split=test seed=42 HEAD=a0db6bf53fb5b46b0cb3f0dcbbbe53c670866496 DIRTY_TREE=0 ckpt=/scratch/hongze/robomme_policy_learning_MotionJEPA/v1-store/train-runs/t8-m8-b/mme_vla_suite/t8-m8-b/999 gpu=4 port=9370 tasks=ButtonUnmask,VideoUnmask,ButtonUnmaskSwap,VideoUnmaskSwap ep_start=0 ep_stride=4 ep_count=10 expected=12 policy_name=mv-normal-s42-test-t8m8-w0 mem_fraction=0.55 xla_flags='--xla_gpu_deterministic_ops=true --xla_gpu_autotune_level=0' start=2026-09-14 13:04:33 ===
server pid=830679 log=/scratch/hongze/robomme_policy_learning_MotionJEPA/v1-store/logs/mv-t42-normal-t8m8-w0.server.log
server 端口就绪 13:05:07
/scratch/hongze/micromamba/envs/robomme/lib/python3.11/site-packages/sapien/_vulkan_tricks.py:42: UserWarning: Failed to find system libvulkan. Fallback to SAPIEN builtin libvulkan.
  warn("Failed to find system libvulkan. Fallback to SAPIEN builtin libvulkan.")
/scratch/hongze/micromamba/envs/robomme/lib/python3.11/site-packages/sapien/_vulkan_tricks.py:78: UserWarning: Failed to find Vulkan ICD file. This is probably due to an incorrect or partial installation of the NVIDIA driver. SAPIEN will attempt to provide an ICD file anyway but it may not work.
  warn(
/scratch/hongze/micromamba/envs/robomme/lib/python3.11/site-packages/torch/cuda/__init__.py:63: FutureWarning: The pynvml package is deprecated. Please install nvidia-ml-py instead. If you did not install pynvml directly, please report this to the maintainers of the package that installed pynvml for you.
  import pynvml  # type: ignore[import]
[robomme] task ButtonUnmask: 3 episodes [0, 4, 8]
EVAL_EPISODE split=test task=ButtonUnmask ep=0 env_seed=580000 difficulty=easy

[robomme] env for task ButtonUnmask episode 0 setup finished
task_goal: first press the button, then pick up the container hiding the red cube
exec_start_idx: 0
MV_EP_START split=test task=ButtonUnmask ep=0 exec_start_idx=0 start=2026-09-14 13:05:17
MV_EP_DONE split=test task=ButtonUnmask ep=0 flag=timeout steps=1301 infers=82 exec_start_idx=0 wall_s=147.3 difficulty=easy
EVAL_EPISODE split=test task=ButtonUnmask ep=4 env_seed=580402 difficulty=easy

[robomme] env for task ButtonUnmask episode 4 setup finished
task_goal: first press the button, then pick up the container hiding the blue cube
exec_start_idx: 0
MV_EP_START split=test task=ButtonUnmask ep=4 exec_start_idx=0 start=2026-09-14 13:07:49
MV_EP_DONE split=test task=ButtonUnmask ep=4 flag=timeout steps=1301 infers=82 exec_start_idx=0 wall_s=143.0 difficulty=easy
EVAL_EPISODE split=test task=ButtonUnmask ep=8 env_seed=580800 difficulty=easy

[robomme] env for task ButtonUnmask episode 8 setup finished
task_goal: first press the button, then pick up the container hiding the blue cube
exec_start_idx: 0
MV_EP_START split=test task=ButtonUnmask ep=8 exec_start_idx=0 start=2026-09-14 13:10:18
MV_EP_DONE split=test task=ButtonUnmask ep=8 flag=timeout steps=1301 infers=82 exec_start_idx=0 wall_s=142.0 difficulty=easy
[robomme] task VideoUnmask: 3 episodes [0, 4, 8]
EVAL_EPISODE split=test task=VideoUnmask ep=0 env_seed=560000 difficulty=easy

[robomme] env for task VideoUnmask episode 0 setup finished
task_goal: watch the video carefully, then pick up the container hiding the green cube
exec_start_idx: 66
MV_EP_START split=test task=VideoUnmask ep=0 exec_start_idx=66 start=2026-09-14 13:12:48
MV_EP_DONE split=test task=VideoUnmask ep=0 flag=timeout steps=1301 infers=82 exec_start_idx=66 wall_s=148.3 difficulty=easy
EVAL_EPISODE split=test task=VideoUnmask ep=4 env_seed=560400 difficulty=easy

[robomme] env for task VideoUnmask episode 4 setup finished
task_goal: watch the video carefully, then pick up the container hiding the red cube
exec_start_idx: 66
MV_EP_START split=test task=VideoUnmask ep=4 exec_start_idx=66 start=2026-09-14 13:15:21
MV_EP_DONE split=test task=VideoUnmask ep=4 flag=timeout steps=1301 infers=82 exec_start_idx=66 wall_s=147.2 difficulty=easy
EVAL_EPISODE split=test task=VideoUnmask ep=8 env_seed=560800 difficulty=easy

[robomme] env for task VideoUnmask episode 8 setup finished
task_goal: watch the video carefully, then pick up the container hiding the red cube
exec_start_idx: 66
MV_EP_START split=test task=VideoUnmask ep=8 exec_start_idx=66 start=2026-09-14 13:17:54
MV_EP_DONE split=test task=VideoUnmask ep=8 flag=timeout steps=1301 infers=82 exec_start_idx=66 wall_s=146.6 difficulty=easy
[robomme] task ButtonUnmaskSwap: 3 episodes [0, 4, 8]
EVAL_EPISODE split=test task=ButtonUnmaskSwap ep=0 env_seed=570000 difficulty=easy

[robomme] env for task ButtonUnmaskSwap episode 0 setup finished
task_goal: first press both buttons on the table, then pick up the container hiding the blue cube, finally pick up another container hiding the green cube
exec_start_idx: 0
MV_EP_START split=test task=ButtonUnmaskSwap ep=0 exec_start_idx=0 start=2026-09-14 13:20:27
MV_EP_DONE split=test task=ButtonUnmaskSwap ep=0 flag=timeout steps=1301 infers=82 exec_start_idx=0 wall_s=143.1 difficulty=easy
EVAL_EPISODE split=test task=ButtonUnmaskSwap ep=4 env_seed=570400 difficulty=easy

[robomme] env for task ButtonUnmaskSwap episode 4 setup finished
task_goal: first press both buttons on the table, then pick up the container hiding the green cube
exec_start_idx: 0
MV_EP_START split=test task=ButtonUnmaskSwap ep=4 exec_start_idx=0 start=2026-09-14 13:22:55
MV_EP_DONE split=test task=ButtonUnmaskSwap ep=4 flag=timeout steps=1301 infers=82 exec_start_idx=0 wall_s=144.1 difficulty=easy
EVAL_EPISODE split=test task=ButtonUnmaskSwap ep=8 env_seed=570800 difficulty=easy

[robomme] env for task ButtonUnmaskSwap episode 8 setup finished
task_goal: first press both buttons on the table, then pick up the container hiding the green cube
exec_start_idx: 0
MV_EP_START split=test task=ButtonUnmaskSwap ep=8 exec_start_idx=0 start=2026-09-14 13:25:25
MV_EP_DONE split=test task=ButtonUnmaskSwap ep=8 flag=timeout steps=1301 infers=82 exec_start_idx=0 wall_s=143.0 difficulty=easy
[robomme] task VideoUnmaskSwap: 3 episodes [0, 4, 8]
EVAL_EPISODE split=test task=VideoUnmaskSwap ep=0 env_seed=550000 difficulty=easy

[robomme] env for task VideoUnmaskSwap episode 0 setup finished
task_goal: watch the video carefully, then pick up the container hiding the green cube, finally pick up another container hiding the blue cube
exec_start_idx: 114
MV_EP_START split=test task=VideoUnmaskSwap ep=0 exec_start_idx=114 start=2026-09-14 13:27:55
MV_EP_DONE split=test task=VideoUnmaskSwap ep=0 flag=timeout steps=1301 infers=82 exec_start_idx=114 wall_s=153.7 difficulty=easy
EVAL_EPISODE split=test task=VideoUnmaskSwap ep=4 env_seed=550400 difficulty=easy

[robomme] env for task VideoUnmaskSwap episode 4 setup finished
task_goal: watch the video carefully, then pick up the container hiding the red cube, finally pick up another container hiding the blue cube
exec_start_idx: 114
MV_EP_START split=test task=VideoUnmaskSwap ep=4 exec_start_idx=114 start=2026-09-14 13:30:34
MV_EP_DONE split=test task=VideoUnmaskSwap ep=4 flag=timeout steps=1301 infers=82 exec_start_idx=114 wall_s=153.4 difficulty=easy
EVAL_EPISODE split=test task=VideoUnmaskSwap ep=8 env_seed=550800 difficulty=easy

[robomme] env for task VideoUnmaskSwap episode 8 setup finished
task_goal: watch the video carefully, then pick up the container hiding the blue cube
exec_start_idx: 168
MV_EP_START split=test task=VideoUnmaskSwap ep=8 exec_start_idx=168 start=2026-09-14 13:33:13
MV_EP_DONE split=test task=VideoUnmaskSwap ep=8 flag=timeout steps=1301 infers=82 exec_start_idx=168 wall_s=158.2 difficulty=easy
EVAL_RC=0 end=2026-09-14 13:35:54
TIMING_SUMMARY add_buffer(<=16帧) n=978 mean=1436 median=1460 p90=1464 max=1507 | add_buffer(首批>16帧) n=6 mean=7824 median=7256 p90=nan max=13979 | infer n=984 mean=73 median=70 p90=70 max=2593
MV_SHARD_SUMMARY shard=w0 cond=normal split=test seed=42 expected=12 progress=12 ep_done=12 episode_begin=12 infers=984 eval_rc=0 dirty=0 progress_json=/scratch/hongze/robomme_policy_learning_MotionJEPA/v1-store/evaluation/mv-normal-s42-test-t8m8-w0/ckpt999/seed42/progress.json
EXIT_CODE=0
EXIT_CODE=0
