CHECK_HEAD=f6915f2a09443d48c1bb57e9b5f83e95400704fd
START_UTC=2026-09-17T21:45:49Z
warning: The `tool.uv.dev-dependencies` field (used in `packages/openpi-client/pyproject.toml`) is deprecated and will be removed in a future release; use `dependency-groups.dev` instead
warning: The `tool.uv.dev-dependencies` field (used in `packages/openpi-client/pyproject.toml`) is deprecated and will be removed in a future release; use `dependency-groups.dev` instead
/scratch/hongze/micromamba/envs/robomme/lib/python3.11/site-packages/sapien/_vulkan_tricks.py:42: UserWarning: Failed to find system libvulkan. Fallback to SAPIEN builtin libvulkan.
  warn("Failed to find system libvulkan. Fallback to SAPIEN builtin libvulkan.")
/scratch/hongze/micromamba/envs/robomme/lib/python3.11/site-packages/sapien/_vulkan_tricks.py:78: UserWarning: Failed to find Vulkan ICD file. This is probably due to an incorrect or partial installation of the NVIDIA driver. SAPIEN will attempt to provide an ICD file anyway but it may not work.
  warn(
/scratch/hongze/micromamba/envs/robomme/lib/python3.11/site-packages/torch/cuda/__init__.py:63: FutureWarning: The pynvml package is deprecated. Please install nvidia-ml-py instead. If you did not install pynvml directly, please report this to the maintainers of the package that installed pynvml for you.
  import pynvml  # type: ignore[import]
EVAL_RESET task=BinFill episode=0 es=0 k=80
EVAL_RESET task=BinFill episode=1 es=0 k=80
EVAL_RESET task=BinFill episode=2 es=0 k=80
EVAL_RESET task=BinFill episode=3 es=0 k=80
EVAL_RESET task=BinFill episode=4 es=0 k=80
EVAL_RESET task=BinFill episode=5 es=0 k=80
EVAL_RESET task=BinFill episode=6 es=0 k=80
EVAL_RESET task=BinFill episode=7 es=0 k=80
EVAL_RESET task=BinFill episode=8 es=0 k=80
EVAL_RESET task=BinFill episode=9 es=0 k=80
EVAL_RESET task=BinFill episode=10 es=0 k=80
EVAL_RESET task=BinFill episode=11 es=0 k=80
EVAL_RESET task=BinFill episode=12 es=0 k=80
EVAL_RESET task=BinFill episode=13 es=0 k=80
EVAL_RESET task=BinFill episode=14 es=0 k=80
EVAL_RESET task=BinFill episode=15 es=0 k=80
EVAL_RESET task=BinFill episode=16 es=0 k=80
EVAL_RESET task=BinFill episode=17 es=0 k=80
EVAL_RESET task=BinFill episode=18 es=0 k=80
EVAL_RESET task=BinFill episode=19 es=0 k=80
EVAL_RESET task=BinFill episode=20 es=0 k=80
EVAL_RESET task=BinFill episode=21 es=0 k=80
EVAL_RESET task=BinFill episode=22 es=0 k=80
EVAL_RESET task=BinFill episode=23 es=0 k=80
EVAL_RESET task=BinFill episode=24 es=0 k=80
EVAL_RESET task=BinFill episode=25 es=0 k=80
EVAL_RESET task=BinFill episode=26 es=0 k=80
EVAL_RESET task=BinFill episode=27 es=0 k=80
EVAL_RESET task=BinFill episode=28 es=0 k=80
EVAL_RESET task=BinFill episode=29 es=0 k=80
EVAL_RESET task=BinFill episode=30 es=0 k=80
EVAL_RESET task=BinFill episode=31 es=0 k=80
EVAL_RESET task=BinFill episode=32 es=0 k=80
EVAL_RESET task=BinFill episode=33 es=0 k=80
EVAL_RESET task=BinFill episode=34 es=0 k=80
EVAL_RESET task=BinFill episode=35 es=0 k=80
EVAL_RESET task=BinFill episode=36 es=0 k=80
EVAL_RESET task=BinFill episode=37 es=0 k=80
EVAL_RESET task=BinFill episode=38 es=0 k=80
EVAL_RESET task=BinFill episode=39 es=0 k=80
EVAL_RESET task=BinFill episode=40 es=0 k=80
EVAL_RESET task=BinFill episode=41 es=0 k=80
EVAL_RESET task=BinFill episode=42 es=0 k=80
EVAL_RESET task=BinFill episode=43 es=0 k=80
EVAL_RESET task=BinFill episode=44 es=0 k=80
EVAL_RESET task=BinFill episode=45 es=0 k=80
EVAL_RESET task=BinFill episode=46 es=0 k=80
EVAL_RESET task=BinFill episode=47 es=0 k=80
EVAL_RESET task=BinFill episode=48 es=0 k=80
EVAL_RESET task=BinFill episode=49 es=0 k=80
EVAL_RESET_DONE task=BinFill episodes=50 complete=1
TASK_EXIT_CODE=0 task=BinFill
warning: The `tool.uv.dev-dependencies` field (used in `packages/openpi-client/pyproject.toml`) is deprecated and will be removed in a future release; use `dependency-groups.dev` instead
/scratch/hongze/micromamba/envs/robomme/lib/python3.11/site-packages/sapien/_vulkan_tricks.py:42: UserWarning: Failed to find system libvulkan. Fallback to SAPIEN builtin libvulkan.
  warn("Failed to find system libvulkan. Fallback to SAPIEN builtin libvulkan.")
/scratch/hongze/micromamba/envs/robomme/lib/python3.11/site-packages/sapien/_vulkan_tricks.py:78: UserWarning: Failed to find Vulkan ICD file. This is probably due to an incorrect or partial installation of the NVIDIA driver. SAPIEN will attempt to provide an ICD file anyway but it may not work.
  warn(
/scratch/hongze/micromamba/envs/robomme/lib/python3.11/site-packages/torch/cuda/__init__.py:63: FutureWarning: The pynvml package is deprecated. Please install nvidia-ml-py instead. If you did not install pynvml directly, please report this to the maintainers of the package that installed pynvml for you.
  import pynvml  # type: ignore[import]
Warning: link 'camera_link' material 'aluminum' undefined.
         at line 85 in /workspace/urdfdom/urdf_parser/src/model.cpp
Warning: link 'camera_link' material 'aluminum' undefined.
         at line 85 in /workspace/urdfdom/urdf_parser/src/model.cpp
Warning: link 'camera_link' material 'aluminum' undefined.
         at line 85 in /workspace/urdfdom/urdf_parser/src/model.cpp
Warning: link 'camera_link' material 'aluminum' undefined.
         at line 85 in /workspace/urdfdom/urdf_parser/src/model.cpp
EVAL_RESET task=RouteStick episode=0 es=150 k=89
Warning: link 'camera_link' material 'aluminum' undefined.
         at line 85 in /workspace/urdfdom/urdf_parser/src/model.cpp
Warning: link 'camera_link' material 'aluminum' undefined.
         at line 85 in /workspace/urdfdom/urdf_parser/src/model.cpp
Warning: link 'camera_link' material 'aluminum' undefined.
         at line 85 in /workspace/urdfdom/urdf_parser/src/model.cpp
Warning: link 'camera_link' material 'aluminum' undefined.
         at line 85 in /workspace/urdfdom/urdf_parser/src/model.cpp
EVAL_RESET task=RouteStick episode=1 es=100 k=86
Warning: link 'camera_link' material 'aluminum' undefined.
         at line 85 in /workspace/urdfdom/urdf_parser/src/model.cpp
Warning: link 'camera_link' material 'aluminum' undefined.
         at line 85 in /workspace/urdfdom/urdf_parser/src/model.cpp
Warning: link 'camera_link' material 'aluminum' undefined.
         at line 85 in /workspace/urdfdom/urdf_parser/src/model.cpp
Warning: link 'camera_link' material 'aluminum' undefined.
         at line 85 in /workspace/urdfdom/urdf_parser/src/model.cpp
EVAL_RESET task=RouteStick episode=2 es=200 k=92
Warning: link 'camera_link' material 'aluminum' undefined.
         at line 85 in /workspace/urdfdom/urdf_parser/src/model.cpp
Warning: link 'camera_link' material 'aluminum' undefined.
         at line 85 in /workspace/urdfdom/urdf_parser/src/model.cpp
Warning: link 'camera_link' material 'aluminum' undefined.
         at line 85 in /workspace/urdfdom/urdf_parser/src/model.cpp
Warning: link 'camera_link' material 'aluminum' undefined.
         at line 85 in /workspace/urdfdom/urdf_parser/src/model.cpp
EVAL_RESET task=RouteStick episode=3 es=200 k=92
Warning: link 'camera_link' material 'aluminum' undefined.
         at line 85 in /workspace/urdfdom/urdf_parser/src/model.cpp
Warning: link 'camera_link' material 'aluminum' undefined.
         at line 85 in /workspace/urdfdom/urdf_parser/src/model.cpp
Warning: link 'camera_link' material 'aluminum' undefined.
         at line 85 in /workspace/urdfdom/urdf_parser/src/model.cpp
Warning: link 'camera_link' material 'aluminum' undefined.
         at line 85 in /workspace/urdfdom/urdf_parser/src/model.cpp
EVAL_RESET task=RouteStick episode=4 es=150 k=89
Warning: link 'camera_link' material 'aluminum' undefined.
         at line 85 in /workspace/urdfdom/urdf_parser/src/model.cpp
Warning: link 'camera_link' material 'aluminum' undefined.
         at line 85 in /workspace/urdfdom/urdf_parser/src/model.cpp
Warning: link 'camera_link' material 'aluminum' undefined.
         at line 85 in /workspace/urdfdom/urdf_parser/src/model.cpp
Warning: link 'camera_link' material 'aluminum' undefined.
         at line 85 in /workspace/urdfdom/urdf_parser/src/model.cpp
EVAL_RESET task=RouteStick episode=5 es=100 k=86
Warning: link 'camera_link' material 'aluminum' undefined.
         at line 85 in /workspace/urdfdom/urdf_parser/src/model.cpp
Warning: link 'camera_link' material 'aluminum' undefined.
         at line 85 in /workspace/urdfdom/urdf_parser/src/model.cpp
Warning: link 'camera_link' material 'aluminum' undefined.
         at line 85 in /workspace/urdfdom/urdf_parser/src/model.cpp
Warning: link 'camera_link' material 'aluminum' undefined.
         at line 85 in /workspace/urdfdom/urdf_parser/src/model.cpp
EVAL_RESET task=RouteStick episode=6 es=200 k=92
Warning: link 'camera_link' material 'aluminum' undefined.
         at line 85 in /workspace/urdfdom/urdf_parser/src/model.cpp
Warning: link 'camera_link' material 'aluminum' undefined.
         at line 85 in /workspace/urdfdom/urdf_parser/src/model.cpp
Warning: link 'camera_link' material 'aluminum' undefined.
         at line 85 in /workspace/urdfdom/urdf_parser/src/model.cpp
Warning: link 'camera_link' material 'aluminum' undefined.
         at line 85 in /workspace/urdfdom/urdf_parser/src/model.cpp
EVAL_RESET task=RouteStick episode=7 es=250 k=95
Warning: link 'camera_link' material 'aluminum' undefined.
         at line 85 in /workspace/urdfdom/urdf_parser/src/model.cpp
Warning: link 'camera_link' material 'aluminum' undefined.
         at line 85 in /workspace/urdfdom/urdf_parser/src/model.cpp
Warning: link 'camera_link' material 'aluminum' undefined.
         at line 85 in /workspace/urdfdom/urdf_parser/src/model.cpp
Warning: link 'camera_link' material 'aluminum' undefined.
         at line 85 in /workspace/urdfdom/urdf_parser/src/model.cpp
EVAL_RESET task=RouteStick episode=8 es=150 k=89
Warning: link 'camera_link' material 'aluminum' undefined.
         at line 85 in /workspace/urdfdom/urdf_parser/src/model.cpp
Warning: link 'camera_link' material 'aluminum' undefined.
         at line 85 in /workspace/urdfdom/urdf_parser/src/model.cpp
Warning: link 'camera_link' material 'aluminum' undefined.
         at line 85 in /workspace/urdfdom/urdf_parser/src/model.cpp
Warning: link 'camera_link' material 'aluminum' undefined.
         at line 85 in /workspace/urdfdom/urdf_parser/src/model.cpp
EVAL_RESET task=RouteStick episode=9 es=150 k=89
Warning: link 'camera_link' material 'aluminum' undefined.
         at line 85 in /workspace/urdfdom/urdf_parser/src/model.cpp
Warning: link 'camera_link' material 'aluminum' undefined.
         at line 85 in /workspace/urdfdom/urdf_parser/src/model.cpp
Warning: link 'camera_link' material 'aluminum' undefined.
         at line 85 in /workspace/urdfdom/urdf_parser/src/model.cpp
Warning: link 'camera_link' material 'aluminum' undefined.
         at line 85 in /workspace/urdfdom/urdf_parser/src/model.cpp
EVAL_RESET task=RouteStick episode=10 es=200 k=92
Warning: link 'camera_link' material 'aluminum' undefined.
         at line 85 in /workspace/urdfdom/urdf_parser/src/model.cpp
Warning: link 'camera_link' material 'aluminum' undefined.
         at line 85 in /workspace/urdfdom/urdf_parser/src/model.cpp
Warning: link 'camera_link' material 'aluminum' undefined.
         at line 85 in /workspace/urdfdom/urdf_parser/src/model.cpp
Warning: link 'camera_link' material 'aluminum' undefined.
         at line 85 in /workspace/urdfdom/urdf_parser/src/model.cpp
EVAL_RESET task=RouteStick episode=11 es=350 k=101
Warning: link 'camera_link' material 'aluminum' undefined.
         at line 85 in /workspace/urdfdom/urdf_parser/src/model.cpp
Warning: link 'camera_link' material 'aluminum' undefined.
         at line 85 in /workspace/urdfdom/urdf_parser/src/model.cpp
Warning: link 'camera_link' material 'aluminum' undefined.
         at line 85 in /workspace/urdfdom/urdf_parser/src/model.cpp
Warning: link 'camera_link' material 'aluminum' undefined.
         at line 85 in /workspace/urdfdom/urdf_parser/src/model.cpp
EVAL_RESET task=RouteStick episode=12 es=150 k=89
Warning: link 'camera_link' material 'aluminum' undefined.
         at line 85 in /workspace/urdfdom/urdf_parser/src/model.cpp
Warning: link 'camera_link' material 'aluminum' undefined.
         at line 85 in /workspace/urdfdom/urdf_parser/src/model.cpp
Warning: link 'camera_link' material 'aluminum' undefined.
         at line 85 in /workspace/urdfdom/urdf_parser/src/model.cpp
Warning: link 'camera_link' material 'aluminum' undefined.
         at line 85 in /workspace/urdfdom/urdf_parser/src/model.cpp
EVAL_RESET task=RouteStick episode=13 es=100 k=86
Warning: link 'camera_link' material 'aluminum' undefined.
         at line 85 in /workspace/urdfdom/urdf_parser/src/model.cpp
Warning: link 'camera_link' material 'aluminum' undefined.
         at line 85 in /workspace/urdfdom/urdf_parser/src/model.cpp
Warning: link 'camera_link' material 'aluminum' undefined.
         at line 85 in /workspace/urdfdom/urdf_parser/src/model.cpp
Warning: link 'camera_link' material 'aluminum' undefined.
         at line 85 in /workspace/urdfdom/urdf_parser/src/model.cpp
EVAL_RESET task=RouteStick episode=14 es=250 k=95
Warning: link 'camera_link' material 'aluminum' undefined.
         at line 85 in /workspace/urdfdom/urdf_parser/src/model.cpp
Warning: link 'camera_link' material 'aluminum' undefined.
         at line 85 in /workspace/urdfdom/urdf_parser/src/model.cpp
Warning: link 'camera_link' material 'aluminum' undefined.
         at line 85 in /workspace/urdfdom/urdf_parser/src/model.cpp
Warning: link 'camera_link' material 'aluminum' undefined.
         at line 85 in /workspace/urdfdom/urdf_parser/src/model.cpp
EVAL_RESET task=RouteStick episode=15 es=200 k=92
Warning: link 'camera_link' material 'aluminum' undefined.
         at line 85 in /workspace/urdfdom/urdf_parser/src/model.cpp
Warning: link 'camera_link' material 'aluminum' undefined.
         at line 85 in /workspace/urdfdom/urdf_parser/src/model.cpp
Warning: link 'camera_link' material 'aluminum' undefined.
         at line 85 in /workspace/urdfdom/urdf_parser/src/model.cpp
Warning: link 'camera_link' material 'aluminum' undefined.
         at line 85 in /workspace/urdfdom/urdf_parser/src/model.cpp
EVAL_RESET task=RouteStick episode=16 es=100 k=86
Warning: link 'camera_link' material 'aluminum' undefined.
         at line 85 in /workspace/urdfdom/urdf_parser/src/model.cpp
Warning: link 'camera_link' material 'aluminum' undefined.
         at line 85 in /workspace/urdfdom/urdf_parser/src/model.cpp
Warning: link 'camera_link' material 'aluminum' undefined.
         at line 85 in /workspace/urdfdom/urdf_parser/src/model.cpp
Warning: link 'camera_link' material 'aluminum' undefined.
         at line 85 in /workspace/urdfdom/urdf_parser/src/model.cpp
EVAL_RESET task=RouteStick episode=17 es=150 k=89
Warning: link 'camera_link' material 'aluminum' undefined.
         at line 85 in /workspace/urdfdom/urdf_parser/src/model.cpp
Warning: link 'camera_link' material 'aluminum' undefined.
         at line 85 in /workspace/urdfdom/urdf_parser/src/model.cpp
Warning: link 'camera_link' material 'aluminum' undefined.
         at line 85 in /workspace/urdfdom/urdf_parser/src/model.cpp
Warning: link 'camera_link' material 'aluminum' undefined.
         at line 85 in /workspace/urdfdom/urdf_parser/src/model.cpp
EVAL_RESET task=RouteStick episode=18 es=200 k=92
Warning: link 'camera_link' material 'aluminum' undefined.
         at line 85 in /workspace/urdfdom/urdf_parser/src/model.cpp
Warning: link 'camera_link' material 'aluminum' undefined.
         at line 85 in /workspace/urdfdom/urdf_parser/src/model.cpp
Warning: link 'camera_link' material 'aluminum' undefined.
         at line 85 in /workspace/urdfdom/urdf_parser/src/model.cpp
Warning: link 'camera_link' material 'aluminum' undefined.
         at line 85 in /workspace/urdfdom/urdf_parser/src/model.cpp
EVAL_RESET task=RouteStick episode=19 es=350 k=101
Warning: link 'camera_link' material 'aluminum' undefined.
         at line 85 in /workspace/urdfdom/urdf_parser/src/model.cpp
Warning: link 'camera_link' material 'aluminum' undefined.
         at line 85 in /workspace/urdfdom/urdf_parser/src/model.cpp
Warning: link 'camera_link' material 'aluminum' undefined.
         at line 85 in /workspace/urdfdom/urdf_parser/src/model.cpp
Warning: link 'camera_link' material 'aluminum' undefined.
         at line 85 in /workspace/urdfdom/urdf_parser/src/model.cpp
EVAL_RESET task=RouteStick episode=20 es=100 k=86
Warning: link 'camera_link' material 'aluminum' undefined.
         at line 85 in /workspace/urdfdom/urdf_parser/src/model.cpp
Warning: link 'camera_link' material 'aluminum' undefined.
         at line 85 in /workspace/urdfdom/urdf_parser/src/model.cpp
Warning: link 'camera_link' material 'aluminum' undefined.
         at line 85 in /workspace/urdfdom/urdf_parser/src/model.cpp
Warning: link 'camera_link' material 'aluminum' undefined.
         at line 85 in /workspace/urdfdom/urdf_parser/src/model.cpp
EVAL_RESET task=RouteStick episode=21 es=100 k=86
Warning: link 'camera_link' material 'aluminum' undefined.
         at line 85 in /workspace/urdfdom/urdf_parser/src/model.cpp
Warning: link 'camera_link' material 'aluminum' undefined.
         at line 85 in /workspace/urdfdom/urdf_parser/src/model.cpp
Warning: link 'camera_link' material 'aluminum' undefined.
         at line 85 in /workspace/urdfdom/urdf_parser/src/model.cpp
Warning: link 'camera_link' material 'aluminum' undefined.
         at line 85 in /workspace/urdfdom/urdf_parser/src/model.cpp
EVAL_RESET task=RouteStick episode=22 es=250 k=95
Warning: link 'camera_link' material 'aluminum' undefined.
         at line 85 in /workspace/urdfdom/urdf_parser/src/model.cpp
Warning: link 'camera_link' material 'aluminum' undefined.
         at line 85 in /workspace/urdfdom/urdf_parser/src/model.cpp
Warning: link 'camera_link' material 'aluminum' undefined.
         at line 85 in /workspace/urdfdom/urdf_parser/src/model.cpp
Warning: link 'camera_link' material 'aluminum' undefined.
         at line 85 in /workspace/urdfdom/urdf_parser/src/model.cpp
EVAL_RESET task=RouteStick episode=23 es=200 k=92
Warning: link 'camera_link' material 'aluminum' undefined.
         at line 85 in /workspace/urdfdom/urdf_parser/src/model.cpp
Warning: link 'camera_link' material 'aluminum' undefined.
         at line 85 in /workspace/urdfdom/urdf_parser/src/model.cpp
Warning: link 'camera_link' material 'aluminum' undefined.
         at line 85 in /workspace/urdfdom/urdf_parser/src/model.cpp
Warning: link 'camera_link' material 'aluminum' undefined.
         at line 85 in /workspace/urdfdom/urdf_parser/src/model.cpp
EVAL_RESET task=RouteStick episode=24 es=100 k=86
Warning: link 'camera_link' material 'aluminum' undefined.
         at line 85 in /workspace/urdfdom/urdf_parser/src/model.cpp
Warning: link 'camera_link' material 'aluminum' undefined.
         at line 85 in /workspace/urdfdom/urdf_parser/src/model.cpp
Warning: link 'camera_link' material 'aluminum' undefined.
         at line 85 in /workspace/urdfdom/urdf_parser/src/model.cpp
Warning: link 'camera_link' material 'aluminum' undefined.
         at line 85 in /workspace/urdfdom/urdf_parser/src/model.cpp
EVAL_RESET task=RouteStick episode=25 es=100 k=86
Warning: link 'camera_link' material 'aluminum' undefined.
         at line 85 in /workspace/urdfdom/urdf_parser/src/model.cpp
Warning: link 'camera_link' material 'aluminum' undefined.
         at line 85 in /workspace/urdfdom/urdf_parser/src/model.cpp
Warning: link 'camera_link' material 'aluminum' undefined.
         at line 85 in /workspace/urdfdom/urdf_parser/src/model.cpp
Warning: link 'camera_link' material 'aluminum' undefined.
         at line 85 in /workspace/urdfdom/urdf_parser/src/model.cpp
EVAL_RESET task=RouteStick episode=26 es=250 k=95
Warning: link 'camera_link' material 'aluminum' undefined.
         at line 85 in /workspace/urdfdom/urdf_parser/src/model.cpp
Warning: link 'camera_link' material 'aluminum' undefined.
         at line 85 in /workspace/urdfdom/urdf_parser/src/model.cpp
Warning: link 'camera_link' material 'aluminum' undefined.
         at line 85 in /workspace/urdfdom/urdf_parser/src/model.cpp
Warning: link 'camera_link' material 'aluminum' undefined.
         at line 85 in /workspace/urdfdom/urdf_parser/src/model.cpp
EVAL_RESET task=RouteStick episode=27 es=250 k=95
Warning: link 'camera_link' material 'aluminum' undefined.
         at line 85 in /workspace/urdfdom/urdf_parser/src/model.cpp
Warning: link 'camera_link' material 'aluminum' undefined.
         at line 85 in /workspace/urdfdom/urdf_parser/src/model.cpp
Warning: link 'camera_link' material 'aluminum' undefined.
         at line 85 in /workspace/urdfdom/urdf_parser/src/model.cpp
Warning: link 'camera_link' material 'aluminum' undefined.
         at line 85 in /workspace/urdfdom/urdf_parser/src/model.cpp
EVAL_RESET task=RouteStick episode=28 es=150 k=89
Warning: link 'camera_link' material 'aluminum' undefined.
         at line 85 in /workspace/urdfdom/urdf_parser/src/model.cpp
Warning: link 'camera_link' material 'aluminum' undefined.
         at line 85 in /workspace/urdfdom/urdf_parser/src/model.cpp
Warning: link 'camera_link' material 'aluminum' undefined.
         at line 85 in /workspace/urdfdom/urdf_parser/src/model.cpp
Warning: link 'camera_link' material 'aluminum' undefined.
         at line 85 in /workspace/urdfdom/urdf_parser/src/model.cpp
EVAL_RESET task=RouteStick episode=29 es=100 k=86
Warning: link 'camera_link' material 'aluminum' undefined.
         at line 85 in /workspace/urdfdom/urdf_parser/src/model.cpp
Warning: link 'camera_link' material 'aluminum' undefined.
         at line 85 in /workspace/urdfdom/urdf_parser/src/model.cpp
Warning: link 'camera_link' material 'aluminum' undefined.
         at line 85 in /workspace/urdfdom/urdf_parser/src/model.cpp
Warning: link 'camera_link' material 'aluminum' undefined.
         at line 85 in /workspace/urdfdom/urdf_parser/src/model.cpp
EVAL_RESET task=RouteStick episode=30 es=250 k=95
Warning: link 'camera_link' material 'aluminum' undefined.
         at line 85 in /workspace/urdfdom/urdf_parser/src/model.cpp
Warning: link 'camera_link' material 'aluminum' undefined.
         at line 85 in /workspace/urdfdom/urdf_parser/src/model.cpp
Warning: link 'camera_link' material 'aluminum' undefined.
         at line 85 in /workspace/urdfdom/urdf_parser/src/model.cpp
Warning: link 'camera_link' material 'aluminum' undefined.
         at line 85 in /workspace/urdfdom/urdf_parser/src/model.cpp
EVAL_RESET task=RouteStick episode=31 es=200 k=92
Warning: link 'camera_link' material 'aluminum' undefined.
         at line 85 in /workspace/urdfdom/urdf_parser/src/model.cpp
Warning: link 'camera_link' material 'aluminum' undefined.
         at line 85 in /workspace/urdfdom/urdf_parser/src/model.cpp
Warning: link 'camera_link' material 'aluminum' undefined.
         at line 85 in /workspace/urdfdom/urdf_parser/src/model.cpp
Warning: link 'camera_link' material 'aluminum' undefined.
         at line 85 in /workspace/urdfdom/urdf_parser/src/model.cpp
EVAL_RESET task=RouteStick episode=32 es=100 k=86
Warning: link 'camera_link' material 'aluminum' undefined.
         at line 85 in /workspace/urdfdom/urdf_parser/src/model.cpp
Warning: link 'camera_link' material 'aluminum' undefined.
         at line 85 in /workspace/urdfdom/urdf_parser/src/model.cpp
Warning: link 'camera_link' material 'aluminum' undefined.
         at line 85 in /workspace/urdfdom/urdf_parser/src/model.cpp
Warning: link 'camera_link' material 'aluminum' undefined.
         at line 85 in /workspace/urdfdom/urdf_parser/src/model.cpp
EVAL_RESET task=RouteStick episode=33 es=150 k=89
Warning: link 'camera_link' material 'aluminum' undefined.
         at line 85 in /workspace/urdfdom/urdf_parser/src/model.cpp
Warning: link 'camera_link' material 'aluminum' undefined.
         at line 85 in /workspace/urdfdom/urdf_parser/src/model.cpp
Warning: link 'camera_link' material 'aluminum' undefined.
         at line 85 in /workspace/urdfdom/urdf_parser/src/model.cpp
Warning: link 'camera_link' material 'aluminum' undefined.
         at line 85 in /workspace/urdfdom/urdf_parser/src/model.cpp
EVAL_RESET task=RouteStick episode=34 es=250 k=95
Warning: link 'camera_link' material 'aluminum' undefined.
         at line 85 in /workspace/urdfdom/urdf_parser/src/model.cpp
Warning: link 'camera_link' material 'aluminum' undefined.
         at line 85 in /workspace/urdfdom/urdf_parser/src/model.cpp
Warning: link 'camera_link' material 'aluminum' undefined.
         at line 85 in /workspace/urdfdom/urdf_parser/src/model.cpp
Warning: link 'camera_link' material 'aluminum' undefined.
         at line 85 in /workspace/urdfdom/urdf_parser/src/model.cpp
EVAL_RESET task=RouteStick episode=35 es=350 k=101
Warning: link 'camera_link' material 'aluminum' undefined.
         at line 85 in /workspace/urdfdom/urdf_parser/src/model.cpp
Warning: link 'camera_link' material 'aluminum' undefined.
         at line 85 in /workspace/urdfdom/urdf_parser/src/model.cpp
Warning: link 'camera_link' material 'aluminum' undefined.
         at line 85 in /workspace/urdfdom/urdf_parser/src/model.cpp
Warning: link 'camera_link' material 'aluminum' undefined.
         at line 85 in /workspace/urdfdom/urdf_parser/src/model.cpp
EVAL_RESET task=RouteStick episode=36 es=100 k=86
Warning: link 'camera_link' material 'aluminum' undefined.
         at line 85 in /workspace/urdfdom/urdf_parser/src/model.cpp
Warning: link 'camera_link' material 'aluminum' undefined.
         at line 85 in /workspace/urdfdom/urdf_parser/src/model.cpp
Warning: link 'camera_link' material 'aluminum' undefined.
         at line 85 in /workspace/urdfdom/urdf_parser/src/model.cpp
Warning: link 'camera_link' material 'aluminum' undefined.
         at line 85 in /workspace/urdfdom/urdf_parser/src/model.cpp
EVAL_RESET task=RouteStick episode=37 es=150 k=89
Warning: link 'camera_link' material 'aluminum' undefined.
         at line 85 in /workspace/urdfdom/urdf_parser/src/model.cpp
Warning: link 'camera_link' material 'aluminum' undefined.
         at line 85 in /workspace/urdfdom/urdf_parser/src/model.cpp
Warning: link 'camera_link' material 'aluminum' undefined.
         at line 85 in /workspace/urdfdom/urdf_parser/src/model.cpp
Warning: link 'camera_link' material 'aluminum' undefined.
         at line 85 in /workspace/urdfdom/urdf_parser/src/model.cpp
EVAL_RESET task=RouteStick episode=38 es=250 k=95
Warning: link 'camera_link' material 'aluminum' undefined.
         at line 85 in /workspace/urdfdom/urdf_parser/src/model.cpp
Warning: link 'camera_link' material 'aluminum' undefined.
         at line 85 in /workspace/urdfdom/urdf_parser/src/model.cpp
Warning: link 'camera_link' material 'aluminum' undefined.
         at line 85 in /workspace/urdfdom/urdf_parser/src/model.cpp
Warning: link 'camera_link' material 'aluminum' undefined.
         at line 85 in /workspace/urdfdom/urdf_parser/src/model.cpp
EVAL_RESET task=RouteStick episode=39 es=300 k=98
Warning: link 'camera_link' material 'aluminum' undefined.
         at line 85 in /workspace/urdfdom/urdf_parser/src/model.cpp
Warning: link 'camera_link' material 'aluminum' undefined.
         at line 85 in /workspace/urdfdom/urdf_parser/src/model.cpp
Warning: link 'camera_link' material 'aluminum' undefined.
         at line 85 in /workspace/urdfdom/urdf_parser/src/model.cpp
Warning: link 'camera_link' material 'aluminum' undefined.
         at line 85 in /workspace/urdfdom/urdf_parser/src/model.cpp
EVAL_RESET task=RouteStick episode=40 es=150 k=89
Warning: link 'camera_link' material 'aluminum' undefined.
         at line 85 in /workspace/urdfdom/urdf_parser/src/model.cpp
Warning: link 'camera_link' material 'aluminum' undefined.
         at line 85 in /workspace/urdfdom/urdf_parser/src/model.cpp
Warning: link 'camera_link' material 'aluminum' undefined.
         at line 85 in /workspace/urdfdom/urdf_parser/src/model.cpp
Warning: link 'camera_link' material 'aluminum' undefined.
         at line 85 in /workspace/urdfdom/urdf_parser/src/model.cpp
EVAL_RESET task=RouteStick episode=41 es=100 k=86
Warning: link 'camera_link' material 'aluminum' undefined.
         at line 85 in /workspace/urdfdom/urdf_parser/src/model.cpp
Warning: link 'camera_link' material 'aluminum' undefined.
         at line 85 in /workspace/urdfdom/urdf_parser/src/model.cpp
Warning: link 'camera_link' material 'aluminum' undefined.
         at line 85 in /workspace/urdfdom/urdf_parser/src/model.cpp
Warning: link 'camera_link' material 'aluminum' undefined.
         at line 85 in /workspace/urdfdom/urdf_parser/src/model.cpp
EVAL_RESET task=RouteStick episode=42 es=250 k=95
Warning: link 'camera_link' material 'aluminum' undefined.
         at line 85 in /workspace/urdfdom/urdf_parser/src/model.cpp
Warning: link 'camera_link' material 'aluminum' undefined.
         at line 85 in /workspace/urdfdom/urdf_parser/src/model.cpp
Warning: link 'camera_link' material 'aluminum' undefined.
         at line 85 in /workspace/urdfdom/urdf_parser/src/model.cpp
Warning: link 'camera_link' material 'aluminum' undefined.
         at line 85 in /workspace/urdfdom/urdf_parser/src/model.cpp
EVAL_RESET task=RouteStick episode=43 es=300 k=98
Warning: link 'camera_link' material 'aluminum' undefined.
         at line 85 in /workspace/urdfdom/urdf_parser/src/model.cpp
Warning: link 'camera_link' material 'aluminum' undefined.
         at line 85 in /workspace/urdfdom/urdf_parser/src/model.cpp
Warning: link 'camera_link' material 'aluminum' undefined.
         at line 85 in /workspace/urdfdom/urdf_parser/src/model.cpp
Warning: link 'camera_link' material 'aluminum' undefined.
         at line 85 in /workspace/urdfdom/urdf_parser/src/model.cpp
EVAL_RESET task=RouteStick episode=44 es=150 k=89
Warning: link 'camera_link' material 'aluminum' undefined.
         at line 85 in /workspace/urdfdom/urdf_parser/src/model.cpp
Warning: link 'camera_link' material 'aluminum' undefined.
         at line 85 in /workspace/urdfdom/urdf_parser/src/model.cpp
Warning: link 'camera_link' material 'aluminum' undefined.
         at line 85 in /workspace/urdfdom/urdf_parser/src/model.cpp
Warning: link 'camera_link' material 'aluminum' undefined.
         at line 85 in /workspace/urdfdom/urdf_parser/src/model.cpp
EVAL_RESET task=RouteStick episode=45 es=150 k=89
Warning: link 'camera_link' material 'aluminum' undefined.
         at line 85 in /workspace/urdfdom/urdf_parser/src/model.cpp
Warning: link 'camera_link' material 'aluminum' undefined.
         at line 85 in /workspace/urdfdom/urdf_parser/src/model.cpp
Warning: link 'camera_link' material 'aluminum' undefined.
         at line 85 in /workspace/urdfdom/urdf_parser/src/model.cpp
Warning: link 'camera_link' material 'aluminum' undefined.
         at line 85 in /workspace/urdfdom/urdf_parser/src/model.cpp
EVAL_RESET task=RouteStick episode=46 es=200 k=92
Warning: link 'camera_link' material 'aluminum' undefined.
         at line 85 in /workspace/urdfdom/urdf_parser/src/model.cpp
Warning: link 'camera_link' material 'aluminum' undefined.
         at line 85 in /workspace/urdfdom/urdf_parser/src/model.cpp
Warning: link 'camera_link' material 'aluminum' undefined.
         at line 85 in /workspace/urdfdom/urdf_parser/src/model.cpp
Warning: link 'camera_link' material 'aluminum' undefined.
         at line 85 in /workspace/urdfdom/urdf_parser/src/model.cpp
EVAL_RESET task=RouteStick episode=47 es=250 k=95
Warning: link 'camera_link' material 'aluminum' undefined.
         at line 85 in /workspace/urdfdom/urdf_parser/src/model.cpp
Warning: link 'camera_link' material 'aluminum' undefined.
         at line 85 in /workspace/urdfdom/urdf_parser/src/model.cpp
Warning: link 'camera_link' material 'aluminum' undefined.
         at line 85 in /workspace/urdfdom/urdf_parser/src/model.cpp
Warning: link 'camera_link' material 'aluminum' undefined.
         at line 85 in /workspace/urdfdom/urdf_parser/src/model.cpp
EVAL_RESET task=RouteStick episode=48 es=100 k=86
Warning: link 'camera_link' material 'aluminum' undefined.
         at line 85 in /workspace/urdfdom/urdf_parser/src/model.cpp
Warning: link 'camera_link' material 'aluminum' undefined.
         at line 85 in /workspace/urdfdom/urdf_parser/src/model.cpp
Warning: link 'camera_link' material 'aluminum' undefined.
         at line 85 in /workspace/urdfdom/urdf_parser/src/model.cpp
Warning: link 'camera_link' material 'aluminum' undefined.
         at line 85 in /workspace/urdfdom/urdf_parser/src/model.cpp
EVAL_RESET task=RouteStick episode=49 es=100 k=86
EVAL_RESET_DONE task=RouteStick episodes=50 complete=1
TASK_EXIT_CODE=0 task=RouteStick
warning: The `tool.uv.dev-dependencies` field (used in `packages/openpi-client/pyproject.toml`) is deprecated and will be removed in a future release; use `dependency-groups.dev` instead
/scratch/hongze/micromamba/envs/robomme/lib/python3.11/site-packages/sapien/_vulkan_tricks.py:42: UserWarning: Failed to find system libvulkan. Fallback to SAPIEN builtin libvulkan.
  warn("Failed to find system libvulkan. Fallback to SAPIEN builtin libvulkan.")
/scratch/hongze/micromamba/envs/robomme/lib/python3.11/site-packages/sapien/_vulkan_tricks.py:78: UserWarning: Failed to find Vulkan ICD file. This is probably due to an incorrect or partial installation of the NVIDIA driver. SAPIEN will attempt to provide an ICD file anyway but it may not work.
  warn(
/scratch/hongze/micromamba/envs/robomme/lib/python3.11/site-packages/torch/cuda/__init__.py:63: FutureWarning: The pynvml package is deprecated. Please install nvidia-ml-py instead. If you did not install pynvml directly, please report this to the maintainers of the package that installed pynvml for you.
  import pynvml  # type: ignore[import]
EVAL_RESET task=VideoRepick episode=0 es=257 k=96
EVAL_RESET task=VideoRepick episode=1 es=255 k=95
EVAL_RESET task=VideoRepick episode=2 es=371 k=103
EVAL_RESET task=VideoRepick episode=3 es=199 k=92
EVAL_RESET task=VideoRepick episode=4 es=306 k=99
EVAL_RESET task=VideoRepick episode=5 es=271 k=96
EVAL_RESET task=VideoRepick episode=6 es=351 k=101
EVAL_RESET task=VideoRepick episode=7 es=203 k=92
EVAL_RESET task=VideoRepick episode=8 es=271 k=96
EVAL_RESET task=VideoRepick episode=9 es=327 k=100
EVAL_RESET task=VideoRepick episode=10 es=363 k=102
EVAL_RESET task=VideoRepick episode=11 es=155 k=89
EVAL_RESET task=VideoRepick episode=12 es=268 k=96
EVAL_RESET task=VideoRepick episode=13 es=254 k=95
EVAL_RESET task=VideoRepick episode=14 es=372 k=103
EVAL_RESET task=VideoRepick episode=15 es=170 k=90
EVAL_RESET task=VideoRepick episode=16 es=314 k=99
EVAL_RESET task=VideoRepick episode=17 es=255 k=95
EVAL_RESET task=VideoRepick episode=18 es=329 k=100
EVAL_RESET task=VideoRepick episode=19 es=212 k=93
EVAL_RESET task=VideoRepick episode=20 es=314 k=99
EVAL_RESET task=VideoRepick episode=21 es=326 k=100
EVAL_RESET task=VideoRepick episode=22 es=377 k=103
EVAL_RESET task=VideoRepick episode=23 es=184 k=91
EVAL_RESET task=VideoRepick episode=24 es=321 k=100
EVAL_RESET task=VideoRepick episode=25 es=257 k=96
EVAL_RESET task=VideoRepick episode=26 es=367 k=102
EVAL_RESET task=VideoRepick episode=27 es=168 k=90
EVAL_RESET task=VideoRepick episode=28 es=265 k=96
EVAL_RESET task=VideoRepick episode=29 es=284 k=97
EVAL_RESET task=VideoRepick episode=30 es=383 k=103
EVAL_RESET task=VideoRepick episode=31 es=155 k=89
EVAL_RESET task=VideoRepick episode=32 es=326 k=100
EVAL_RESET task=VideoRepick episode=33 es=259 k=96
EVAL_RESET task=VideoRepick episode=34 es=306 k=99
EVAL_RESET task=VideoRepick episode=35 es=160 k=89
EVAL_RESET task=VideoRepick episode=36 es=323 k=100
EVAL_RESET task=VideoRepick episode=37 es=278 k=97
EVAL_RESET task=VideoRepick episode=38 es=308 k=99
EVAL_RESET task=VideoRepick episode=39 es=163 k=90
EVAL_RESET task=VideoRepick episode=40 es=281 k=97
EVAL_RESET task=VideoRepick episode=41 es=309 k=99
EVAL_RESET task=VideoRepick episode=42 es=378 k=103
EVAL_RESET task=VideoRepick episode=43 es=155 k=89
EVAL_RESET task=VideoRepick episode=44 es=317 k=99
EVAL_RESET task=VideoRepick episode=45 es=262 k=96
EVAL_RESET task=VideoRepick episode=46 es=373 k=103
EVAL_RESET task=VideoRepick episode=47 es=161 k=90
EVAL_RESET task=VideoRepick episode=48 es=318 k=99
EVAL_RESET task=VideoRepick episode=49 es=317 k=99
EVAL_RESET_DONE task=VideoRepick episodes=50 complete=1
TASK_EXIT_CODE=0 task=VideoRepick
warning: The `tool.uv.dev-dependencies` field (used in `packages/openpi-client/pyproject.toml`) is deprecated and will be removed in a future release; use `dependency-groups.dev` instead
/scratch/hongze/micromamba/envs/robomme/lib/python3.11/site-packages/sapien/_vulkan_tricks.py:42: UserWarning: Failed to find system libvulkan. Fallback to SAPIEN builtin libvulkan.
  warn("Failed to find system libvulkan. Fallback to SAPIEN builtin libvulkan.")
/scratch/hongze/micromamba/envs/robomme/lib/python3.11/site-packages/sapien/_vulkan_tricks.py:78: UserWarning: Failed to find Vulkan ICD file. This is probably due to an incorrect or partial installation of the NVIDIA driver. SAPIEN will attempt to provide an ICD file anyway but it may not work.
  warn(
/scratch/hongze/micromamba/envs/robomme/lib/python3.11/site-packages/torch/cuda/__init__.py:63: FutureWarning: The pynvml package is deprecated. Please install nvidia-ml-py instead. If you did not install pynvml directly, please report this to the maintainers of the package that installed pynvml for you.
  import pynvml  # type: ignore[import]
EVAL_RESET task=VideoUnmaskSwap episode=0 es=114 k=87
EVAL_RESET task=VideoUnmaskSwap episode=1 es=168 k=90
EVAL_RESET task=VideoUnmaskSwap episode=2 es=114 k=87
EVAL_RESET task=VideoUnmaskSwap episode=3 es=216 k=93
EVAL_RESET task=VideoUnmaskSwap episode=4 es=114 k=87
EVAL_RESET task=VideoUnmaskSwap episode=5 es=114 k=87
EVAL_RESET task=VideoUnmaskSwap episode=6 es=168 k=90
EVAL_RESET task=VideoUnmaskSwap episode=7 es=216 k=93
EVAL_RESET task=VideoUnmaskSwap episode=8 es=168 k=90
EVAL_RESET task=VideoUnmaskSwap episode=9 es=114 k=87
EVAL_RESET task=VideoUnmaskSwap episode=10 es=114 k=87
EVAL_RESET task=VideoUnmaskSwap episode=11 es=216 k=93
EVAL_RESET task=VideoUnmaskSwap episode=12 es=114 k=87
EVAL_RESET task=VideoUnmaskSwap episode=13 es=114 k=87
EVAL_RESET task=VideoUnmaskSwap episode=14 es=114 k=87
EVAL_RESET task=VideoUnmaskSwap episode=15 es=216 k=93
EVAL_RESET task=VideoUnmaskSwap episode=16 es=114 k=87
EVAL_RESET task=VideoUnmaskSwap episode=17 es=168 k=90
EVAL_RESET task=VideoUnmaskSwap episode=18 es=114 k=87
EVAL_RESET task=VideoUnmaskSwap episode=19 es=216 k=93
EVAL_RESET task=VideoUnmaskSwap episode=20 es=114 k=87
EVAL_RESET task=VideoUnmaskSwap episode=21 es=114 k=87
EVAL_RESET task=VideoUnmaskSwap episode=22 es=114 k=87
EVAL_RESET task=VideoUnmaskSwap episode=23 es=216 k=93
EVAL_RESET task=VideoUnmaskSwap episode=24 es=168 k=90
EVAL_RESET task=VideoUnmaskSwap episode=25 es=114 k=87
EVAL_RESET task=VideoUnmaskSwap episode=26 es=114 k=87
EVAL_RESET task=VideoUnmaskSwap episode=27 es=216 k=93
EVAL_RESET task=VideoUnmaskSwap episode=28 es=114 k=87
EVAL_RESET task=VideoUnmaskSwap episode=29 es=114 k=87
EVAL_RESET task=VideoUnmaskSwap episode=30 es=168 k=90
EVAL_RESET task=VideoUnmaskSwap episode=31 es=168 k=90
EVAL_RESET task=VideoUnmaskSwap episode=32 es=114 k=87
EVAL_RESET task=VideoUnmaskSwap episode=33 es=168 k=90
EVAL_RESET task=VideoUnmaskSwap episode=34 es=114 k=87
EVAL_RESET task=VideoUnmaskSwap episode=35 es=168 k=90
EVAL_RESET task=VideoUnmaskSwap episode=36 es=114 k=87
EVAL_RESET task=VideoUnmaskSwap episode=37 es=114 k=87
EVAL_RESET task=VideoUnmaskSwap episode=38 es=168 k=90
EVAL_RESET task=VideoUnmaskSwap episode=39 es=216 k=93
EVAL_RESET task=VideoUnmaskSwap episode=40 es=114 k=87
EVAL_RESET task=VideoUnmaskSwap episode=41 es=168 k=90
EVAL_RESET task=VideoUnmaskSwap episode=42 es=114 k=87
EVAL_RESET task=VideoUnmaskSwap episode=43 es=168 k=90
EVAL_RESET task=VideoUnmaskSwap episode=44 es=168 k=90
EVAL_RESET task=VideoUnmaskSwap episode=45 es=168 k=90
EVAL_RESET task=VideoUnmaskSwap episode=46 es=168 k=90
EVAL_RESET task=VideoUnmaskSwap episode=47 es=216 k=93
EVAL_RESET task=VideoUnmaskSwap episode=48 es=114 k=87
EVAL_RESET task=VideoUnmaskSwap episode=49 es=114 k=87
EVAL_RESET_DONE task=VideoUnmaskSwap episodes=50 complete=1
TASK_EXIT_CODE=0 task=VideoUnmaskSwap
warning: The `tool.uv.dev-dependencies` field (used in `packages/openpi-client/pyproject.toml`) is deprecated and will be removed in a future release; use `dependency-groups.dev` instead
EVAL_ES_BOUND=PASS tasks=4 episodes=200 es_max=383 budget=160 headroom=57
END_UTC=2026-09-17T22:25:40Z
EXIT_CODE=0
