/home/hongzefu/.local/bin/uv
LOCAL_GPU_IDLE=PASS device=1
START_UTC=2026-09-18T06:54:42Z
sled-vail
ccac38cb1548c67c53c9fb7fdd1dd8803cde37be
 b4e97f22fe007078e297205898c07c1acbc69165 third_party/robomme_benchmark (heads/PolicyEvalThirdParty-v2-vail-eval-0917)
uv 0.10.2
name, uuid, memory.used [MiB], compute_mode
NVIDIA RTX 6000 Ada Generation, GPU-590b693c-56db-a2b6-c4e3-5e20108f92d7, 1017 MiB, Default
NVIDIA RTX 6000 Ada Generation, GPU-c58b7cba-c0e5-971b-e77a-0dd73bf26a9e, 9 MiB, Default
REPO=/nfs/turbo/coe-chaijy-unreplicated/hongzefu/robomme_policy_learning_MotionJEPA SLURM_JOB_ID=local ARRAY_TASK=none SHARD=smoke CUDA_VISIBLE_DEVICES=1
PLAN=/nfs/turbo/coe-chaijy-unreplicated/hongzefu/robomme_policy_learning_MotionJEPA/v1-store/evaluation/primary700-smoke-local/plans/smoke2.json episodes=2 chunk=1
/nfs/turbo/coe-chaijy-unreplicated/hongzefu/robomme_policy_learning_MotionJEPA/v1-store/envs/policy-eval-client/lib/python3.11/site-packages/torch/cuda/__init__.py:63: FutureWarning: The pynvml package is deprecated. Please install nvidia-ml-py instead. If you did not install pynvml directly, please report this to the maintainers of the package that installed pynvml for you.
  import pynvml  # type: ignore[import]
SOURCES_PASS {"python": "/nfs/turbo/coe-chaijy-unreplicated/hongzefu/robomme_policy_learning_MotionJEPA/v1-store/envs/policy-eval-client/bin/python3", "benchmark": "b4e97f22fe007078e297205898c07c1acbc69165", "robomme": "/nfs/turbo/coe-chaijy-unreplicated/hongzefu/robomme_policy_learning_MotionJEPA/third_party/robomme_benchmark/src/robomme/__init__.py", "openpi_client": "/nfs/turbo/coe-chaijy-unreplicated/hongzefu/robomme_policy_learning_MotionJEPA/packages/openpi-client/src/openpi_client/__init__.py", "candidates": {"run_id": "20260912-contract-v3-10", "identity_sha256": "3b4de03a0b4639181f9c68086aea11e9b51ffcb65bbed701a44f573e74e0beb7", "groups": 14, "primary": 700}, "probe": {"key": ["RouteStick", "xhard", 115], "seed": 27500, "spec_sha256": "ae9abaed203437030b6237478f35e80df26d6811e34054e7c944a11ae4126d93"}, "official_routestick_ep0": {"task": "RouteStick", "episode": 0, "seed": 660000, "difficulty": "easy"}}
/nfs/turbo/coe-chaijy-unreplicated/hongzefu/robomme_policy_learning_MotionJEPA/v1-store/envs/policy-eval-client/lib/python3.11/site-packages/torch/cuda/__init__.py:63: FutureWarning: The pynvml package is deprecated. Please install nvidia-ml-py instead. If you did not install pynvml directly, please report this to the maintainers of the package that installed pynvml for you.
  import pynvml  # type: ignore[import]
RENDER_PASS {"render_pass": true, "task": "BinFill", "episode": 0, "status": "ongoing", "frames": [{"shape": [256, 256, 3], "std": 53.09643729088601}, {"shape": [256, 256, 3], "std": 52.75876086672221}, {"shape": [256, 256, 3], "std": 53.09674462593213}, {"shape": [256, 256, 3], "std": 52.013364007753225}]}
warning: The `tool.uv.dev-dependencies` field (used in `packages/openpi-client/pyproject.toml`) is deprecated and will be removed in a future release; use `dependency-groups.dev` instead
SERVER_SOURCE /nfs/turbo/coe-chaijy-unreplicated/hongzefu/robomme_policy_learning_MotionJEPA/v1-store/envs/policy-eval-server/bin/python3 /nfs/turbo/coe-chaijy-unreplicated/hongzefu/robomme_policy_learning_MotionJEPA/src/mme_vla_suite/policies/policy_config.py /nfs/turbo/coe-chaijy-unreplicated/hongzefu/robomme_policy_learning_MotionJEPA/src/openpi/models/model.py
max_token_len:  64
====== Using History, Representation Type: perceptual , Integration Type: modulation ======
Perceptual Memory using frame_sampling type

PARAM_TREE_EXACT=PASS n_model=61 n_ckpt=61 missing=0 extra=0 shape_mismatch=0
HISTORY_CONFIG=PASS NORM_STATS=PASS MOTION_DISABLED=PASS
LOCAL_GPU_IDLE=PASS device=1
SERVER_READY port=18011 pid=1069052 own=1 tree=1069052 1069064 
CHUNK_START 1/2
/nfs/turbo/coe-chaijy-unreplicated/hongzefu/robomme_policy_learning_MotionJEPA/v1-store/envs/policy-eval-client/lib/python3.11/site-packages/torch/cuda/__init__.py:63: FutureWarning: The pynvml package is deprecated. Please install nvidia-ml-py instead. If you did not install pynvml directly, please report this to the maintainers of the package that installed pynvml for you.
  import pynvml  # type: ignore[import]

[robomme] env for RouteStick/xhard episode 115 setup finished
Warning: link 'camera_link' material 'aluminum' undefined.
         at line 85 in /workspace/urdfdom/urdf_parser/src/model.cpp
Warning: link 'camera_link' material 'aluminum' undefined.
         at line 85 in /workspace/urdfdom/urdf_parser/src/model.cpp
Warning: link 'camera_link' material 'aluminum' undefined.
         at line 85 in /workspace/urdfdom/urdf_parser/src/model.cpp
Warning: link 'camera_link' material 'aluminum' undefined.
         at line 85 in /workspace/urdfdom/urdf_parser/src/model.cpp
task_goal: watch the video carefully, then use the stick attached to the robot to navigate around the sticks on the table, following the same path
exec_start_idx: 450
[robomme] 本进程已新评 1 集，达到 max_new_episodes，正常退出
CHUNK_DONE 1/2
CHUNK_START 2/2
/nfs/turbo/coe-chaijy-unreplicated/hongzefu/robomme_policy_learning_MotionJEPA/v1-store/envs/policy-eval-client/lib/python3.11/site-packages/torch/cuda/__init__.py:63: FutureWarning: The pynvml package is deprecated. Please install nvidia-ml-py instead. If you did not install pynvml directly, please report this to the maintainers of the package that installed pynvml for you.
  import pynvml  # type: ignore[import]
we will resume the evaluation

[robomme] env for BinFill/hard episode 153 setup finished
task_goal: put two red cubes and two green cubes into the bin, then press the button to stop
exec_start_idx: 0
[robomme] 本进程已新评 1 集，达到 max_new_episodes，正常退出
CHUNK_DONE 2/2
SHARD_PASS {"pipeline_pass": true, "shard_tag": "smoke", "identity_sha256": "", "episodes": 2, "evaluated": 2, "successes": 1, "errors": [], "groups": {"BinFill/hard": {"episodes": 1, "successes": 1, "errors": 0}, "RouteStick/xhard": {"episodes": 1, "successes": 0, "errors": 0}}}
SHARD_DONE run=primary700-smoke-local shard=smoke episodes=2
END_UTC=2026-09-18T06:59:02Z
EXIT_CODE=0
EXIT_CODE=0
