BUILD_HEAD=f6915f2a09443d48c1bb57e9b5f83e95400704fd
STAGE=oracle
START_UTC=2026-09-18T02:02:51Z
LIB=/scratch/hongze/robomme_policy_learning_MotionJEPA/v1-store/datasets/4task-v2-1600ep-604f16da
RAW=/scratch/hongze/robomme_policy_learning_MotionJEPA/v1-store/raw-h5/4task-20260912-v2
ENC=/scratch/hongze/robomme_policy_learning_MotionJEPA/v1-store/external/motionjepa/wan-full1600-filter2-b176x4-72ep-a
[oracle-enc] ckpt=0c1986297ccc0ab1… epoch=72 amp=bf16 tensors=77 affine_finite=True
ORACLE_ENCODER=DONE rows=71316 elapsed=753s
ORACLE_SHARD_PID=337371 shard=0
ORACLE_SHARD_PID=337372 shard=1
ORACLE_SHARD_PID=337374 shard=2
ORACLE_SHARD_PID=337377 shard=3
ORACLE_SHARD_PID=337380 shard=4
ORACLE_SHARD_PID=337383 shard=5
ORACLE_SHARD_PID=337386 shard=6
ORACLE_SHARD_PID=337389 shard=7
Cannot initialize model with low cpu memory usage because `accelerate` was not found in the environment. Defaulting to `low_cpu_mem_usage=False`. It is strongly recommended to install `accelerate` for faster and less memory-intense model loading. You can do so with:
```
pip install accelerate
```
.
/scratch/hongze/MotionJEPA/.venv/lib/python3.12/site-packages/huggingface_hub/utils/_validators.py:205: UserWarning: The `local_dir_use_symlinks` argument is deprecated and ignored in `hf_hub_download`. Downloading to a local directory does not use symlinks anymore.
  warnings.warn(
Cannot initialize model with low cpu memory usage because `accelerate` was not found in the environment. Defaulting to `low_cpu_mem_usage=False`. It is strongly recommended to install `accelerate` for faster and less memory-intense model loading. You can do so with:
```
pip install accelerate
```
.
/scratch/hongze/MotionJEPA/.venv/lib/python3.12/site-packages/huggingface_hub/utils/_validators.py:205: UserWarning: The `local_dir_use_symlinks` argument is deprecated and ignored in `hf_hub_download`. Downloading to a local directory does not use symlinks anymore.
  warnings.warn(
Cannot initialize model with low cpu memory usage because `accelerate` was not found in the environment. Defaulting to `low_cpu_mem_usage=False`. It is strongly recommended to install `accelerate` for faster and less memory-intense model loading. You can do so with:
```
pip install accelerate
```
.
/scratch/hongze/MotionJEPA/.venv/lib/python3.12/site-packages/huggingface_hub/utils/_validators.py:205: UserWarning: The `local_dir_use_symlinks` argument is deprecated and ignored in `hf_hub_download`. Downloading to a local directory does not use symlinks anymore.
  warnings.warn(
Cannot initialize model with low cpu memory usage because `accelerate` was not found in the environment. Defaulting to `low_cpu_mem_usage=False`. It is strongly recommended to install `accelerate` for faster and less memory-intense model loading. You can do so with:
```
pip install accelerate
```
.
/scratch/hongze/MotionJEPA/.venv/lib/python3.12/site-packages/huggingface_hub/utils/_validators.py:205: UserWarning: The `local_dir_use_symlinks` argument is deprecated and ignored in `hf_hub_download`. Downloading to a local directory does not use symlinks anymore.
  warnings.warn(
Cannot initialize model with low cpu memory usage because `accelerate` was not found in the environment. Defaulting to `low_cpu_mem_usage=False`. It is strongly recommended to install `accelerate` for faster and less memory-intense model loading. You can do so with:
```
pip install accelerate
```
.
/scratch/hongze/MotionJEPA/.venv/lib/python3.12/site-packages/huggingface_hub/utils/_validators.py:205: UserWarning: The `local_dir_use_symlinks` argument is deprecated and ignored in `hf_hub_download`. Downloading to a local directory does not use symlinks anymore.
  warnings.warn(
Cannot initialize model with low cpu memory usage because `accelerate` was not found in the environment. Defaulting to `low_cpu_mem_usage=False`. It is strongly recommended to install `accelerate` for faster and less memory-intense model loading. You can do so with:
```
pip install accelerate
```
.
/scratch/hongze/MotionJEPA/.venv/lib/python3.12/site-packages/huggingface_hub/utils/_validators.py:205: UserWarning: The `local_dir_use_symlinks` argument is deprecated and ignored in `hf_hub_download`. Downloading to a local directory does not use symlinks anymore.
  warnings.warn(
Cannot initialize model with low cpu memory usage because `accelerate` was not found in the environment. Defaulting to `low_cpu_mem_usage=False`. It is strongly recommended to install `accelerate` for faster and less memory-intense model loading. You can do so with:
```
pip install accelerate
```
.
/scratch/hongze/MotionJEPA/.venv/lib/python3.12/site-packages/huggingface_hub/utils/_validators.py:205: UserWarning: The `local_dir_use_symlinks` argument is deprecated and ignored in `hf_hub_download`. Downloading to a local directory does not use symlinks anymore.
  warnings.warn(
Cannot initialize model with low cpu memory usage because `accelerate` was not found in the environment. Defaulting to `low_cpu_mem_usage=False`. It is strongly recommended to install `accelerate` for faster and less memory-intense model loading. You can do so with:
```
pip install accelerate
```
.
/scratch/hongze/MotionJEPA/.venv/lib/python3.12/site-packages/huggingface_hub/utils/_validators.py:205: UserWarning: The `local_dir_use_symlinks` argument is deprecated and ignored in `hf_hub_download`. Downloading to a local directory does not use symlinks anymore.
  warnings.warn(
[oracle-vae] 原版模块 /scratch/hongze/MotionJEPA/scripts/inference-example/wan_motion_infer.py sha256=af67fdd913543aee… vae_state=9980d252230c265c… segments=400 shard=5/8
[oracle-vae] 原版模块 /scratch/hongze/MotionJEPA/scripts/inference-example/wan_motion_infer.py sha256=af67fdd913543aee… vae_state=9980d252230c265c… segments=400 shard=4/8
[oracle-vae] 原版模块 /scratch/hongze/MotionJEPA/scripts/inference-example/wan_motion_infer.py sha256=af67fdd913543aee… vae_state=9980d252230c265c… segments=400 shard=2/8
[oracle-vae] 原版模块 /scratch/hongze/MotionJEPA/scripts/inference-example/wan_motion_infer.py sha256=af67fdd913543aee… vae_state=9980d252230c265c… segments=400 shard=6/8
[oracle-vae] 原版模块 /scratch/hongze/MotionJEPA/scripts/inference-example/wan_motion_infer.py sha256=af67fdd913543aee… vae_state=9980d252230c265c… segments=400 shard=0/8
[oracle-vae] 原版模块 /scratch/hongze/MotionJEPA/scripts/inference-example/wan_motion_infer.py sha256=af67fdd913543aee… vae_state=9980d252230c265c… segments=400 shard=1/8
[oracle-vae] 原版模块 /scratch/hongze/MotionJEPA/scripts/inference-example/wan_motion_infer.py sha256=af67fdd913543aee… vae_state=9980d252230c265c… segments=400 shard=3/8
[oracle-vae] 原版模块 /scratch/hongze/MotionJEPA/scripts/inference-example/wan_motion_infer.py sha256=af67fdd913543aee… vae_state=9980d252230c265c… segments=400 shard=7/8
[oracle-vae] 10/400 段, windows=32 frame_mismatches=0 (53s)
[oracle-vae] 10/400 段, windows=34 frame_mismatches=0 (54s)
[oracle-vae] 10/400 段, windows=33 frame_mismatches=0 (54s)
[oracle-vae] 10/400 段, windows=34 frame_mismatches=0 (54s)
[oracle-vae] 10/400 段, windows=35 frame_mismatches=0 (55s)
[oracle-vae] 10/400 段, windows=41 frame_mismatches=0 (64s)
[oracle-vae] 10/400 段, windows=42 frame_mismatches=0 (67s)
[oracle-vae] 10/400 段, windows=45 frame_mismatches=0 (71s)
[oracle-vae] 20/400 段, windows=55 frame_mismatches=0 (90s)
[oracle-vae] 20/400 段, windows=57 frame_mismatches=0 (93s)
[oracle-vae] 20/400 段, windows=59 frame_mismatches=0 (97s)
[oracle-vae] 20/400 段, windows=63 frame_mismatches=0 (102s)
[oracle-vae] 20/400 段, windows=67 frame_mismatches=0 (107s)
[oracle-vae] 20/400 段, windows=76 frame_mismatches=0 (120s)
[oracle-vae] 20/400 段, windows=78 frame_mismatches=0 (124s)
[oracle-vae] 30/400 段, windows=79 frame_mismatches=0 (130s)
[oracle-vae] 20/400 段, windows=82 frame_mismatches=0 (129s)
[oracle-vae] 30/400 段, windows=86 frame_mismatches=0 (142s)
[oracle-vae] 30/400 段, windows=93 frame_mismatches=0 (151s)
[oracle-vae] 30/400 段, windows=93 frame_mismatches=0 (151s)
[oracle-vae] 30/400 段, windows=105 frame_mismatches=0 (167s)
[oracle-vae] 30/400 段, windows=110 frame_mismatches=0 (175s)
[oracle-vae] 30/400 段, windows=113 frame_mismatches=0 (180s)
[oracle-vae] 40/400 段, windows=115 frame_mismatches=0 (189s)
[oracle-vae] 40/400 段, windows=120 frame_mismatches=0 (198s)
[oracle-vae] 30/400 段, windows=129 frame_mismatches=0 (203s)
[oracle-vae] 40/400 段, windows=131 frame_mismatches=0 (212s)
[oracle-vae] 40/400 段, windows=133 frame_mismatches=0 (215s)
[oracle-vae] 40/400 段, windows=144 frame_mismatches=0 (231s)
[oracle-vae] 40/400 段, windows=154 frame_mismatches=0 (245s)
[oracle-vae] 50/400 段, windows=153 frame_mismatches=0 (252s)
[oracle-vae] 50/400 段, windows=155 frame_mismatches=0 (256s)
[oracle-vae] 40/400 段, windows=167 frame_mismatches=0 (264s)
[oracle-vae] 40/400 段, windows=168 frame_mismatches=0 (266s)
[oracle-vae] 50/400 段, windows=164 frame_mismatches=0 (266s)
[oracle-vae] 50/400 段, windows=176 frame_mismatches=0 (285s)
[oracle-vae] 50/400 段, windows=195 frame_mismatches=0 (310s)
[oracle-vae] 50/400 段, windows=194 frame_mismatches=0 (311s)
[oracle-vae] 60/400 段, windows=190 frame_mismatches=0 (314s)
[oracle-vae] 50/400 段, windows=204 frame_mismatches=0 (326s)
[oracle-vae] 60/400 段, windows=201 frame_mismatches=0 (330s)
[oracle-vae] 60/400 段, windows=205 frame_mismatches=0 (333s)
[oracle-vae] 60/400 段, windows=207 frame_mismatches=0 (337s)
[oracle-vae] 50/400 段, windows=220 frame_mismatches=0 (350s)
[oracle-vae] 70/400 段, windows=223 frame_mismatches=0 (371s)
[oracle-vae] 60/400 段, windows=242 frame_mismatches=0 (385s)
[oracle-vae] 70/400 段, windows=238 frame_mismatches=0 (390s)
[oracle-vae] 70/400 段, windows=240 frame_mismatches=0 (395s)
[oracle-vae] 60/400 段, windows=250 frame_mismatches=0 (399s)
[oracle-vae] 70/400 段, windows=248 frame_mismatches=0 (403s)
[oracle-vae] 60/400 段, windows=256 frame_mismatches=0 (408s)
[oracle-vae] 60/400 段, windows=265 frame_mismatches=0 (423s)
[oracle-vae] 80/400 段, windows=280 frame_mismatches=0 (462s)
[oracle-vae] 70/400 段, windows=296 frame_mismatches=0 (471s)
[oracle-vae] 80/400 段, windows=291 frame_mismatches=0 (477s)
[oracle-vae] 70/400 段, windows=300 frame_mismatches=0 (480s)
[oracle-vae] 80/400 段, windows=295 frame_mismatches=0 (482s)
[oracle-vae] 70/400 段, windows=311 frame_mismatches=0 (495s)
[oracle-vae] 80/400 段, windows=306 frame_mismatches=0 (496s)
[oracle-vae] 70/400 段, windows=316 frame_mismatches=0 (505s)
[oracle-vae] 90/400 段, windows=324 frame_mismatches=0 (537s)
[oracle-vae] 90/400 段, windows=339 frame_mismatches=0 (556s)
[oracle-vae] 90/400 段, windows=343 frame_mismatches=0 (561s)
[oracle-vae] 90/400 段, windows=350 frame_mismatches=0 (569s)
[oracle-vae] 80/400 段, windows=360 frame_mismatches=0 (573s)
[oracle-vae] 80/400 段, windows=359 frame_mismatches=0 (574s)
[oracle-vae] 80/400 段, windows=360 frame_mismatches=0 (577s)
[oracle-vae] 100/400 段, windows=358 frame_mismatches=0 (597s)
[oracle-vae] 110/400 段, windows=365 frame_mismatches=0 (608s)
[oracle-vae] 120/400 段, windows=370 frame_mismatches=0 (617s)
[oracle-vae] 80/400 段, windows=387 frame_mismatches=0 (619s)
[oracle-vae] 130/400 段, windows=383 frame_mismatches=0 (638s)
[oracle-vae] 100/400 段, windows=391 frame_mismatches=0 (637s)
[oracle-vae] 100/400 段, windows=394 frame_mismatches=0 (645s)
[oracle-vae] 110/400 段, windows=399 frame_mismatches=0 (650s)
[oracle-vae] 90/400 段, windows=409 frame_mismatches=0 (653s)
[oracle-vae] 110/400 段, windows=399 frame_mismatches=0 (654s)
[oracle-vae] 100/400 段, windows=401 frame_mismatches=0 (654s)
[oracle-vae] 140/400 段, windows=395 frame_mismatches=0 (658s)
[oracle-vae] 110/400 段, windows=403 frame_mismatches=0 (658s)
[oracle-vae] 90/400 段, windows=411 frame_mismatches=0 (659s)
[oracle-vae] 120/400 段, windows=408 frame_mismatches=0 (664s)
[oracle-vae] 120/400 段, windows=410 frame_mismatches=0 (670s)
[oracle-vae] 120/400 段, windows=411 frame_mismatches=0 (672s)
[oracle-vae] 90/400 段, windows=420 frame_mismatches=0 (674s)
[oracle-vae] 130/400 段, windows=417 frame_mismatches=0 (679s)
[oracle-vae] 150/400 段, windows=408 frame_mismatches=0 (680s)
[oracle-vae] 130/400 段, windows=416 frame_mismatches=0 (680s)
[oracle-vae] 130/400 段, windows=424 frame_mismatches=0 (692s)
[oracle-vae] 140/400 段, windows=429 frame_mismatches=0 (698s)
[oracle-vae] 140/400 段, windows=427 frame_mismatches=0 (699s)
[oracle-vae] 140/400 段, windows=434 frame_mismatches=0 (709s)
[oracle-vae] 90/400 段, windows=445 frame_mismatches=0 (714s)
[oracle-vae] 150/400 段, windows=444 frame_mismatches=0 (722s)
[oracle-vae] 160/400 段, windows=436 frame_mismatches=0 (723s)
[oracle-vae] 150/400 段, windows=446 frame_mismatches=0 (728s)
[oracle-vae] 150/400 段, windows=449 frame_mismatches=0 (733s)
[oracle-vae] 170/400 段, windows=451 frame_mismatches=0 (749s)
[oracle-vae] 160/400 段, windows=460 frame_mismatches=0 (748s)
[oracle-vae] 100/400 段, windows=476 frame_mismatches=0 (758s)
[oracle-vae] 100/400 段, windows=472 frame_mismatches=0 (759s)
[oracle-vae] 160/400 段, windows=466 frame_mismatches=0 (760s)
[oracle-vae] 160/400 段, windows=467 frame_mismatches=0 (761s)
[oracle-vae] 100/400 段, windows=480 frame_mismatches=0 (768s)
[oracle-vae] 170/400 段, windows=474 frame_mismatches=0 (771s)
[oracle-vae] 170/400 段, windows=477 frame_mismatches=0 (779s)
[oracle-vae] 180/400 段, windows=474 frame_mismatches=0 (787s)
[oracle-vae] 110/400 段, windows=490 frame_mismatches=0 (787s)
[oracle-vae] 170/400 段, windows=483 frame_mismatches=0 (788s)
[oracle-vae] 110/400 段, windows=493 frame_mismatches=0 (788s)
[oracle-vae] 110/400 段, windows=496 frame_mismatches=0 (788s)
[oracle-vae] 180/400 段, windows=494 frame_mismatches=0 (804s)
[oracle-vae] 120/400 段, windows=504 frame_mismatches=0 (808s)
[oracle-vae] 120/400 段, windows=510 frame_mismatches=0 (809s)
[oracle-vae] 180/400 段, windows=499 frame_mismatches=0 (814s)
[oracle-vae] 180/400 段, windows=501 frame_mismatches=0 (818s)
[oracle-vae] 120/400 段, windows=514 frame_mismatches=0 (819s)
[oracle-vae] 100/400 段, windows=514 frame_mismatches=0 (826s)
[oracle-vae] 190/400 段, windows=501 frame_mismatches=0 (832s)
[oracle-vae] 130/400 段, windows=525 frame_mismatches=0 (833s)
[oracle-vae] 130/400 段, windows=524 frame_mismatches=0 (839s)
[oracle-vae] 190/400 段, windows=518 frame_mismatches=0 (843s)
[oracle-vae] 110/400 段, windows=529 frame_mismatches=0 (848s)
[oracle-vae] 130/400 段, windows=535 frame_mismatches=0 (851s)
[oracle-vae] 190/400 段, windows=525 frame_mismatches=0 (858s)
[oracle-vae] 190/400 段, windows=526 frame_mismatches=0 (858s)
[oracle-vae] 140/400 段, windows=546 frame_mismatches=0 (866s)
[oracle-vae] 120/400 段, windows=546 frame_mismatches=0 (874s)
[oracle-vae] 140/400 段, windows=546 frame_mismatches=0 (875s)
[oracle-vae] 200/400 段, windows=529 frame_mismatches=0 (878s)
[oracle-vae] 140/400 段, windows=553 frame_mismatches=0 (879s)
[oracle-vae] 200/400 段, windows=547 frame_mismatches=0 (890s)
[oracle-vae] 130/400 段, windows=564 frame_mismatches=0 (902s)
[oracle-vae] 150/400 段, windows=572 frame_mismatches=0 (905s)
[oracle-vae] 150/400 段, windows=570 frame_mismatches=0 (907s)
[oracle-vae] 200/400 段, windows=556 frame_mismatches=0 (907s)
[oracle-vae] 200/400 段, windows=556 frame_mismatches=0 (907s)
[oracle-vae] 150/400 段, windows=570 frame_mismatches=0 (912s)
[oracle-vae] 210/400 段, windows=570 frame_mismatches=0 (928s)
[oracle-vae] 210/400 段, windows=563 frame_mismatches=0 (934s)
[oracle-vae] 140/400 段, windows=583 frame_mismatches=0 (934s)
[oracle-vae] 160/400 段, windows=592 frame_mismatches=0 (941s)
[oracle-vae] 160/400 段, windows=598 frame_mismatches=0 (945s)
[oracle-vae] 210/400 段, windows=583 frame_mismatches=0 (950s)
[oracle-vae] 210/400 段, windows=584 frame_mismatches=0 (952s)
[oracle-vae] 160/400 段, windows=600 frame_mismatches=0 (964s)
[oracle-vae] 220/400 段, windows=595 frame_mismatches=0 (968s)
[oracle-vae] 150/400 段, windows=603 frame_mismatches=0 (969s)
[oracle-vae] 220/400 段, windows=585 frame_mismatches=0 (978s)
[oracle-vae] 170/400 段, windows=618 frame_mismatches=0 (982s)
[oracle-vae] 170/400 段, windows=621 frame_mismatches=0 (982s)
[oracle-vae] 220/400 段, windows=604 frame_mismatches=0 (986s)
[oracle-vae] 220/400 段, windows=610 frame_mismatches=0 (993s)
[oracle-vae] 170/400 段, windows=627 frame_mismatches=0 (1006s)
[oracle-vae] 230/400 段, windows=618 frame_mismatches=0 (1007s)
[oracle-vae] 230/400 段, windows=604 frame_mismatches=0 (1013s)
[oracle-vae] 230/400 段, windows=620 frame_mismatches=0 (1013s)
[oracle-vae] 160/400 段, windows=633 frame_mismatches=0 (1016s)
[oracle-vae] 180/400 段, windows=646 frame_mismatches=0 (1022s)
[oracle-vae] 180/400 段, windows=648 frame_mismatches=0 (1029s)
[oracle-vae] 230/400 段, windows=637 frame_mismatches=0 (1036s)
[oracle-vae] 240/400 段, windows=627 frame_mismatches=0 (1051s)
[oracle-vae] 180/400 段, windows=656 frame_mismatches=0 (1053s)
[oracle-vae] 240/400 段, windows=648 frame_mismatches=0 (1055s)
[oracle-vae] 170/400 段, windows=664 frame_mismatches=0 (1064s)
[oracle-vae] 240/400 段, windows=655 frame_mismatches=0 (1068s)
[oracle-vae] 240/400 段, windows=659 frame_mismatches=0 (1072s)
[oracle-vae] 190/400 段, windows=683 frame_mismatches=0 (1080s)
[oracle-vae] 190/400 段, windows=686 frame_mismatches=0 (1089s)
[oracle-vae] 250/400 段, windows=670 frame_mismatches=0 (1091s)
[oracle-vae] 250/400 段, windows=655 frame_mismatches=0 (1097s)
[oracle-vae] 250/400 段, windows=676 frame_mismatches=0 (1103s)
[oracle-vae] 180/400 段, windows=694 frame_mismatches=0 (1112s)
[oracle-vae] 250/400 段, windows=684 frame_mismatches=0 (1113s)
[oracle-vae] 260/400 段, windows=688 frame_mismatches=0 (1120s)
[oracle-vae] 260/400 段, windows=693 frame_mismatches=0 (1132s)
[oracle-vae] 190/400 段, windows=707 frame_mismatches=0 (1132s)
[oracle-vae] 200/400 段, windows=719 frame_mismatches=0 (1137s)
[oracle-vae] 260/400 段, windows=684 frame_mismatches=0 (1145s)
[oracle-vae] 200/400 段, windows=722 frame_mismatches=0 (1146s)
[oracle-vae] 260/400 段, windows=710 frame_mismatches=0 (1155s)
[oracle-vae] 270/400 段, windows=710 frame_mismatches=0 (1156s)
[oracle-vae] 190/400 段, windows=724 frame_mismatches=0 (1161s)
[oracle-vae] 270/400 段, windows=715 frame_mismatches=0 (1168s)
[oracle-vae] 210/400 段, windows=744 frame_mismatches=0 (1176s)
[oracle-vae] 210/400 段, windows=742 frame_mismatches=0 (1178s)
[oracle-vae] 270/400 段, windows=706 frame_mismatches=0 (1181s)
[oracle-vae] 280/400 段, windows=732 frame_mismatches=0 (1192s)
[oracle-vae] 200/400 段, windows=747 frame_mismatches=0 (1196s)
[oracle-vae] 280/400 段, windows=737 frame_mismatches=0 (1204s)
[oracle-vae] 200/400 段, windows=757 frame_mismatches=0 (1215s)
[oracle-vae] 220/400 段, windows=770 frame_mismatches=0 (1216s)
[oracle-vae] 270/400 段, windows=751 frame_mismatches=0 (1219s)
[oracle-vae] 220/400 段, windows=768 frame_mismatches=0 (1219s)
[oracle-vae] 280/400 段, windows=730 frame_mismatches=0 (1221s)
[oracle-vae] 290/400 段, windows=756 frame_mismatches=0 (1231s)
[oracle-vae] 290/400 段, windows=755 frame_mismatches=0 (1234s)
[oracle-vae] 210/400 段, windows=773 frame_mismatches=0 (1237s)
[oracle-vae] 210/400 段, windows=776 frame_mismatches=0 (1246s)
[oracle-vae] 230/400 段, windows=794 frame_mismatches=0 (1254s)
[oracle-vae] 230/400 段, windows=792 frame_mismatches=0 (1257s)
[oracle-vae] 300/400 段, windows=774 frame_mismatches=0 (1262s)
[oracle-vae] 290/400 段, windows=756 frame_mismatches=0 (1264s)
[oracle-vae] 300/400 段, windows=773 frame_mismatches=0 (1264s)
[oracle-vae] 280/400 段, windows=783 frame_mismatches=0 (1269s)
[oracle-vae] 310/400 段, windows=781 frame_mismatches=0 (1278s)
[oracle-vae] 310/400 段, windows=784 frame_mismatches=0 (1278s)
[oracle-vae] 220/400 段, windows=801 frame_mismatches=0 (1281s)
[oracle-vae] 320/400 段, windows=789 frame_mismatches=0 (1288s)
[oracle-vae] 220/400 段, windows=802 frame_mismatches=0 (1288s)
[oracle-vae] 240/400 段, windows=816 frame_mismatches=0 (1295s)
[oracle-vae] 300/400 段, windows=777 frame_mismatches=0 (1300s)
[oracle-vae] 240/400 段, windows=823 frame_mismatches=0 (1300s)
[oracle-vae] 330/400 段, windows=797 frame_mismatches=0 (1301s)
[oracle-vae] 320/400 段, windows=796 frame_mismatches=0 (1302s)
[oracle-vae] 290/400 段, windows=808 frame_mismatches=0 (1310s)
[oracle-vae] 330/400 段, windows=802 frame_mismatches=0 (1312s)
[oracle-vae] 340/400 段, windows=805 frame_mismatches=0 (1313s)
[oracle-vae] 310/400 段, windows=787 frame_mismatches=0 (1317s)
[oracle-vae] 350/400 段, windows=811 frame_mismatches=0 (1323s)
[oracle-vae] 340/400 段, windows=810 frame_mismatches=0 (1325s)
[oracle-vae] 230/400 段, windows=829 frame_mismatches=0 (1325s)
[oracle-vae] 350/400 段, windows=812 frame_mismatches=0 (1329s)
[oracle-vae] 320/400 段, windows=796 frame_mismatches=0 (1331s)
[oracle-vae] 230/400 段, windows=833 frame_mismatches=0 (1337s)
[oracle-vae] 250/400 段, windows=843 frame_mismatches=0 (1338s)
[oracle-vae] 250/400 段, windows=848 frame_mismatches=0 (1339s)
[oracle-vae] 300/400 段, windows=828 frame_mismatches=0 (1343s)
[oracle-vae] 330/400 段, windows=809 frame_mismatches=0 (1352s)
[oracle-vae] 360/400 段, windows=831 frame_mismatches=0 (1354s)
[oracle-vae] 310/400 段, windows=835 frame_mismatches=0 (1355s)
[oracle-vae] 340/400 段, windows=813 frame_mismatches=0 (1359s)
[oracle-vae] 360/400 段, windows=831 frame_mismatches=0 (1359s)
[oracle-vae] 350/400 段, windows=818 frame_mismatches=0 (1367s)
[oracle-vae] 240/400 段, windows=857 frame_mismatches=0 (1370s)
[oracle-vae] 320/400 段, windows=844 frame_mismatches=0 (1370s)
[oracle-vae] 240/400 段, windows=855 frame_mismatches=0 (1373s)
[oracle-vae] 370/400 段, windows=847 frame_mismatches=0 (1380s)
[oracle-vae] 370/400 段, windows=844 frame_mismatches=0 (1380s)
[oracle-vae] 260/400 段, windows=876 frame_mismatches=0 (1389s)
[oracle-vae] 360/400 段, windows=832 frame_mismatches=0 (1391s)
[oracle-vae] 330/400 段, windows=857 frame_mismatches=0 (1390s)
[oracle-vae] 260/400 段, windows=882 frame_mismatches=0 (1392s)
[oracle-vae] 340/400 段, windows=865 frame_mismatches=0 (1402s)
[oracle-vae] 350/400 段, windows=869 frame_mismatches=0 (1409s)
[oracle-vae] 380/400 段, windows=864 frame_mismatches=0 (1412s)
[oracle-vae] 370/400 段, windows=848 frame_mismatches=0 (1417s)
[oracle-vae] 380/400 段, windows=870 frame_mismatches=0 (1417s)
[oracle-vae] 250/400 段, windows=890 frame_mismatches=0 (1422s)
[oracle-vae] 250/400 段, windows=888 frame_mismatches=0 (1425s)
[oracle-vae] 270/400 段, windows=903 frame_mismatches=0 (1433s)
[oracle-vae] 390/400 段, windows=883 frame_mismatches=0 (1439s)
[oracle-vae] 360/400 段, windows=888 frame_mismatches=0 (1439s)
[oracle-vae] 390/400 段, windows=882 frame_mismatches=0 (1441s)
[oracle-vae] 270/400 段, windows=914 frame_mismatches=0 (1442s)
[oracle-vae] 380/400 段, windows=865 frame_mismatches=0 (1445s)
[oracle-vae] 370/400 段, windows=905 frame_mismatches=0 (1467s)
[oracle-vae] 400/400 段, windows=901 frame_mismatches=0 (1467s)
ORACLE_VAE=DONE shard=3/8 metadata_rows=8796 windows=901 frame_mismatches=0 metadata_mismatches=0 elapsed=1467s
SHARD_EXIT_CODE=0 shard=3
[oracle-vae] 260/400 段, windows=915 frame_mismatches=0 (1469s)
[oracle-vae] 400/400 段, windows=901 frame_mismatches=0 (1471s)
ORACLE_VAE=DONE shard=1/8 metadata_rows=8957 windows=901 frame_mismatches=0 metadata_mismatches=0 elapsed=1471s
SHARD_EXIT_CODE=0 shard=1
[oracle-vae] 390/400 段, windows=885 frame_mismatches=0 (1477s)
[oracle-vae] 260/400 段, windows=926 frame_mismatches=0 (1478s)
[oracle-vae] 280/400 段, windows=931 frame_mismatches=0 (1478s)
[oracle-vae] 280/400 段, windows=944 frame_mismatches=0 (1491s)
[oracle-vae] 380/400 段, windows=921 frame_mismatches=0 (1492s)
[oracle-vae] 400/400 段, windows=902 frame_mismatches=0 (1505s)
ORACLE_VAE=DONE shard=5/8 metadata_rows=8680 windows=902 frame_mismatches=0 metadata_mismatches=0 elapsed=1505s
SHARD_EXIT_CODE=0 shard=5
[oracle-vae] 390/400 段, windows=936 frame_mismatches=0 (1517s)
[oracle-vae] 270/400 段, windows=949 frame_mismatches=0 (1523s)
[oracle-vae] 270/400 段, windows=962 frame_mismatches=0 (1535s)
[oracle-vae] 290/400 段, windows=971 frame_mismatches=0 (1541s)
[oracle-vae] 400/400 段, windows=952 frame_mismatches=0 (1543s)
ORACLE_VAE=DONE shard=7/8 metadata_rows=8970 windows=952 frame_mismatches=0 metadata_mismatches=0 elapsed=1543s
SHARD_EXIT_CODE=0 shard=7
[oracle-vae] 290/400 段, windows=978 frame_mismatches=0 (1545s)
[oracle-vae] 280/400 段, windows=982 frame_mismatches=0 (1577s)
[oracle-vae] 280/400 段, windows=1000 frame_mismatches=0 (1595s)
[oracle-vae] 300/400 段, windows=1015 frame_mismatches=0 (1609s)
[oracle-vae] 300/400 段, windows=1020 frame_mismatches=0 (1610s)
[oracle-vae] 310/400 段, windows=1035 frame_mismatches=0 (1633s)
[oracle-vae] 290/400 段, windows=1018 frame_mismatches=0 (1635s)
[oracle-vae] 310/400 段, windows=1032 frame_mismatches=0 (1635s)
[oracle-vae] 290/400 段, windows=1038 frame_mismatches=0 (1656s)
[oracle-vae] 320/400 段, windows=1050 frame_mismatches=0 (1662s)
[oracle-vae] 320/400 段, windows=1055 frame_mismatches=0 (1664s)
[oracle-vae] 300/400 段, windows=1046 frame_mismatches=0 (1681s)
[oracle-vae] 330/400 段, windows=1071 frame_mismatches=0 (1688s)
[oracle-vae] 330/400 段, windows=1067 frame_mismatches=0 (1689s)
[oracle-vae] 310/400 段, windows=1063 frame_mismatches=0 (1707s)
[oracle-vae] 340/400 段, windows=1086 frame_mismatches=0 (1718s)
[oracle-vae] 340/400 段, windows=1091 frame_mismatches=0 (1718s)
[oracle-vae] 300/400 段, windows=1085 frame_mismatches=0 (1730s)
[oracle-vae] 320/400 段, windows=1080 frame_mismatches=0 (1733s)
[oracle-vae] 350/400 段, windows=1100 frame_mismatches=0 (1739s)
[oracle-vae] 350/400 段, windows=1112 frame_mismatches=0 (1750s)
[oracle-vae] 310/400 段, windows=1105 frame_mismatches=0 (1760s)
[oracle-vae] 330/400 段, windows=1101 frame_mismatches=0 (1765s)
[oracle-vae] 360/400 段, windows=1118 frame_mismatches=0 (1767s)
[oracle-vae] 360/400 段, windows=1132 frame_mismatches=0 (1780s)
[oracle-vae] 320/400 段, windows=1121 frame_mismatches=0 (1784s)
[oracle-vae] 340/400 段, windows=1119 frame_mismatches=0 (1792s)
[oracle-vae] 370/400 段, windows=1139 frame_mismatches=0 (1800s)
[oracle-vae] 370/400 段, windows=1147 frame_mismatches=0 (1804s)
[oracle-vae] 330/400 段, windows=1138 frame_mismatches=0 (1810s)
[oracle-vae] 350/400 段, windows=1136 frame_mismatches=0 (1818s)
[oracle-vae] 380/400 段, windows=1162 frame_mismatches=0 (1836s)
[oracle-vae] 340/400 段, windows=1159 frame_mismatches=0 (1841s)
[oracle-vae] 380/400 段, windows=1176 frame_mismatches=0 (1849s)
[oracle-vae] 360/400 段, windows=1159 frame_mismatches=0 (1853s)
[oracle-vae] 350/400 段, windows=1175 frame_mismatches=0 (1866s)
[oracle-vae] 370/400 段, windows=1177 frame_mismatches=0 (1882s)
[oracle-vae] 390/400 段, windows=1192 frame_mismatches=0 (1882s)
[oracle-vae] 390/400 段, windows=1205 frame_mismatches=0 (1893s)
[oracle-vae] 360/400 段, windows=1195 frame_mismatches=0 (1897s)
[oracle-vae] 380/400 段, windows=1197 frame_mismatches=0 (1913s)
[oracle-vae] 400/400 段, windows=1214 frame_mismatches=0 (1917s)
ORACLE_VAE=DONE shard=0/8 metadata_rows=9132 windows=1214 frame_mismatches=0 metadata_mismatches=0 elapsed=1917s
SHARD_EXIT_CODE=0 shard=0
[oracle-vae] 370/400 段, windows=1212 frame_mismatches=0 (1923s)
[oracle-vae] 400/400 段, windows=1227 frame_mismatches=0 (1928s)
ORACLE_VAE=DONE shard=2/8 metadata_rows=8898 windows=1227 frame_mismatches=0 metadata_mismatches=0 elapsed=1928s
SHARD_EXIT_CODE=0 shard=2
[oracle-vae] 390/400 段, windows=1226 frame_mismatches=0 (1959s)
[oracle-vae] 380/400 段, windows=1238 frame_mismatches=0 (1964s)
[oracle-vae] 400/400 段, windows=1252 frame_mismatches=0 (2000s)
ORACLE_VAE=DONE shard=6/8 metadata_rows=9070 windows=1252 frame_mismatches=0 metadata_mismatches=0 elapsed=2000s
SHARD_EXIT_CODE=0 shard=6
[oracle-vae] 390/400 段, windows=1263 frame_mismatches=0 (2003s)
[oracle-vae] 400/400 段, windows=1283 frame_mismatches=0 (2036s)
ORACLE_VAE=DONE shard=4/8 metadata_rows=8813 windows=1283 frame_mismatches=0 metadata_mismatches=0 elapsed=2036s
SHARD_EXIT_CODE=0 shard=4
ORACLE_VAE=DONE metadata_rows=71316 windows=8632 frame_mismatches=0 metadata_mismatches=0 elapsed=2036s shards=8
ORACLE_AGGREGATE=DONE kinds=vae shards=8
BUILD_STAGE_DONE=oracle
END_UTC=2026-09-18T02:49:42Z
EXIT_CODE=0
